Component: ARM Compiler 5.06 update 5 (build 528) Tool: armlink [4d35e2]

==============================================================================

Section Cross References

    startup_stm32f103xb.o(RESET) refers to startup_stm32f103xb.o(STACK) for __initial_sp
    startup_stm32f103xb.o(RESET) refers to startup_stm32f103xb.o(.text) for Reset_Handler
    startup_stm32f103xb.o(RESET) refers to stm32f1xx_it.o(i.NMI_Handler) for NMI_Handler
    startup_stm32f103xb.o(RESET) refers to stm32f1xx_it.o(i.HardFault_Handler) for HardFault_Handler
    startup_stm32f103xb.o(RESET) refers to stm32f1xx_it.o(i.MemManage_Handler) for MemManage_Handler
    startup_stm32f103xb.o(RESET) refers to stm32f1xx_it.o(i.BusFault_Handler) for BusFault_Handler
    startup_stm32f103xb.o(RESET) refers to stm32f1xx_it.o(i.UsageFault_Handler) for UsageFault_Handler
    startup_stm32f103xb.o(RESET) refers to port.o(.emb_text) for SVC_Handler
    startup_stm32f103xb.o(RESET) refers to stm32f1xx_it.o(i.DebugMon_Handler) for DebugMon_Handler
    startup_stm32f103xb.o(RESET) refers to stm32f1xx_it.o(i.SysTick_Handler) for SysTick_Handler
    startup_stm32f103xb.o(RESET) refers to stm32f1xx_it.o(i.DMA1_Channel1_IRQHandler) for DMA1_Channel1_IRQHandler
    startup_stm32f103xb.o(.text) refers to system_stm32f1xx.o(i.SystemInit) for SystemInit
    startup_stm32f103xb.o(.text) refers to entry.o(.ARM.Collect$$$$00000000) for __main
    main.o(i.SystemClock_Config) refers to memseta.o(.text) for __aeabi_memclr4
    main.o(i.SystemClock_Config) refers to stm32f1xx_hal_rcc.o(i.HAL_RCC_OscConfig) for HAL_RCC_OscConfig
    main.o(i.SystemClock_Config) refers to main.o(i.Error_Handler) for Error_Handler
    main.o(i.SystemClock_Config) refers to stm32f1xx_hal_rcc.o(i.HAL_RCC_ClockConfig) for HAL_RCC_ClockConfig
    main.o(i.SystemClock_Config) refers to stm32f1xx_hal_rcc_ex.o(i.HAL_RCCEx_PeriphCLKConfig) for HAL_RCCEx_PeriphCLKConfig
    main.o(i.main) refers to stm32f1xx_hal.o(i.HAL_Init) for HAL_Init
    main.o(i.main) refers to main.o(i.SystemClock_Config) for SystemClock_Config
    main.o(i.main) refers to gpio.o(i.MX_GPIO_Init) for MX_GPIO_Init
    main.o(i.main) refers to dma.o(i.MX_DMA_Init) for MX_DMA_Init
    main.o(i.main) refers to spi.o(i.MX_SPI1_Init) for MX_SPI1_Init
    main.o(i.main) refers to usart.o(i.MX_USART1_UART_Init) for MX_USART1_UART_Init
    main.o(i.main) refers to adc.o(i.MX_ADC1_Init) for MX_ADC1_Init
    main.o(i.main) refers to si24r1.o(i.SI24R1_Init) for SI24R1_Init
    main.o(i.main) refers to app_rtos_task.o(i.App_RTOS_Start) for App_RTOS_Start
    gpio.o(i.MX_GPIO_Init) refers to stm32f1xx_hal_gpio.o(i.HAL_GPIO_WritePin) for HAL_GPIO_WritePin
    gpio.o(i.MX_GPIO_Init) refers to stm32f1xx_hal_gpio.o(i.HAL_GPIO_Init) for HAL_GPIO_Init
    adc.o(i.HAL_ADC_MspDeInit) refers to stm32f1xx_hal_gpio.o(i.HAL_GPIO_DeInit) for HAL_GPIO_DeInit
    adc.o(i.HAL_ADC_MspDeInit) refers to stm32f1xx_hal_dma.o(i.HAL_DMA_DeInit) for HAL_DMA_DeInit
    adc.o(i.HAL_ADC_MspInit) refers to stm32f1xx_hal_gpio.o(i.HAL_GPIO_Init) for HAL_GPIO_Init
    adc.o(i.HAL_ADC_MspInit) refers to stm32f1xx_hal_dma.o(i.HAL_DMA_Init) for HAL_DMA_Init
    adc.o(i.HAL_ADC_MspInit) refers to main.o(i.Error_Handler) for Error_Handler
    adc.o(i.HAL_ADC_MspInit) refers to adc.o(.bss) for hdma_adc1
    adc.o(i.MX_ADC1_Init) refers to stm32f1xx_hal_adc.o(i.HAL_ADC_Init) for HAL_ADC_Init
    adc.o(i.MX_ADC1_Init) refers to main.o(i.Error_Handler) for Error_Handler
    adc.o(i.MX_ADC1_Init) refers to stm32f1xx_hal_adc.o(i.HAL_ADC_ConfigChannel) for HAL_ADC_ConfigChannel
    adc.o(i.MX_ADC1_Init) refers to adc.o(.bss) for hadc1
    dma.o(i.MX_DMA_Init) refers to stm32f1xx_hal_cortex.o(i.HAL_NVIC_SetPriority) for HAL_NVIC_SetPriority
    dma.o(i.MX_DMA_Init) refers to stm32f1xx_hal_cortex.o(i.HAL_NVIC_EnableIRQ) for HAL_NVIC_EnableIRQ
    spi.o(i.HAL_SPI_MspDeInit) refers to stm32f1xx_hal_gpio.o(i.HAL_GPIO_DeInit) for HAL_GPIO_DeInit
    spi.o(i.HAL_SPI_MspInit) refers to stm32f1xx_hal_gpio.o(i.HAL_GPIO_Init) for HAL_GPIO_Init
    spi.o(i.MX_SPI1_Init) refers to stm32f1xx_hal_spi.o(i.HAL_SPI_Init) for HAL_SPI_Init
    spi.o(i.MX_SPI1_Init) refers to main.o(i.Error_Handler) for Error_Handler
    spi.o(i.MX_SPI1_Init) refers to spi.o(.bss) for hspi1
    usart.o(i.HAL_UART_MspDeInit) refers to stm32f1xx_hal_gpio.o(i.HAL_GPIO_DeInit) for HAL_GPIO_DeInit
    usart.o(i.HAL_UART_MspInit) refers to stm32f1xx_hal_gpio.o(i.HAL_GPIO_Init) for HAL_GPIO_Init
    usart.o(i.MX_USART1_UART_Init) refers to stm32f1xx_hal_uart.o(i.HAL_UART_Init) for HAL_UART_Init
    usart.o(i.MX_USART1_UART_Init) refers to main.o(i.Error_Handler) for Error_Handler
    usart.o(i.MX_USART1_UART_Init) refers to usart.o(.bss) for huart1
    stm32f1xx_it.o(i.DMA1_Channel1_IRQHandler) refers to stm32f1xx_hal_dma.o(i.HAL_DMA_IRQHandler) for HAL_DMA_IRQHandler
    stm32f1xx_it.o(i.DMA1_Channel1_IRQHandler) refers to adc.o(.bss) for hdma_adc1
[...]
    Removing event_groups.o(i.xEventGroupClearBits), (32 bytes).
    Removing event_groups.o(i.xEventGroupCreate), (26 bytes).
    Removing event_groups.o(i.xEventGroupGetBitsFromISR), (44 bytes).
    Removing event_groups.o(i.xEventGroupSetBits), (146 bytes).
    Removing event_groups.o(i.xEventGroupSync), (168 bytes).
    Removing event_groups.o(i.xEventGroupWaitBits), (204 bytes).
    Removing list.o(i.vListInsertEnd), (24 bytes).
    Removing queue.o(i.prvCopyDataFromQueue), (42 bytes).
    Removing queue.o(i.prvCopyDataToQueue), (106 bytes).
    Removing queue.o(i.prvInitialiseNewQueue), (38 bytes).
    Removing queue.o(i.prvIsQueueEmpty), (26 bytes).
    Removing queue.o(i.prvIsQueueFull), (30 bytes).
    Removing queue.o(i.prvUnlockQueue), (126 bytes).
    Removing queue.o(i.uxQueueMessagesWaiting), (18 bytes).
    Removing queue.o(i.uxQueueMessagesWaitingFromISR), (8 bytes).
    Removing queue.o(i.uxQueueSpacesAvailable), (24 bytes).
    Removing queue.o(i.vQueueDelete), (14 bytes).
    Removing queue.o(i.xQueueGenericCreate), (76 bytes).
    Removing queue.o(i.xQueueGenericReset), (160 bytes).
    Removing queue.o(i.xQueueGenericSend), (280 bytes).
    Removing queue.o(i.xQueueGenericSendFromISR), (152 bytes).
    Removing queue.o(i.xQueueGiveFromISR), (132 bytes).
    Removing queue.o(i.xQueueIsQueueEmptyFromISR), (16 bytes).
    Removing queue.o(i.xQueueIsQueueFullFromISR), (22 bytes).
    Removing queue.o(i.xQueuePeek), (268 bytes).
    Removing queue.o(i.xQueuePeekFromISR), (74 bytes).
    Removing queue.o(i.xQueueReceive), (260 bytes).
    Removing queue.o(i.xQueueReceiveFromISR), (140 bytes).
    Removing queue.o(i.xQueueSemaphoreTake), (240 bytes).
    Removing stream_buffer.o(i.prvBytesInBuffer), (24 bytes).
    Removing stream_buffer.o(i.prvInitialiseNewStreamBuffer), (42 bytes).
    Removing stream_buffer.o(i.prvReadBytesFromBuffer), (76 bytes).
    Removing stream_buffer.o(i.prvReadMessageFromBuffer), (90 bytes).
    Removing stream_buffer.o(i.prvWriteBytesToBuffer), (76 bytes).
    Removing stream_buffer.o(i.prvWriteMessageToBuffer), (88 bytes).
    Removing stream_buffer.o(i.vStreamBufferDelete), (32 bytes).
    Removing stream_buffer.o(i.xStreamBufferBytesAvailable), (18 bytes).
    Removing stream_buffer.o(i.xStreamBufferGenericCreate), (82 bytes).
    Removing stream_buffer.o(i.xStreamBufferIsEmpty), (22 bytes).
    Removing stream_buffer.o(i.xStreamBufferIsFull), (40 bytes).
    Removing stream_buffer.o(i.xStreamBufferNextMessageLengthBytes), (52 bytes).
    Removing stream_buffer.o(i.xStreamBufferReceive), (176 bytes).
    Removing stream_buffer.o(i.xStreamBufferReceiveCompletedFromISR), (80 bytes).
    Removing stream_buffer.o(i.xStreamBufferReceiveFromISR), (132 bytes).
    Removing stream_buffer.o(i.xStreamBufferReset), (56 bytes).
    Removing stream_buffer.o(i.xStreamBufferSend), (226 bytes).
    Removing stream_buffer.o(i.xStreamBufferSendCompletedFromISR), (80 bytes).
    Removing stream_buffer.o(i.xStreamBufferSendFromISR), (134 bytes).
    Removing stream_buffer.o(i.xStreamBufferSetTriggerLevel), (26 bytes).
    Removing stream_buffer.o(i.xStreamBufferSpacesAvailable), (40 bytes).
    Removing tasks.o(i.pcTaskGetName), (24 bytes).
    Removing tasks.o(i.prvTaskIsTaskSuspended), (64 bytes).
    Removing tasks.o(i.ulTaskGenericNotifyTake), (136 bytes).
    Removing tasks.o(i.ulTaskGenericNotifyValueClear), (64 bytes).
    Removing tasks.o(i.uxTaskGetNumberOfTasks), (12 bytes).
    Removing tasks.o(i.uxTaskPriorityGet), (36 bytes).
    Removing tasks.o(i.uxTaskPriorityGetFromISR), (56 bytes).
    Removing tasks.o(i.uxTaskResetEventItemValue), (28 bytes).
    Removing tasks.o(i.vTaskDelete), (212 bytes).
    Removing tasks.o(i.vTaskEndScheduler), (36 bytes).
    Removing tasks.o(i.vTaskGenericNotifyGiveFromISR), (336 bytes).
    Removing tasks.o(i.vTaskInternalSetTimeOutState), (24 bytes).
    Removing tasks.o(i.vTaskMissedYield), (12 bytes).
    Removing tasks.o(i.vTaskPlaceOnEventList), (32 bytes).
    Removing tasks.o(i.vTaskPlaceOnUnorderedEventList), (80 bytes).
    Removing tasks.o(i.vTaskPrioritySet), (284 bytes).
    Removing tasks.o(i.vTaskRemoveFromUnorderedEventList), (208 bytes).
    Removing tasks.o(i.vTaskResume), (172 bytes).
    Removing tasks.o(i.vTaskSetTimeOutState), (36 bytes).
    Removing tasks.o(i.vTaskSuspend), (216 bytes).
    Removing tasks.o(i.xTaskCatchUpTicks), (40 bytes).
    Removing tasks.o(i.xTaskCheckForTimeOut), (96 bytes).
    Removing tasks.o(i.xTaskGenericNotify), (332 bytes).
    Removing tasks.o(i.xTaskGenericNotifyFromISR), (504 bytes).
    Removing tasks.o(i.xTaskGenericNotifyStateClear), (64 bytes).
    Removing tasks.o(i.xTaskGenericNotifyWait), (172 bytes).
    Removing tasks.o(i.xTaskGetCurrentTaskHandle), (12 bytes).
    Removing tasks.o(i.xTaskGetTickCountFromISR), (12 bytes).
    Removing tasks.o(i.xTaskRemoveFromEventList), (264 bytes).
    Removing tasks.o(i.xTaskResumeFromISR), (216 bytes).
    Removing heap_4.o(i.pvPortCalloc), (54 bytes).
    Removing heap_4.o(i.vPortGetHeapStats), (128 bytes).
    Removing heap_4.o(i.vPortInitialiseBlocks), (2 bytes).
    Removing heap_4.o(i.xPortGetFreeHeapSize), (12 bytes).
    Removing heap_4.o(i.xPortGetMinimumEverFreeHeapSize), (12 bytes).
    Removing port.o(i.vPortEndScheduler), (2 bytes).
    Removing app_rtos_task.o(.rev16_text), (4 bytes).
    Removing app_rtos_task.o(.revsh_text), (4 bytes).
    Removing app_rtos_task.o(.rrx_text), (6 bytes).
    Removing app_processdata.o(.rev16_text), (4 bytes).
    Removing app_processdata.o(.revsh_text), (4 bytes).
    Removing app_processdata.o(.rrx_text), (6 bytes).
    Removing power.o(.rev16_text), (4 bytes).
    Removing power.o(.revsh_text), (4 bytes).
    Removing power.o(.rrx_text), (6 bytes).
    Removing si24r1.o(.rev16_text), (4 bytes).
    Removing si24r1.o(.revsh_text), (4 bytes).
    Removing si24r1.o(.rrx_text), (6 bytes).
    Removing si24r1.o(i.SI24R1_RxPacket), (52 bytes).
    Removing key.o(.rev16_text), (4 bytes).
    Removing key.o(.revsh_text), (4 bytes).
    Removing key.o(.rrx_text), (6 bytes).
    Removing joystick.o(.rev16_text), (4 bytes).
    Removing joystick.o(.revsh_text), (4 bytes).
    Removing joystick.o(.rrx_text), (6 bytes).
    Removing dadd.o(.text), (334 bytes).
    Removing dmul.o(.text), (228 bytes).
    Removing ddiv.o(.text), (222 bytes).
    Removing dfixul.o(.text), (48 bytes).
    Removing cdrcmple.o(.text), (48 bytes).
    Removing depilogue.o(.text), (186 bytes).

452 unused section(s) (total 34296 bytes) removed from the image.

==============================================================================

Image Symbol Table

    Local Symbols

    Symbol Name                              Value     Ov Type        Size  Object(Section)

    ../Core/Src/adc.c                        0x00000000   Number         0  adc.o ABSOLUTE
    ../Core/Src/dma.c                        0x00000000   Number         0  dma.o ABSOLUTE
    ../Core/Src/gpio.c                       0x00000000   Number         0  gpio.o ABSOLUTE
    ../Core/Src/main.c                       0x00000000   Number         0  main.o ABSOLUTE
    ../Core/Src/spi.c                        0x00000000   Number         0  spi.o ABSOLUTE
    ../Core/Src/stm32f1xx_hal_msp.c          0x00000000   Number         0  stm32f1xx_hal_msp.o ABSOLUTE
    ../Core/Src/stm32f1xx_it.c               0x00000000   Number         0  stm32f1xx_it.o ABSOLUTE
    ../Core/Src/system_stm32f1xx.c           0x00000000   Number         0  system_stm32f1xx.o ABSOLUTE
    ../Core/Src/usart.c                      0x00000000   Number         0  usart.o ABSOLUTE
    ../Drivers/STM32F1xx_HAL_Driver/Src/stm32f1xx_hal.c 0x00000000   Number         0  stm32f1xx_hal.o ABSOLUTE
    ../Drivers/STM32F1xx_HAL_Driver/Src/stm32f1xx_hal_adc.c 0x00000000   Number         0  stm32f1xx_hal_adc.o ABSOLUTE
    ../Drivers/STM32F1xx_HAL_Driver/Src/stm32f1xx_hal_adc_ex.c 0x00000000   Number         0  stm32f1xx_hal_adc_ex.o ABSOLUTE
    ../Drivers/STM32F1xx_HAL_Driver/Src/stm32f1xx_hal_cortex.c 0x00000000   Number         0  stm32f1xx_hal_cortex.o ABSOLUTE
    ../Drivers/STM32F1xx_HAL_Driver/Src/stm32f1xx_hal_dma.c 0x00000000   Number         0  stm32f1xx_hal_dma.o ABSOLUTE
    ../Drivers/STM32F1xx_HAL_Driver/Src/stm32f1xx_hal_exti.c 0x00000000   Number         0  stm32f1xx_hal_exti.o ABSOLUTE
    ../Drivers/STM32F1xx_HAL_Driver/Src/stm32f1xx_hal_flash.c 0x00000000   Number         0  stm32f1xx_hal_flash.o ABSOLUTE
    ../Drivers/STM32F1xx_HAL_Driver/Src/stm32f1xx_hal_flash_ex.c 0x00000000   Number         0  stm32f1xx_hal_flash_ex.o ABSOLUTE
    ../Drivers/STM32F1xx_HAL_Driver/Src/stm32f1xx_hal_gpio.c 0x00000000   Number         0  stm32f1xx_hal_gpio.o ABSOLUTE
    ../Drivers/STM32F1xx_HAL_Driver/Src/stm32f1xx_hal_gpio_ex.c 0x00000000   Number         0  stm32f1xx_hal_gpio_ex.o ABSOLUTE
    ../Drivers/STM32F1xx_HAL_Driver/Src/stm32f1xx_hal_pwr.c 0x00000000   Number         0  stm32f1xx_hal_pwr.o ABSOLUTE
    ../Drivers/STM32F1xx_HAL_Driver/Src/stm32f1xx_hal_rcc.c 0x00000000   Number         0  stm32f1xx_hal_rcc.o ABSOLUTE
    ../Drivers/STM32F1xx_HAL_Driver/Src/stm32f1xx_hal_rcc_ex.c 0x00000000   Number         0  stm32f1xx_hal_rcc_ex.o ABSOLUTE
    ../Drivers/STM32F1xx_HAL_Driver/Src/stm32f1xx_hal_spi.c 0x00000000   Number         0  stm32f1xx_hal_spi.o ABSOLUTE
    ../Drivers/STM32F1xx_HAL_Driver/Src/stm32f1xx_hal_uart.c 0x00000000   Number         0  stm32f1xx_hal_uart.o ABSOLUTE
    ../clib/microlib/division.c              0x00000000   Number         0  uidiv.o ABSOLUTE
    ../clib/microlib/division.c              0x00000000   Number         0  uldiv.o ABSOLUTE
    ../clib/microlib/init/entry.s            0x00000000   Number         0  entry11a.o ABSOLUTE
    ../clib/microlib/init/entry.s            0x00000000   Number         0  entry8b.o ABSOLUTE
    ../clib/microlib/init/entry.s            0x00000000   Number         0  entry10b.o ABSOLUTE
    ../clib/microlib/init/entry.s            0x00000000   Number         0  entry10a.o ABSOLUTE
    ../clib/microlib/init/entry.s            0x00000000   Number         0  entry9b.o ABSOLUTE
    ../clib/microlib/init/entry.s            0x00000000   Number         0  entry9a.o ABSOLUTE
    ../clib/microlib/init/entry.s            0x00000000   Number         0  entry8a.o ABSOLUTE
    ../clib/microlib/init/entry.s            0x00000000   Number         0  entry7a.o ABSOLUTE
    ../clib/microlib/init/entry.s            0x00000000   Number         0  entry5.o ABSOLUTE
    ../clib/microlib/init/entry.s            0x00000000   Number         0  entry2.o ABSOLUTE
    ../clib/microlib/init/entry.s            0x00000000   Number         0  entry.o ABSOLUTE
    ../clib/microlib/init/entry.s            0x00000000   Number         0  entry7b.o ABSOLUTE
    ../clib/microlib/init/entry.s            0x00000000   Number         0  entry11b.o ABSOLUTE
    ../clib/microlib/longlong.c              0x00000000   Number         0  llushr.o ABSOLUTE
    ../clib/microlib/longlong.c              0x00000000   Number         0  llshl.o ABSOLUTE
    ../clib/microlib/longlong.c              0x00000000   Number         0  llsshr.o ABSOLUTE
    ../clib/microlib/printf/printf.c         0x00000000   Number         0  printf7.o ABSOLUTE
    ../clib/microlib/printf/printf.c         0x00000000   Number         0  printfa.o ABSOLUTE
    ../clib/microlib/printf/printf.c         0x00000000   Number         0  printf6.o ABSOLUTE
    ../clib/microlib/printf/printf.c         0x00000000   Number         0  printf5.o ABSOLUTE
    ../clib/microlib/printf/printf.c         0x00000000   Number         0  printf4.o ABSOLUTE
    ../clib/microlib/printf/printf.c         0x00000000   Number         0  printf3.o ABSOLUTE
    ../clib/microlib/printf/printf.c         0x00000000   Number         0  printf1.o ABSOLUTE
    ../clib/microlib/printf/printf.c         0x00000000   Number         0  printfb.o ABSOLUTE
    ../clib/microlib/printf/printf.c         0x00000000   Number         0  printf0.o ABSOLUTE
    ../clib/microlib/printf/printf.c         0x00000000   Number         0  printf2.o ABSOLUTE
    ../clib/microlib/printf/printf.c         0x00000000   Number         0  printf8.o ABSOLUTE
    ../clib/microlib/printf/stubs.s          0x00000000   Number         0  stubs.o ABSOLUTE
    ../clib/microlib/stdio/streams.c         0x00000000   Number         0  stdout.o ABSOLUTE
    ../clib/microlib/string/memcpy.c         0x00000000   Number         0  memcpya.o ABSOLUTE
    ../clib/microlib/string/memcpy.c         0x00000000   Number         0  memcpyb.o ABSOLUTE
    ../clib/microlib/string/memset.c         0x00000000   Number         0  memseta.o ABSOLUTE
    ../clib/microlib/string/strrchr.c        0x00000000   Number         0  strrchr.o ABSOLUTE
    ../clib/microlib/stubs.s                 0x00000000   Number         0  iusefp.o ABSOLUTE
    ../fplib/microlib/fpadd.c                0x00000000   Number         0  dadd.o ABSOLUTE
    ../fplib/microlib/fpdiv.c                0x00000000   Number         0  ddiv.o ABSOLUTE
    ../fplib/microlib/fpepilogue.c           0x00000000   Number         0  depilogue.o ABSOLUTE
    ../fplib/microlib/fpfix.c                0x00000000   Number         0  dfixul.o ABSOLUTE
    ../fplib/microlib/fpmul.c                0x00000000   Number         0  dmul.o ABSOLUTE
    ..\Core\Src\adc.c                        0x00000000   Number         0  adc.o ABSOLUTE
    ..\Core\Src\dma.c                        0x00000000   Number         0  dma.o ABSOLUTE
    ..\Core\Src\gpio.c                       0x00000000   Number         0  gpio.o ABSOLUTE
    ..\Core\Src\main.c                       0x00000000   Number         0  main.o ABSOLUTE
    ..\Core\Src\spi.c                        0x00000000   Number         0  spi.o ABSOLUTE
    ..\Core\Src\stm32f1xx_hal_msp.c          0x00000000   Number         0  stm32f1xx_hal_msp.o ABSOLUTE
    ..\Core\Src\stm32f1xx_it.c               0x00000000   Number         0  stm32f1xx_it.o ABSOLUTE
    ..\Core\Src\system_stm32f1xx.c           0x00000000   Number         0  system_stm32f1xx.o ABSOLUTE
    ..\Core\Src\usart.c                      0x00000000   Number         0  usart.o ABSOLUTE
    ..\Drivers\STM32F1xx_HAL_Driver\Src\stm32f1xx_hal.c 0x00000000   Number         0  stm32f1xx_hal.o ABSOLUTE
    ..\Drivers\STM32F1xx_HAL_Driver\Src\stm32f1xx_hal_adc.c 0x00000000   Number         0  stm32f1xx_hal_adc.o ABSOLUTE
    ..\Drivers\STM32F1xx_HAL_Driver\Src\stm32f1xx_hal_adc_ex.c 0x00000000   Number         0  stm32f1xx_hal_adc_ex.o ABSOLUTE
    ..\Drivers\STM32F1xx_HAL_Driver\Src\stm32f1xx_hal_cortex.c 0x00000000   Number         0  stm32f1xx_hal_cortex.o ABSOLUTE
    ..\Drivers\STM32F1xx_HAL_Driver\Src\stm32f1xx_hal_dma.c 0x00000000   Number         0  stm32f1xx_hal_dma.o ABSOLUTE
    ..\Drivers\STM32F1xx_HAL_Driver\Src\stm32f1xx_hal_exti.c 0x00000000   Number         0  stm32f1xx_hal_exti.o ABSOLUTE
    ..\Drivers\STM32F1xx_HAL_Driver\Src\stm32f1xx_hal_flash.c 0x00000000   Number         0  stm32f1xx_hal_flash.o ABSOLUTE
    ..\Drivers\STM32F1xx_HAL_Driver\Src\stm32f1xx_hal_flash_ex.c 0x00000000   Number         0  stm32f1xx_hal_flash_ex.o ABSOLUTE
    ..\Drivers\STM32F1xx_HAL_Driver\Src\stm32f1xx_hal_gpio.c 0x00000000   Number         0  stm32f1xx_hal_gpio.o ABSOLUTE
    ..\Drivers\STM32F1xx_HAL_Driver\Src\stm32f1xx_hal_gpio_ex.c 0x00000000   Number         0  stm32f1xx_hal_gpio_ex.o ABSOLUTE
    ..\Drivers\STM32F1xx_HAL_Driver\Src\stm32f1xx_hal_pwr.c 0x00000000   Number         0  stm32f1xx_hal_pwr.o ABSOLUTE
    ..\Drivers\STM32F1xx_HAL_Driver\Src\stm32f1xx_hal_rcc.c 0x00000000   Number         0  stm32f1xx_hal_rcc.o ABSOLUTE
    ..\Drivers\STM32F1xx_HAL_Driver\Src\stm32f1xx_hal_rcc_ex.c 0x00000000   Number         0  stm32f1xx_hal_rcc_ex.o ABSOLUTE
    ..\Drivers\STM32F1xx_HAL_Driver\Src\stm32f1xx_hal_spi.c 0x00000000   Number         0  stm32f1xx_hal_spi.o ABSOLUTE
    ..\Drivers\STM32F1xx_HAL_Driver\Src\stm32f1xx_hal_uart.c 0x00000000   Number         0  stm32f1xx_hal_uart.o ABSOLUTE
    Application\APP_RTOS_Task.c              0x00000000   Number         0  app_rtos_task.o ABSOLUTE
    Application\\APP_RTOS_Task.c             0x00000000   Number         0  app_rtos_task.o ABSOLUTE
    Interface\APP_ProcessData.c              0x00000000   Number         0  app_processdata.o ABSOLUTE
    Interface\Joystick.c                     0x00000000   Number         0  joystick.o ABSOLUTE
    Interface\KEY.c                          0x00000000   Number         0  key.o ABSOLUTE
    Interface\Power.c                        0x00000000   Number         0  power.o ABSOLUTE
    Interface\SI24R1.c                       0x00000000   Number         0  si24r1.o ABSOLUTE
    Interface\\APP_ProcessData.c             0x00000000   Number         0  app_processdata.o ABSOLUTE
    Interface\\Joystick.c                    0x00000000   Number         0  joystick.o ABSOLUTE
    Interface\\KEY.c                         0x00000000   Number         0  key.o ABSOLUTE
    Interface\\Power.c                       0x00000000   Number         0  power.o ABSOLUTE
    Interface\\SI24R1.c                      0x00000000   Number         0  si24r1.o ABSOLUTE
    RTOS\\portable\\port.c                   0x00000000   Number         0  port.o ABSOLUTE
    RTOS\croutine.c                          0x00000000   Number         0  croutine.o ABSOLUTE
    RTOS\event_groups.c                      0x00000000   Number         0  event_groups.o ABSOLUTE
    RTOS\list.c                              0x00000000   Number         0  list.o ABSOLUTE
    RTOS\portable\heap_4.c                   0x00000000   Number         0  heap_4.o ABSOLUTE
    RTOS\portable\port.c                     0x00000000   Number         0  port.o ABSOLUTE
    RTOS\queue.c                             0x00000000   Number         0  queue.o ABSOLUTE
    RTOS\stream_buffer.c                     0x00000000   Number         0  stream_buffer.o ABSOLUTE
    RTOS\tasks.c                             0x00000000   Number         0  tasks.o ABSOLUTE
    RTOS\timers.c                            0x00000000   Number         0  timers.o ABSOLUTE
    cdrcmple.s                               0x00000000   Number         0  cdrcmple.o ABSOLUTE
    common\Com_debug.c                       0x00000000   Number         0  com_debug.o ABSOLUTE
    common\Com_tool.c                        0x00000000   Number         0  com_tool.o ABSOLUTE
    common\\Com_debug.c                      0x00000000   Number         0  com_debug.o ABSOLUTE
    common\\Com_tool.c                       0x00000000   Number         0  com_tool.o ABSOLUTE
    dc.s                                     0x00000000   Number         0  dc.o ABSOLUTE
    handlers.s                               0x00000000   Number         0  handlers.o ABSOLUTE
    init.s                                   0x00000000   Number         0  init.o ABSOLUTE
    startup_stm32f103xb.s                    0x00000000   Number         0  startup_stm32f103xb.o ABSOLUTE
    RESET                                    0x08000000   Section      236  startup_stm32f103xb.o(RESET)
    .ARM.Collect$$$$00000000                 0x080000ec   Section        0  entry.o(.ARM.Collect$$$$00000000)
    .ARM.Collect$$$$00000001                 0x080000ec   Section        4  entry2.o(.ARM.Collect$$$$00000001)
    .ARM.Collect$$$$00000004                 0x080000f0   Section        4  entry5.o(.ARM.Collect$$$$00000004)
    .ARM.Collect$$$$00000008                 0x080000f4   Section        0  entry7b.o(.ARM.Collect$$$$00000008)
    .ARM.Collect$$$$0000000A                 0x080000f4   Section        0  entry8b.o(.ARM.Collect$$$$0000000A)
    .ARM.Collect$$$$0000000B                 0x080000f4   Section        8  entry9a.o(.ARM.Collect$$$$0000000B)
    .ARM.Collect$$$$0000000D                 0x080000fc   Section        0  entry10a.o(.ARM.Collect$$$$0000000D)
    .ARM.Collect$$$$0000000F                 0x080000fc   Section        0  entry11a.o(.ARM.Collect$$$$0000000F)
    .ARM.Collect$$$$00002712                 0x080000fc   Section        4  entry2.o(.ARM.Collect$$$$00002712)
    __lit__00000000                          0x080000fc   Data           4  entry2.o(.ARM.Collect$$$$00002712)
    .emb_text                                0x08000100   Section      150  port.o(.emb_text)
    .text                                    0x08000198   Section       36  startup_stm32f103xb.o(.text)
    .text                                    0x080001bc   Section        0  memseta.o(.text)
    .text                                    0x080001e0   Section        0  strrchr.o(.text)
    .text                                    0x08000200   Section        0  uidiv.o(.text)
    .text                                    0x0800022c   Section       36  init.o(.text)
    i.ADC_ConversionStop_Disable             0x08000250   Section        0  stm32f1xx_hal_adc.o(i.ADC_ConversionStop_Disable)
    i.ADC_DMAConvCplt                        0x080002ac   Section        0  stm32f1xx_hal_adc.o(i.ADC_DMAConvCplt)
    i.ADC_DMAError                           0x080002fe   Section        0  stm32f1xx_hal_adc.o(i.ADC_DMAError)
    i.ADC_DMAHalfConvCplt                    0x0800031c   Section        0  stm32f1xx_hal_adc.o(i.ADC_DMAHalfConvCplt)
    i.ADC_Enable                             0x0800032c   Section        0  stm32f1xx_hal_adc.o(i.ADC_Enable)
    i.APP_CalibrateJoystickData              0x080003bc   Section        0  app_processdata.o(i.APP_CalibrateJoystickData)
    i.APP_ProcessJoystickData                0x08000484   Section        0  app_processdata.o(i.APP_ProcessJoystickData)
    i.APP_ProcessKeyData                     0x0800066c   Section        0  app_processdata.o(i.APP_ProcessKeyData)
    i.App_RTOS_Start                         0x080006ec   Section        0  app_rtos_task.o(i.App_RTOS_Start)
    i.BusFault_Handler                       0x08000798   Section        0  stm32f1xx_it.o(i.BusFault_Handler)
    i.Com_Limit                              0x0800079c   Section        0  com_tool.o(i.Com_Limit)
    i.Com_Task                               0x080007b0   Section        0  app_rtos_task.o(i.Com_Task)
    i.DMA1_Channel1_IRQHandler               0x080007f4   Section        0  stm32f1xx_it.o(i.DMA1_Channel1_IRQHandler)
    i.DMA_SetConfig                          0x08000804   Section        0  stm32f1xx_hal_dma.o(i.DMA_SetConfig)
    DMA_SetConfig                            0x08000805   Thumb Code    44  stm32f1xx_hal_dma.o(i.DMA_SetConfig)
    i.DebugMon_Handler                       0x08000830   Section        0  stm32f1xx_it.o(i.DebugMon_Handler)
    i.Error_Handler                          0x08000832   Section        0  main.o(i.Error_Handler)
    i.HAL_ADC_ConfigChannel                  0x08000838   Section        0  stm32f1xx_hal_adc.o(i.HAL_ADC_ConfigChannel)
    i.HAL_ADC_ConvCpltCallback               0x08000998   Section        0  stm32f1xx_hal_adc.o(i.HAL_ADC_ConvCpltCallback)
    i.HAL_ADC_ConvHalfCpltCallback           0x0800099a   Section        0  stm32f1xx_hal_adc.o(i.HAL_ADC_ConvHalfCpltCallback)
    i.HAL_ADC_ErrorCallback                  0x0800099c   Section        0  stm32f1xx_hal_adc.o(i.HAL_ADC_ErrorCallback)
    i.HAL_ADC_Init                           0x080009a0   Section        0  stm32f1xx_hal_adc.o(i.HAL_ADC_Init)
    i.HAL_ADC_MspInit                        0x08000ae4   Section        0  adc.o(i.HAL_ADC_MspInit)
    i.HAL_ADC_Start_DMA                      0x08000b94   Section        0  stm32f1xx_hal_adc.o(i.HAL_ADC_Start_DMA)
    i.HAL_DMA_IRQHandler                     0x08000d14   Section        0  stm32f1xx_hal_dma.o(i.HAL_DMA_IRQHandler)
    i.HAL_DMA_Init                           0x08000eb0   Section        0  stm32f1xx_hal_dma.o(i.HAL_DMA_Init)
    i.HAL_DMA_Start_IT                       0x08000f18   Section        0  stm32f1xx_hal_dma.o(i.HAL_DMA_Start_IT)
    i.HAL_Delay                              0x08000fb4   Section        0  stm32f1xx_hal.o(i.HAL_Delay)
    i.HAL_GPIO_Init                          0x08000fdc   Section        0  stm32f1xx_hal_gpio.o(i.HAL_GPIO_Init)
    i.HAL_GPIO_ReadPin                       0x080012fc   Section        0  stm32f1xx_hal_gpio.o(i.HAL_GPIO_ReadPin)
    i.HAL_GPIO_WritePin                      0x0800130c   Section        0  stm32f1xx_hal_gpio.o(i.HAL_GPIO_WritePin)
    i.HAL_GetTick                            0x08001318   Section        0  stm32f1xx_hal.o(i.HAL_GetTick)
    i.HAL_IncTick                            0x08001324   Section        0  stm32f1xx_hal.o(i.HAL_IncTick)
    i.HAL_Init                               0x0800133c   Section        0  stm32f1xx_hal.o(i.HAL_Init)
    i.HAL_InitTick                           0x08001364   Section        0  stm32f1xx_hal.o(i.HAL_InitTick)
    i.HAL_MspInit                            0x080013b0   Section        0  stm32f1xx_hal_msp.o(i.HAL_MspInit)
    i.HAL_NVIC_EnableIRQ                     0x08001404   Section        0  stm32f1xx_hal_cortex.o(i.HAL_NVIC_EnableIRQ)
    i.HAL_NVIC_SetPriority                   0x08001424   Section        0  stm32f1xx_hal_cortex.o(i.HAL_NVIC_SetPriority)
    i.HAL_NVIC_SetPriorityGrouping           0x080014a0   Section        0  stm32f1xx_hal_cortex.o(i.HAL_NVIC_SetPriorityGrouping)
    i.HAL_RCCEx_PeriphCLKConfig              0x080014c8   Section        0  stm32f1xx_hal_rcc_ex.o(i.HAL_RCCEx_PeriphCLKConfig)
    i.HAL_RCC_ClockConfig                    0x080015f8   Section        0  stm32f1xx_hal_rcc.o(i.HAL_RCC_ClockConfig)
    i.HAL_RCC_GetHCLKFreq                    0x08001784   Section        0  stm32f1xx_hal_rcc.o(i.HAL_RCC_GetHCLKFreq)
    i.HAL_RCC_GetPCLK1Freq                   0x08001790   Section        0  stm32f1xx_hal_rcc.o(i.HAL_RCC_GetPCLK1Freq)
    i.HAL_RCC_GetPCLK2Freq                   0x080017b0   Section        0  stm32f1xx_hal_rcc.o(i.HAL_RCC_GetPCLK2Freq)
    i.HAL_RCC_GetSysClockFreq                0x080017d0   Section        0  stm32f1xx_hal_rcc.o(i.HAL_RCC_GetSysClockFreq)
    i.HAL_RCC_OscConfig                      0x08001840   Section        0  stm32f1xx_hal_rcc.o(i.HAL_RCC_OscConfig)
    i.HAL_SPI_Init                           0x08001ca4   Section        0  stm32f1xx_hal_spi.o(i.HAL_SPI_Init)
    i.HAL_SPI_MspInit                        0x08001d64   Section        0  spi.o(i.HAL_SPI_MspInit)
    i.HAL_SPI_TransmitReceive                0x08001e00   Section        0  stm32f1xx_hal_spi.o(i.HAL_SPI_TransmitReceive)
    i.HAL_SYSTICK_Config                     0x08002048   Section        0  stm32f1xx_hal_cortex.o(i.HAL_SYSTICK_Config)
    i.HAL_UART_Init                          0x0800207c   Section        0  stm32f1xx_hal_uart.o(i.HAL_UART_Init)
    i.HAL_UART_MspInit                       0x080020f4   Section        0  usart.o(i.HAL_UART_MspInit)
    i.HAL_UART_Transmit                      0x0800217c   Section        0  stm32f1xx_hal_uart.o(i.HAL_UART_Transmit)
    i.HardFault_Handler                      0x0800223a   Section        0  stm32f1xx_it.o(i.HardFault_Handler)
    i.Init_Power                             0x08002240   Section        0  power.o(i.Init_Power)
    i.Joystick_GetValue                      0x08002264   Section        0  joystick.o(i.Joystick_GetValue)
    i.Joystick_Init                          0x0800228c   Section        0  joystick.o(i.Joystick_Init)
    i.Joystick_Task                          0x080022a4   Section        0  app_rtos_task.o(i.Joystick_Task)
    i.KEY_Task                               0x080022c0   Section        0  app_rtos_task.o(i.KEY_Task)
    i.Key_Scan                               0x080022dc   Section        0  key.o(i.Key_Scan)
    i.MX_ADC1_Init                           0x0800245c   Section        0  adc.o(i.MX_ADC1_Init)
    i.MX_DMA_Init                            0x080024fc   Section        0  dma.o(i.MX_DMA_Init)
    i.MX_GPIO_Init                           0x08002530   Section        0  gpio.o(i.MX_GPIO_Init)
    i.MX_SPI1_Init                           0x08002618   Section        0  spi.o(i.MX_SPI1_Init)
    i.MX_USART1_UART_Init                    0x0800265c   Section        0  usart.o(i.MX_USART1_UART_Init)
    i.MemManage_Handler                      0x08002694   Section        0  stm32f1xx_it.o(i.MemManage_Handler)
    i.NMI_Handler                            0x08002698   Section        0  stm32f1xx_it.o(i.NMI_Handler)
    i.Power_Task                             0x0800269c   Section        0  app_rtos_task.o(i.Power_Task)
    i.RCC_Delay                              0x080026bc   Section        0  stm32f1xx_hal_rcc.o(i.RCC_Delay)
    RCC_Delay                                0x080026bd   Thumb Code    36  stm32f1xx_hal_rcc.o(i.RCC_Delay)
    i.SI24R1_Check                           0x080026e4   Section        0  si24r1.o(i.SI24R1_Check)
    i.SI24R1_Init                            0x08002724   Section        0  si24r1.o(i.SI24R1_Init)
    i.SI24R1_RX_Mode                         0x0800279c   Section        0  si24r1.o(i.SI24R1_RX_Mode)
    i.SI24R1_Read_Buf                        0x08002800   Section        0  si24r1.o(i.SI24R1_Read_Buf)
    i.SI24R1_Read_Reg                        0x08002848   Section        0  si24r1.o(i.SI24R1_Read_Reg)
    i.SI24R1_TX_Mode                         0x08002878   Section        0  si24r1.o(i.SI24R1_TX_Mode)
    i.SI24R1_TxPacket                        0x080028dc   Section        0  si24r1.o(i.SI24R1_TxPacket)
    i.SI24R1_Write_Buf                       0x08002950   Section        0  si24r1.o(i.SI24R1_Write_Buf)
    i.SI24R1_Write_Reg                       0x08002998   Section        0  si24r1.o(i.SI24R1_Write_Reg)
    i.SPI_EndRxTxTransaction                 0x080029cc   Section        0  stm32f1xx_hal_spi.o(i.SPI_EndRxTxTransaction)
    SPI_EndRxTxTransaction                   0x080029cd   Thumb Code    68  stm32f1xx_hal_spi.o(i.SPI_EndRxTxTransaction)
    i.SPI_RW                                 0x08002a10   Section        0  si24r1.o(i.SPI_RW)
    SPI_RW                                   0x08002a11   Thumb Code    32  si24r1.o(i.SPI_RW)
    i.SPI_WaitFlagStateUntilTimeout          0x08002a34   Section        0  stm32f1xx_hal_spi.o(i.SPI_WaitFlagStateUntilTimeout)
    SPI_WaitFlagStateUntilTimeout            0x08002a35   Thumb Code   210  stm32f1xx_hal_spi.o(i.SPI_WaitFlagStateUntilTimeout)
    i.SysTick_Handler                        0x08002b0c   Section        0  stm32f1xx_it.o(i.SysTick_Handler)
    i.SystemClock_Config                     0x08002b20   Section        0  main.o(i.SystemClock_Config)
    i.SystemInit                             0x08002ba4   Section        0  system_stm32f1xx.o(i.SystemInit)
    i.UART_EndRxTransfer                     0x08002ba6   Section        0  stm32f1xx_hal_uart.o(i.UART_EndRxTransfer)
    UART_EndRxTransfer                       0x08002ba7   Thumb Code   108  stm32f1xx_hal_uart.o(i.UART_EndRxTransfer)
    i.UART_SetConfig                         0x08002c14   Section        0  stm32f1xx_hal_uart.o(i.UART_SetConfig)
    UART_SetConfig                           0x08002c15   Thumb Code   248  stm32f1xx_hal_uart.o(i.UART_SetConfig)
    i.UART_WaitOnFlagUntilTimeout            0x08002d10   Section        0  stm32f1xx_hal_uart.o(i.UART_WaitOnFlagUntilTimeout)
    UART_WaitOnFlagUntilTimeout              0x08002d11   Thumb Code   140  stm32f1xx_hal_uart.o(i.UART_WaitOnFlagUntilTimeout)
    i.UsageFault_Handler                     0x08002d9c   Section        0  stm32f1xx_it.o(i.UsageFault_Handler)
    i.__0printf$3                            0x08002da0   Section        0  printf3.o(i.__0printf$3)
    i.__NVIC_GetPriorityGrouping             0x08002dc0   Section        0  stm32f1xx_hal_cortex.o(i.__NVIC_GetPriorityGrouping)
    __NVIC_GetPriorityGrouping               0x08002dc1   Thumb Code    10  stm32f1xx_hal_cortex.o(i.__NVIC_GetPriorityGrouping)
    i.__NVIC_SetPriority                     0x08002dd0   Section        0  stm32f1xx_hal_cortex.o(i.__NVIC_SetPriority)
    __NVIC_SetPriority                       0x08002dd1   Thumb Code    32  stm32f1xx_hal_cortex.o(i.__NVIC_SetPriority)
    i.__scatterload_copy                     0x08002df8   Section       14  handlers.o(i.__scatterload_copy)
    i.__scatterload_null                     0x08002e06   Section        2  handlers.o(i.__scatterload_null)
    i.__scatterload_zeroinit                 0x08002e08   Section       14  handlers.o(i.__scatterload_zeroinit)
    i._printf_core                           0x08002e18   Section        0  printf3.o(i._printf_core)
    _printf_core                             0x08002e19   Thumb Code   436  printf3.o(i._printf_core)
    i.fputc                                  0x08002fd0   Section        0  com_debug.o(i.fputc)
    i.main                                   0x08002fec   Section        0  main.o(i.main)
    i.prvAddCurrentTaskToDelayedList         0x08003014   Section        0  tasks.o(i.prvAddCurrentTaskToDelayedList)
    prvAddCurrentTaskToDelayedList           0x08003015   Thumb Code   164  tasks.o(i.prvAddCurrentTaskToDelayedList)
    i.prvAddNewTaskToReadyList               0x080030d4   Section        0  tasks.o(i.prvAddNewTaskToReadyList)
    prvAddNewTaskToReadyList                 0x080030d5   Thumb Code   200  tasks.o(i.prvAddNewTaskToReadyList)
    i.prvCheckTasksWaitingTermination        0x080031b8   Section        0  tasks.o(i.prvCheckTasksWaitingTermination)
    prvCheckTasksWaitingTermination          0x080031b9   Thumb Code    60  tasks.o(i.prvCheckTasksWaitingTermination)
    i.prvDeleteTCB                           0x08003200   Section        0  tasks.o(i.prvDeleteTCB)
    prvDeleteTCB                             0x08003201   Thumb Code    18  tasks.o(i.prvDeleteTCB)
    i.prvHeapInit                            0x08003214   Section        0  heap_4.o(i.prvHeapInit)
    prvHeapInit                              0x08003215   Thumb Code    90  heap_4.o(i.prvHeapInit)
    i.prvIdleTask                            0x08003284   Section        0  tasks.o(i.prvIdleTask)
    prvIdleTask                              0x08003285   Thumb Code    32  tasks.o(i.prvIdleTask)
    i.prvInitialiseNewTask                   0x080032ac   Section        0  tasks.o(i.prvInitialiseNewTask)
    prvInitialiseNewTask                     0x080032ad   Thumb Code   122  tasks.o(i.prvInitialiseNewTask)
    i.prvInitialiseTaskLists                 0x08003328   Section        0  tasks.o(i.prvInitialiseTaskLists)
    prvInitialiseTaskLists                   0x08003329   Thumb Code    70  tasks.o(i.prvInitialiseTaskLists)
    i.prvInsertBlockIntoFreeList             0x08003390   Section        0  heap_4.o(i.prvInsertBlockIntoFreeList)
    prvInsertBlockIntoFreeList               0x08003391   Thumb Code    96  heap_4.o(i.prvInsertBlockIntoFreeList)
    i.prvResetNextTaskUnblockTime            0x080033f8   Section        0  tasks.o(i.prvResetNextTaskUnblockTime)
    prvResetNextTaskUnblockTime              0x080033f9   Thumb Code    40  tasks.o(i.prvResetNextTaskUnblockTime)
    i.prvTaskExitError                       0x08003428   Section        0  port.o(i.prvTaskExitError)
    prvTaskExitError                         0x08003429   Thumb Code    22  port.o(i.prvTaskExitError)
    i.pvPortMalloc                           0x08003440   Section        0  heap_4.o(i.pvPortMalloc)
    i.pxPortInitialiseStack                  0x08003524   Section        0  port.o(i.pxPortInitialiseStack)
    i.uxListRemove                           0x08003548   Section        0  list.o(i.uxListRemove)
    i.vListInitialise                        0x08003570   Section        0  list.o(i.vListInitialise)
    i.vListInitialiseItem                    0x0800358a   Section        0  list.o(i.vListInitialiseItem)
    i.vListInsert                            0x08003590   Section        0  list.o(i.vListInsert)
    i.vPortEnterCritical                     0x080035c4   Section        0  port.o(i.vPortEnterCritical)
    i.vPortExitCritical                      0x080035e8   Section        0  port.o(i.vPortExitCritical)
    i.vPortFree                              0x08003608   Section        0  heap_4.o(i.vPortFree)
    i.vPortSetupTimerInterrupt               0x08003654   Section        0  port.o(i.vPortSetupTimerInterrupt)
    i.vTaskDelay                             0x0800366c   Section        0  tasks.o(i.vTaskDelay)
    i.vTaskStartScheduler                    0x080036a0   Section        0  tasks.o(i.vTaskStartScheduler)
    i.vTaskSuspendAll                        0x0800370c   Section        0  tasks.o(i.vTaskSuspendAll)
    i.vTaskSwitchContext                     0x0800371c   Section        0  tasks.o(i.vTaskSwitchContext)
    i.xPortStartScheduler                    0x0800377c   Section        0  port.o(i.xPortStartScheduler)
    i.xPortSysTickHandler                    0x080037b0   Section        0  port.o(i.xPortSysTickHandler)
    i.xTaskCreate                            0x080037e4   Section        0  tasks.o(i.xTaskCreate)
    i.xTaskDelayUntil                        0x0800384c   Section        0  tasks.o(i.xTaskDelayUntil)
    i.xTaskGetSchedulerState                 0x080038c0   Section        0  tasks.o(i.xTaskGetSchedulerState)
    i.xTaskGetTickCount                      0x080038e0   Section        0  tasks.o(i.xTaskGetTickCount)
    i.xTaskIncrementTick                     0x080038ec   Section        0  tasks.o(i.xTaskIncrementTick)
    i.xTaskResumeAll                         0x08003a7c   Section        0  tasks.o(i.xTaskResumeAll)
    .constdata                               0x08003bd8   Section       18  stm32f1xx_hal_rcc.o(.constdata)
    aPLLMULFactorTable                       0x08003bd8   Data          16  stm32f1xx_hal_rcc.o(.constdata)
    aPredivFactorTable                       0x08003be8   Data           2  stm32f1xx_hal_rcc.o(.constdata)
    .constdata                               0x08003bea   Section       24  system_stm32f1xx.o(.constdata)
    .data                                    0x20000000   Section        9  stm32f1xx_hal.o(.data)
    .data                                    0x2000000c   Section        4  system_stm32f1xx.o(.data)
    .data                                    0x20000010   Section       64  tasks.o(.data)
    pxDelayedTaskList                        0x20000014   Data           4  tasks.o(.data)
    pxOverflowDelayedTaskList                0x20000018   Data           4  tasks.o(.data)
    uxDeletedTasksWaitingCleanUp             0x2000001c   Data           4  tasks.o(.data)
    uxCurrentNumberOfTasks                   0x20000020   Data           4  tasks.o(.data)
    xTickCount                               0x20000024   Data           4  tasks.o(.data)
    uxTopReadyPriority                       0x20000028   Data           4  tasks.o(.data)
    xSchedulerRunning                        0x2000002c   Data           4  tasks.o(.data)
    xPendedTicks                             0x20000030   Data           4  tasks.o(.data)
    xYieldPending                            0x20000034   Data           4  tasks.o(.data)
    xNumOfOverflows                          0x20000038   Data           4  tasks.o(.data)
    uxTaskNumber                             0x2000003c   Data           4  tasks.o(.data)
    xNextTaskUnblockTime                     0x20000040   Data           4  tasks.o(.data)
    xIdleTaskHandle                          0x20000044   Data           4  tasks.o(.data)
    uxSchedulerSuspended                     0x2000004c   Data           4  tasks.o(.data)
    .data                                    0x20000050   Section       28  heap_4.o(.data)
    xStart                                   0x20000050   Data           8  heap_4.o(.data)
    pxEnd                                    0x20000058   Data           4  heap_4.o(.data)
    xFreeBytesRemaining                      0x2000005c   Data           4  heap_4.o(.data)
    xMinimumEverFreeBytesRemaining           0x20000060   Data           4  heap_4.o(.data)
    xNumberOfSuccessfulAllocations           0x20000064   Data           4  heap_4.o(.data)
    xNumberOfSuccessfulFrees                 0x20000068   Data           4  heap_4.o(.data)
    .data                                    0x2000006c   Section        4  port.o(.data)
    uxCriticalNesting                        0x2000006c   Data           4  port.o(.data)
    .data                                    0x20000070   Section       16  app_rtos_task.o(.data)
    .data                                    0x20000080   Section       20  app_processdata.o(.data)
    .data                                    0x20000094   Section       10  si24r1.o(.data)
    .data                                    0x2000009e   Section        8  joystick.o(.data)
    .data                                    0x200000a8   Section        4  stdout.o(.data)
    .bss                                     0x200000ac   Section      116  adc.o(.bss)
    .bss                                     0x20000120   Section       88  spi.o(.bss)
    .bss                                     0x20000178   Section       72  usart.o(.bss)
    .bss                                     0x200001c0   Section      200  tasks.o(.bss)
    pxReadyTasksLists                        0x200001c0   Data         100  tasks.o(.bss)
    xDelayedTaskList1                        0x20000224   Data          20  tasks.o(.bss)
    xDelayedTaskList2                        0x20000238   Data          20  tasks.o(.bss)
    xPendingReadyList                        0x2000024c   Data          20  tasks.o(.bss)
    xTasksWaitingTermination                 0x20000260   Data          20  tasks.o(.bss)
    xSuspendedTaskList                       0x20000274   Data          20  tasks.o(.bss)
    .bss                                     0x20000288   Section    17408  heap_4.o(.bss)
    ucHeap                                   0x20000288   Data       17408  heap_4.o(.bss)
    .bss                                     0x20004688   Section       32  app_rtos_task.o(.bss)
    .bss                                     0x200046a8   Section       10  app_processdata.o(.bss)
    STACK                                    0x200046b8   Section     1024  startup_stm32f103xb.o(STACK)

    Global Symbols

    Symbol Name                              Value     Ov Type        Size  Object(Section)

    BuildAttributes$$THM_ISAv4$P$D$K$B$S$PE$A:L22UL41UL21$X:L11$S22US41US21$IEEE1$IW$USESV6$~STKCKD$USESV7$~SHL$OSPACE$ROPI$EBA8$MICROLIB$REQ8$PRES8$EABIv2 0x00000000   Number         0  anon$$obj.o ABSOLUTE
    __ARM_use_no_argv                        0x00000000   Number         0  main.o ABSOLUTE
    _printf_a                                0x00000000   Number         0  stubs.o ABSOLUTE
    _printf_c                                0x00000000   Number         0  stubs.o ABSOLUTE
    _printf_charcount                        0x00000000   Number         0  stubs.o ABSOLUTE
    _printf_d                                0x00000000   Number         0  stubs.o ABSOLUTE
    _printf_e                                0x00000000   Number         0  stubs.o ABSOLUTE
    _printf_f                                0x00000000   Number         0  stubs.o ABSOLUTE
    _printf_flags                            0x00000000   Number         0  stubs.o ABSOLUTE
    _printf_fp_dec                           0x00000000   Number         0  stubs.o ABSOLUTE
    _printf_fp_hex                           0x00000000   Number         0  stubs.o ABSOLUTE
    _printf_g                                0x00000000   Number         0  stubs.o ABSOLUTE
    _printf_i                                0x00000000   Number         0  stubs.o ABSOLUTE
    _printf_int_dec                          0x00000000   Number         0  stubs.o ABSOLUTE
    _printf_l                                0x00000000   Number         0  stubs.o ABSOLUTE
    _printf_lc                               0x00000000   Number         0  stubs.o ABSOLUTE
    _printf_ll                               0x00000000   Number         0  stubs.o ABSOLUTE
    _printf_lld                              0x00000000   Number         0  stubs.o ABSOLUTE
    _printf_lli                              0x00000000   Number         0  stubs.o ABSOLUTE
    _printf_llo                              0x00000000   Number         0  stubs.o ABSOLUTE
    _printf_llu                              0x00000000   Number         0  stubs.o ABSOLUTE
    _printf_llx                              0x00000000   Number         0  stubs.o ABSOLUTE
    _printf_longlong_dec                     0x00000000   Number         0  stubs.o ABSOLUTE
    _printf_longlong_hex                     0x00000000   Number         0  stubs.o ABSOLUTE
    _printf_longlong_oct                     0x00000000   Number         0  stubs.o ABSOLUTE
    _printf_ls                               0x00000000   Number         0  stubs.o ABSOLUTE
    _printf_mbtowc                           0x00000000   Number         0  stubs.o ABSOLUTE
    _printf_n                                0x00000000   Number         0  stubs.o ABSOLUTE
    _printf_o                                0x00000000   Number         0  stubs.o ABSOLUTE
    _printf_p                                0x00000000   Number         0  stubs.o ABSOLUTE
    _printf_percent                          0x00000000   Number         0  stubs.o ABSOLUTE
    _printf_pre_padding                      0x00000000   Number         0  stubs.o ABSOLUTE
    _printf_return_value                     0x00000000   Number         0  stubs.o ABSOLUTE
    _printf_s                                0x00000000   Number         0  stubs.o ABSOLUTE
    _printf_sizespec                         0x00000000   Number         0  stubs.o ABSOLUTE
    _printf_str                              0x00000000   Number         0  stubs.o ABSOLUTE
    _printf_truncate_signed                  0x00000000   Number         0  stubs.o ABSOLUTE
    _printf_truncate_unsigned                0x00000000   Number         0  stubs.o ABSOLUTE
    _printf_u                                0x00000000   Number         0  stubs.o ABSOLUTE
    _printf_wc                               0x00000000   Number         0  stubs.o ABSOLUTE
    _printf_wctomb                           0x00000000   Number         0  stubs.o ABSOLUTE
    _printf_widthprec                        0x00000000   Number         0  stubs.o ABSOLUTE
    _printf_x                                0x00000000   Number         0  stubs.o ABSOLUTE
    __cpp_initialize__aeabi_                  - Undefined Weak Reference
    __cxa_finalize                            - Undefined Weak Reference
    __decompress                              - Undefined Weak Reference
    _clock_init                               - Undefined Weak Reference
    _microlib_exit                            - Undefined Weak Reference
    __Vectors_Size                           0x000000ec   Number         0  startup_stm32f103xb.o ABSOLUTE
    __Vectors                                0x08000000   Data           4  startup_stm32f103xb.o(RESET)
    __Vectors_End                            0x080000ec   Data           0  startup_stm32f103xb.o(RESET)
    __main                                   0x080000ed   Thumb Code     0  entry.o(.ARM.Collect$$$$00000000)
    _main_stk                                0x080000ed   Thumb Code     0  entry2.o(.ARM.Collect$$$$00000001)
    _main_scatterload                        0x080000f1   Thumb Code     0  entry5.o(.ARM.Collect$$$$00000004)
    __main_after_scatterload                 0x080000f5   Thumb Code     0  entry5.o(.ARM.Collect$$$$00000004)
    _main_clock                              0x080000f5   Thumb Code     0  entry7b.o(.ARM.Collect$$$$00000008)
    _main_cpp_init                           0x080000f5   Thumb Code     0  entry8b.o(.ARM.Collect$$$$0000000A)
    _main_init                               0x080000f5   Thumb Code     0  entry9a.o(.ARM.Collect$$$$0000000B)
    __rt_final_cpp                           0x080000fd   Thumb Code     0  entry10a.o(.ARM.Collect$$$$0000000D)
    __rt_final_exit                          0x080000fd   Thumb Code     0  entry11a.o(.ARM.Collect$$$$0000000F)
    SVC_Handler                              0x08000101   Thumb Code    32  port.o(.emb_text)
    __asm___6_port_c_39a90d8d__prvStartFirstTask 0x08000125   Thumb Code    28  port.o(.emb_text)
    PendSV_Handler                           0x08000145   Thumb Code    72  port.o(.emb_text)
    vPortGetIPSR                             0x08000191   Thumb Code     6  port.o(.emb_text)
    Reset_Handler                            0x08000199   Thumb Code     8  startup_stm32f103xb.o(.text)
    ADC1_2_IRQHandler                        0x080001b3   Thumb Code     0  startup_stm32f103xb.o(.text)
    CAN1_RX1_IRQHandler                      0x080001b3   Thumb Code     0  startup_stm32f103xb.o(.text)
    CAN1_SCE_IRQHandler                      0x080001b3   Thumb Code     0  startup_stm32f103xb.o(.text)
    DMA1_Channel2_IRQHandler                 0x080001b3   Thumb Code     0  startup_stm32f103xb.o(.text)
    DMA1_Channel3_IRQHandler                 0x080001b3   Thumb Code     0  startup_stm32f103xb.o(.text)
    DMA1_Channel4_IRQHandler                 0x080001b3   Thumb Code     0  startup_stm32f103xb.o(.text)
    DMA1_Channel5_IRQHandler                 0x080001b3   Thumb Code     0  startup_stm32f103xb.o(.text)
    DMA1_Channel6_IRQHandler                 0x080001b3   Thumb Code     0  startup_stm32f103xb.o(.text)
    DMA1_Channel7_IRQHandler                 0x080001b3   Thumb Code     0  startup_stm32f103xb.o(.text)
    EXTI0_IRQHandler                         0x080001b3   Thumb Code     0  startup_stm32f103xb.o(.text)
    EXTI15_10_IRQHandler                     0x080001b3   Thumb Code     0  startup_stm32f103xb.o(.text)
    EXTI1_IRQHandler                         0x080001b3   Thumb Code     0  startup_stm32f103xb.o(.text)
    EXTI2_IRQHandler                         0x080001b3   Thumb Code     0  startup_stm32f103xb.o(.text)
    EXTI3_IRQHandler                         0x080001b3   Thumb Code     0  startup_stm32f103xb.o(.text)
    EXTI4_IRQHandler                         0x080001b3   Thumb Code     0  startup_stm32f103xb.o(.text)
    EXTI9_5_IRQHandler                       0x080001b3   Thumb Code     0  startup_stm32f103xb.o(.text)
    FLASH_IRQHandler                         0x080001b3   Thumb Code     0  startup_stm32f103xb.o(.text)
    I2C1_ER_IRQHandler                       0x080001b3   Thumb Code     0  startup_stm32f103xb.o(.text)
    I2C1_EV_IRQHandler                       0x080001b3   Thumb Code     0  startup_stm32f103xb.o(.text)
    I2C2_ER_IRQHandler                       0x080001b3   Thumb Code     0  startup_stm32f103xb.o(.text)
    I2C2_EV_IRQHandler                       0x080001b3   Thumb Code     0  startup_stm32f103xb.o(.text)
    PVD_IRQHandler                           0x080001b3   Thumb Code     0  startup_stm32f103xb.o(.text)
    RCC_IRQHandler                           0x080001b3   Thumb Code     0  startup_stm32f103xb.o(.text)
    RTC_Alarm_IRQHandler                     0x080001b3   Thumb Code     0  startup_stm32f103xb.o(.text)
    RTC_IRQHandler                           0x080001b3   Thumb Code     0  startup_stm32f103xb.o(.text)
    SPI1_IRQHandler                          0x080001b3   Thumb Code     0  startup_stm32f103xb.o(.text)
    SPI2_IRQHandler                          0x080001b3   Thumb Code     0  startup_stm32f103xb.o(.text)
    TAMPER_IRQHandler                        0x080001b3   Thumb Code     0  startup_stm32f103xb.o(.text)
    TIM1_BRK_IRQHandler                      0x080001b3   Thumb Code     0  startup_stm32f103xb.o(.text)
    TIM1_CC_IRQHandler                       0x080001b3   Thumb Code     0  startup_stm32f103xb.o(.text)
    TIM1_TRG_COM_IRQHandler                  0x080001b3   Thumb Code     0  startup_stm32f103xb.o(.text)
    TIM1_UP_IRQHandler                       0x080001b3   Thumb Code     0  startup_stm32f103xb.o(.text)
    TIM2_IRQHandler                          0x080001b3   Thumb Code     0  startup_stm32f103xb.o(.text)
    TIM3_IRQHandler                          0x080001b3   Thumb Code     0  startup_stm32f103xb.o(.text)
    TIM4_IRQHandler                          0x080001b3   Thumb Code     0  startup_stm32f103xb.o(.text)
    USART1_IRQHandler                        0x080001b3   Thumb Code     0  startup_stm32f103xb.o(.text)
    USART2_IRQHandler                        0x080001b3   Thumb Code     0  startup_stm32f103xb.o(.text)
    USART3_IRQHandler                        0x080001b3   Thumb Code     0  startup_stm32f103xb.o(.text)
    USBWakeUp_IRQHandler                     0x080001b3   Thumb Code     0  startup_stm32f103xb.o(.text)
    USB_HP_CAN1_TX_IRQHandler                0x080001b3   Thumb Code     0  startup_stm32f103xb.o(.text)
    USB_LP_CAN1_RX0_IRQHandler               0x080001b3   Thumb Code     0  startup_stm32f103xb.o(.text)
    WWDG_IRQHandler                          0x080001b3   Thumb Code     0  startup_stm32f103xb.o(.text)
    __aeabi_memset                           0x080001bd   Thumb Code    14  memseta.o(.text)
    __aeabi_memset4                          0x080001bd   Thumb Code     0  memseta.o(.text)
    __aeabi_memset8                          0x080001bd   Thumb Code     0  memseta.o(.text)
    __aeabi_memclr                           0x080001cb   Thumb Code     4  memseta.o(.text)
    __aeabi_memclr4                          0x080001cb   Thumb Code     0  memseta.o(.text)
    __aeabi_memclr8                          0x080001cb   Thumb Code     0  memseta.o(.text)
    _memset$wrapper                          0x080001cf   Thumb Code    18  memseta.o(.text)
    strrchr                                  0x080001e1   Thumb Code    32  strrchr.o(.text)
    __aeabi_uidiv                            0x08000201   Thumb Code     0  uidiv.o(.text)
    __aeabi_uidivmod                         0x08000201   Thumb Code    44  uidiv.o(.text)
    __scatterload                            0x0800022d   Thumb Code    28  init.o(.text)
    __scatterload_rt2                        0x0800022d   Thumb Code     0  init.o(.text)
    ADC_ConversionStop_Disable               0x08000251   Thumb Code    92  stm32f1xx_hal_adc.o(i.ADC_ConversionStop_Disable)
    ADC_DMAConvCplt                          0x080002ad   Thumb Code    82  stm32f1xx_hal_adc.o(i.ADC_DMAConvCplt)
    ADC_DMAError                             0x080002ff   Thumb Code    30  stm32f1xx_hal_adc.o(i.ADC_DMAError)
    ADC_DMAHalfConvCplt                      0x0800031d   Thumb Code    14  stm32f1xx_hal_adc.o(i.ADC_DMAHalfConvCplt)
    ADC_Enable                               0x0800032d   Thumb Code   134  stm32f1xx_hal_adc.o(i.ADC_Enable)
    APP_CalibrateJoystickData                0x080003bd   Thumb Code   170  app_processdata.o(i.APP_CalibrateJoystickData)
    APP_ProcessJoystickData                  0x08000485   Thumb Code   398  app_processdata.o(i.APP_ProcessJoystickData)
    APP_ProcessKeyData                       0x0800066d   Thumb Code   114  app_processdata.o(i.APP_ProcessKeyData)
    App_RTOS_Start                           0x080006ed   Thumb Code    88  app_rtos_task.o(i.App_RTOS_Start)
    BusFault_Handler                         0x08000799   Thumb Code     4  stm32f1xx_it.o(i.BusFault_Handler)
    Com_Limit                                0x0800079d   Thumb Code    20  com_tool.o(i.Com_Limit)
    Com_Task                                 0x080007b1   Thumb Code    62  app_rtos_task.o(i.Com_Task)
    DMA1_Channel1_IRQHandler                 0x080007f5   Thumb Code    10  stm32f1xx_it.o(i.DMA1_Channel1_IRQHandler)
    DebugMon_Handler                         0x08000831   Thumb Code     2  stm32f1xx_it.o(i.DebugMon_Handler)
    Error_Handler                            0x08000833   Thumb Code     6  main.o(i.Error_Handler)
    HAL_ADC_ConfigChannel                    0x08000839   Thumb Code   338  stm32f1xx_hal_adc.o(i.HAL_ADC_ConfigChannel)
    HAL_ADC_ConvCpltCallback                 0x08000999   Thumb Code     2  stm32f1xx_hal_adc.o(i.HAL_ADC_ConvCpltCallback)
    HAL_ADC_ConvHalfCpltCallback             0x0800099b   Thumb Code     2  stm32f1xx_hal_adc.o(i.HAL_ADC_ConvHalfCpltCallback)
    HAL_ADC_ErrorCallback                    0x0800099d   Thumb Code     2  stm32f1xx_hal_adc.o(i.HAL_ADC_ErrorCallback)
    HAL_ADC_Init                             0x080009a1   Thumb Code   314  stm32f1xx_hal_adc.o(i.HAL_ADC_Init)
    HAL_ADC_MspInit                          0x08000ae5   Thumb Code   154  adc.o(i.HAL_ADC_MspInit)
    HAL_ADC_Start_DMA                        0x08000b95   Thumb Code   362  stm32f1xx_hal_adc.o(i.HAL_ADC_Start_DMA)
    HAL_DMA_IRQHandler                       0x08000d15   Thumb Code   408  stm32f1xx_hal_dma.o(i.HAL_DMA_IRQHandler)
    HAL_DMA_Init                             0x08000eb1   Thumb Code   100  stm32f1xx_hal_dma.o(i.HAL_DMA_Init)
    HAL_DMA_Start_IT                         0x08000f19   Thumb Code   156  stm32f1xx_hal_dma.o(i.HAL_DMA_Start_IT)
    HAL_Delay                                0x08000fb5   Thumb Code    36  stm32f1xx_hal.o(i.HAL_Delay)
    HAL_GPIO_Init                            0x08000fdd   Thumb Code   766  stm32f1xx_hal_gpio.o(i.HAL_GPIO_Init)
    HAL_GPIO_ReadPin                         0x080012fd   Thumb Code    16  stm32f1xx_hal_gpio.o(i.HAL_GPIO_ReadPin)
    HAL_GPIO_WritePin                        0x0800130d   Thumb Code    12  stm32f1xx_hal_gpio.o(i.HAL_GPIO_WritePin)
    HAL_GetTick                              0x08001319   Thumb Code     6  stm32f1xx_hal.o(i.HAL_GetTick)
    HAL_IncTick                              0x08001325   Thumb Code    16  stm32f1xx_hal.o(i.HAL_IncTick)
    HAL_Init                                 0x0800133d   Thumb Code    34  stm32f1xx_hal.o(i.HAL_Init)
    HAL_InitTick                             0x08001365   Thumb Code    64  stm32f1xx_hal.o(i.HAL_InitTick)
    HAL_MspInit                              0x080013b1   Thumb Code    76  stm32f1xx_hal_msp.o(i.HAL_MspInit)
    HAL_NVIC_EnableIRQ                       0x08001405   Thumb Code    32  stm32f1xx_hal_cortex.o(i.HAL_NVIC_EnableIRQ)
    HAL_NVIC_SetPriority                     0x08001425   Thumb Code   124  stm32f1xx_hal_cortex.o(i.HAL_NVIC_SetPriority)
    HAL_NVIC_SetPriorityGrouping             0x080014a1   Thumb Code    32  stm32f1xx_hal_cortex.o(i.HAL_NVIC_SetPriorityGrouping)
    HAL_RCCEx_PeriphCLKConfig                0x080014c9   Thumb Code   290  stm32f1xx_hal_rcc_ex.o(i.HAL_RCCEx_PeriphCLKConfig)
    HAL_RCC_ClockConfig                      0x080015f9   Thumb Code   376  stm32f1xx_hal_rcc.o(i.HAL_RCC_ClockConfig)
    HAL_RCC_GetHCLKFreq                      0x08001785   Thumb Code     6  stm32f1xx_hal_rcc.o(i.HAL_RCC_GetHCLKFreq)
    HAL_RCC_GetPCLK1Freq                     0x08001791   Thumb Code    22  stm32f1xx_hal_rcc.o(i.HAL_RCC_GetPCLK1Freq)
    HAL_RCC_GetPCLK2Freq                     0x080017b1   Thumb Code    22  stm32f1xx_hal_rcc.o(i.HAL_RCC_GetPCLK2Freq)
    HAL_RCC_GetSysClockFreq                  0x080017d1   Thumb Code    92  stm32f1xx_hal_rcc.o(i.HAL_RCC_GetSysClockFreq)
    HAL_RCC_OscConfig                        0x08001841   Thumb Code  1114  stm32f1xx_hal_rcc.o(i.HAL_RCC_OscConfig)
    HAL_SPI_Init                             0x08001ca5   Thumb Code   190  stm32f1xx_hal_spi.o(i.HAL_SPI_Init)
    HAL_SPI_MspInit                          0x08001d65   Thumb Code   138  spi.o(i.HAL_SPI_MspInit)
    HAL_SPI_TransmitReceive                  0x08001e01   Thumb Code   584  stm32f1xx_hal_spi.o(i.HAL_SPI_TransmitReceive)
    HAL_SYSTICK_Config                       0x08002049   Thumb Code    52  stm32f1xx_hal_cortex.o(i.HAL_SYSTICK_Config)
    HAL_UART_Init                            0x0800207d   Thumb Code   118  stm32f1xx_hal_uart.o(i.HAL_UART_Init)
    HAL_UART_MspInit                         0x080020f5   Thumb Code   122  usart.o(i.HAL_UART_MspInit)
    HAL_UART_Transmit                        0x0800217d   Thumb Code   190  stm32f1xx_hal_uart.o(i.HAL_UART_Transmit)
    HardFault_Handler                        0x0800223b   Thumb Code     4  stm32f1xx_it.o(i.HardFault_Handler)
    Init_Power                               0x08002241   Thumb Code    32  power.o(i.Init_Power)
    Joystick_GetValue                        0x08002265   Thumb Code    34  joystick.o(i.Joystick_GetValue)
    Joystick_Init                            0x0800228d   Thumb Code    14  joystick.o(i.Joystick_Init)
    Joystick_Task                            0x080022a5   Thumb Code    28  app_rtos_task.o(i.Joystick_Task)
    KEY_Task                                 0x080022c1   Thumb Code    28  app_rtos_task.o(i.KEY_Task)
    Key_Scan                                 0x080022dd   Thumb Code   378  key.o(i.Key_Scan)
    MX_ADC1_Init                             0x0800245d   Thumb Code   150  adc.o(i.MX_ADC1_Init)
    MX_DMA_Init                              0x080024fd   Thumb Code    48  dma.o(i.MX_DMA_Init)
    MX_GPIO_Init                             0x08002531   Thumb Code   220  gpio.o(i.MX_GPIO_Init)
    MX_SPI1_Init                             0x08002619   Thumb Code    60  spi.o(i.MX_SPI1_Init)
    MX_USART1_UART_Init                      0x0800265d   Thumb Code    46  usart.o(i.MX_USART1_UART_Init)
    MemManage_Handler                        0x08002695   Thumb Code     4  stm32f1xx_it.o(i.MemManage_Handler)
    NMI_Handler                              0x08002699   Thumb Code     4  stm32f1xx_it.o(i.NMI_Handler)
    Power_Task                               0x0800269d   Thumb Code    30  app_rtos_task.o(i.Power_Task)
    SI24R1_Check                             0x080026e5   Thumb Code    54  si24r1.o(i.SI24R1_Check)
    SI24R1_Init                              0x08002725   Thumb Code    66  si24r1.o(i.SI24R1_Init)
    SI24R1_RX_Mode                           0x0800279d   Thumb Code    90  si24r1.o(i.SI24R1_RX_Mode)
    SI24R1_Read_Buf                          0x08002801   Thumb Code    66  si24r1.o(i.SI24R1_Read_Buf)
    SI24R1_Read_Reg                          0x08002849   Thumb Code    44  si24r1.o(i.SI24R1_Read_Reg)
    SI24R1_TX_Mode                           0x08002879   Thumb Code    92  si24r1.o(i.SI24R1_TX_Mode)
    SI24R1_TxPacket                          0x080028dd   Thumb Code   112  si24r1.o(i.SI24R1_TxPacket)
    SI24R1_Write_Buf                         0x08002951   Thumb Code    66  si24r1.o(i.SI24R1_Write_Buf)
    SI24R1_Write_Reg                         0x08002999   Thumb Code    46  si24r1.o(i.SI24R1_Write_Reg)
    SysTick_Handler                          0x08002b0d   Thumb Code    20  stm32f1xx_it.o(i.SysTick_Handler)
    SystemClock_Config                       0x08002b21   Thumb Code   132  main.o(i.SystemClock_Config)
    SystemInit                               0x08002ba5   Thumb Code     2  system_stm32f1xx.o(i.SystemInit)
    UsageFault_Handler                       0x08002d9d   Thumb Code     4  stm32f1xx_it.o(i.UsageFault_Handler)
    __0printf$3                              0x08002da1   Thumb Code    22  printf3.o(i.__0printf$3)
    __1printf$3                              0x08002da1   Thumb Code     0  printf3.o(i.__0printf$3)
    __2printf                                0x08002da1   Thumb Code     0  printf3.o(i.__0printf$3)
    __scatterload_copy                       0x08002df9   Thumb Code    14  handlers.o(i.__scatterload_copy)
    __scatterload_null                       0x08002e07   Thumb Code     2  handlers.o(i.__scatterload_null)
    __scatterload_zeroinit                   0x08002e09   Thumb Code    14  handlers.o(i.__scatterload_zeroinit)
    fputc                                    0x08002fd1   Thumb Code    22  com_debug.o(i.fputc)
    main                                     0x08002fed   Thumb Code    40  main.o(i.main)
    pvPortMalloc                             0x08003441   Thumb Code   208  heap_4.o(i.pvPortMalloc)
    pxPortInitialiseStack                    0x08003525   Thumb Code    30  port.o(i.pxPortInitialiseStack)
    uxListRemove                             0x08003549   Thumb Code    40  list.o(i.uxListRemove)
    vListInitialise                          0x08003571   Thumb Code    26  list.o(i.vListInitialise)
    vListInitialiseItem                      0x0800358b   Thumb Code     6  list.o(i.vListInitialiseItem)
    vListInsert                              0x08003591   Thumb Code    52  list.o(i.vListInsert)
    vPortEnterCritical                       0x080035c5   Thumb Code    30  port.o(i.vPortEnterCritical)
    vPortExitCritical                        0x080035e9   Thumb Code    28  port.o(i.vPortExitCritical)
    vPortFree                                0x08003609   Thumb Code    68  heap_4.o(i.vPortFree)
    vPortSetupTimerInterrupt                 0x08003655   Thumb Code    20  port.o(i.vPortSetupTimerInterrupt)
    vTaskDelay                               0x0800366d   Thumb Code    46  tasks.o(i.vTaskDelay)
    vTaskStartScheduler                      0x080036a1   Thumb Code    76  tasks.o(i.vTaskStartScheduler)
    vTaskSuspendAll                          0x0800370d   Thumb Code    12  tasks.o(i.vTaskSuspendAll)
    vTaskSwitchContext                       0x0800371d   Thumb Code    76  tasks.o(i.vTaskSwitchContext)
    xPortStartScheduler                      0x0800377d   Thumb Code    42  port.o(i.xPortStartScheduler)
    xPortSysTickHandler                      0x080037b1   Thumb Code    46  port.o(i.xPortSysTickHandler)
    xTaskCreate                              0x080037e5   Thumb Code   104  tasks.o(i.xTaskCreate)
    xTaskDelayUntil                          0x0800384d   Thumb Code   108  tasks.o(i.xTaskDelayUntil)
    xTaskGetSchedulerState                   0x080038c1   Thumb Code    24  tasks.o(i.xTaskGetSchedulerState)
    xTaskGetTickCount                        0x080038e1   Thumb Code     6  tasks.o(i.xTaskGetTickCount)
    xTaskIncrementTick                       0x080038ed   Thumb Code   356  tasks.o(i.xTaskIncrementTick)
    xTaskResumeAll                           0x08003a7d   Thumb Code   310  tasks.o(i.xTaskResumeAll)
    AHBPrescTable                            0x08003bea   Data          16  system_stm32f1xx.o(.constdata)
    APBPrescTable                            0x08003bfa   Data           8  system_stm32f1xx.o(.constdata)
    Region$$Table$$Base                      0x08003c04   Number         0  anon$$obj.o(Region$$Table)
    Region$$Table$$Limit                     0x08003c24   Number         0  anon$$obj.o(Region$$Table)
    uwTick                                   0x20000000   Data           4  stm32f1xx_hal.o(.data)
    uwTickPrio                               0x20000004   Data           4  stm32f1xx_hal.o(.data)
    uwTickFreq                               0x20000008   Data           1  stm32f1xx_hal.o(.data)
    SystemCoreClock                          0x2000000c   Data           4  system_stm32f1xx.o(.data)
    pxCurrentTCB                             0x20000010   Data           4  tasks.o(.data)
    uxTopUsedPriority                        0x20000048   Data           4  tasks.o(.data)
    Power_Task_Handler                       0x20000070   Data           4  app_rtos_task.o(.data)
    Com_Task_Handler                         0x20000074   Data           4  app_rtos_task.o(.data)
    KEY_Task_Handler                         0x20000078   Data           4  app_rtos_task.o(.data)
    Joystick_Task_Handler                    0x2000007c   Data           4  app_rtos_task.o(.data)
    Joystick_Data                            0x20000080   Data           8  app_processdata.o(.data)
    key_offset_pitch                         0x20000088   Data           2  app_processdata.o(.data)
    key_offset_roll                          0x2000008a   Data           2  app_processdata.o(.data)
    remote_offset_throttle                   0x2000008c   Data           2  app_processdata.o(.data)
    remote_offset_pitch                      0x2000008e   Data           2  app_processdata.o(.data)
    remote_offset_yaw                        0x20000090   Data           2  app_processdata.o(.data)
    remote_offset_roll                       0x20000092   Data           2  app_processdata.o(.data)
    TX_ADDRESS                               0x20000094   Data           5  si24r1.o(.data)
    SI24R1_Rx_Buff                           0x20000099   Data           5  si24r1.o(.data)
    ADC_ConvertedValue                       0x2000009e   Data           8  joystick.o(.data)
    __stdout                                 0x200000a8   Data           4  stdout.o(.data)
    hadc1                                    0x200000ac   Data          48  adc.o(.bss)
    hdma_adc1                                0x200000dc   Data          68  adc.o(.bss)
    hspi1                                    0x20000120   Data          88  spi.o(.bss)
    huart1                                   0x20000178   Data          72  usart.o(.bss)
    test_data                                0x20004688   Data          32  app_rtos_task.o(.bss)
    remote_Data                              0x200046a8   Data          10  app_processdata.o(.bss)
    __initial_sp                             0x20004ab8   Data           0  startup_stm32f103xb.o(STACK)



==============================================================================

Memory Map of the image

  Image Entry point : 0x080000ed

  Load Region LR_IROM1 (Base: 0x08000000, Size: 0x00003cd0, Max: 0x00010000, ABSOLUTE)

    Execution Region ER_IROM1 (Exec base: 0x08000000, Load base: 0x08000000, Size: 0x00003c24, Max: 0x00010000, ABSOLUTE)

    Exec Addr    Load Addr    Size         Type   Attr      Idx    E Section Name        Object

    0x08000000   0x08000000   0x000000ec   Data   RO            3    RESET               startup_stm32f103xb.o
    0x080000ec   0x080000ec   0x00000000   Code   RO         3731  * .ARM.Collect$$$$00000000  mc_w.l(entry.o)
    0x080000ec   0x080000ec   0x00000004   Code   RO         4005    .ARM.Collect$$$$00000001  mc_w.l(entry2.o)
    0x080000f0   0x080000f0   0x00000004   Code   RO         4008    .ARM.Collect$$$$00000004  mc_w.l(entry5.o)
    0x080000f4   0x080000f4   0x00000000   Code   RO         4010    .ARM.Collect$$$$00000008  mc_w.l(entry7b.o)
    0x080000f4   0x080000f4   0x00000000   Code   RO         4012    .ARM.Collect$$$$0000000A  mc_w.l(entry8b.o)
    0x080000f4   0x080000f4   0x00000008   Code   RO         4013    .ARM.Collect$$$$0000000B  mc_w.l(entry9a.o)
    0x080000fc   0x080000fc   0x00000000   Code   RO         4015    .ARM.Collect$$$$0000000D  mc_w.l(entry10a.o)
    0x080000fc   0x080000fc   0x00000000   Code   RO         4017    .ARM.Collect$$$$0000000F  mc_w.l(entry11a.o)
    0x080000fc   0x080000fc   0x00000004   Code   RO         4006    .ARM.Collect$$$$00002712  mc_w.l(entry2.o)
    0x08000100   0x08000100   0x00000096   Code   RO         3383    .emb_text           port.o
    0x08000196   0x08000196   0x00000002   PAD
    0x08000198   0x08000198   0x00000024   Code   RO            4    .text               startup_stm32f103xb.o
    0x080001bc   0x080001bc   0x00000024   Code   RO         3738    .text               mc_w.l(memseta.o)
    0x080001e0   0x080001e0   0x00000020   Code   RO         3740    .text               mc_w.l(strrchr.o)
    0x08000200   0x08000200   0x0000002c   Code   RO         4020    .text               mc_w.l(uidiv.o)
    0x0800022c   0x0800022c   0x00000024   Code   RO         4035    .text               mc_w.l(init.o)
    0x08000250   0x08000250   0x0000005c   Code   RO          523    i.ADC_ConversionStop_Disable  stm32f1xx_hal_adc.o
    0x080002ac   0x080002ac   0x00000052   Code   RO          524    i.ADC_DMAConvCplt   stm32f1xx_hal_adc.o
    0x080002fe   0x080002fe   0x0000001e   Code   RO          525    i.ADC_DMAError      stm32f1xx_hal_adc.o
    0x0800031c   0x0800031c   0x0000000e   Code   RO          526    i.ADC_DMAHalfConvCplt  stm32f1xx_hal_adc.o
    0x0800032a   0x0800032a   0x00000002   PAD
    0x0800032c   0x0800032c   0x00000090   Code   RO          527    i.ADC_Enable        stm32f1xx_hal_adc.o
    0x080003bc   0x080003bc   0x000000c8   Code   RO         3512    i.APP_CalibrateJoystickData  app_processdata.o
    0x08000484   0x08000484   0x000001e8   Code   RO         3513    i.APP_ProcessJoystickData  app_processdata.o
    0x0800066c   0x0800066c   0x00000080   Code   RO         3514    i.APP_ProcessKeyData  app_processdata.o
    0x080006ec   0x080006ec   0x000000ac   Code   RO         3457    i.App_RTOS_Start    app_rtos_task.o
    0x08000798   0x08000798   0x00000004   Code   RO          393    i.BusFault_Handler  stm32f1xx_it.o
    0x0800079c   0x0800079c   0x00000014   Code   RO         2566    i.Com_Limit         com_tool.o
    0x080007b0   0x080007b0   0x00000044   Code   RO         3458    i.Com_Task          app_rtos_task.o
    0x080007f4   0x080007f4   0x00000010   Code   RO          394    i.DMA1_Channel1_IRQHandler  stm32f1xx_it.o
    0x08000804   0x08000804   0x0000002c   Code   RO         1184    i.DMA_SetConfig     stm32f1xx_hal_dma.o
    0x08000830   0x08000830   0x00000002   Code   RO          395    i.DebugMon_Handler  stm32f1xx_it.o
    0x08000832   0x08000832   0x00000006   Code   RO           13    i.Error_Handler     main.o
    0x08000838   0x08000838   0x00000160   Code   RO          529    i.HAL_ADC_ConfigChannel  stm32f1xx_hal_adc.o
    0x08000998   0x08000998   0x00000002   Code   RO          530    i.HAL_ADC_ConvCpltCallback  stm32f1xx_hal_adc.o
    0x0800099a   0x0800099a   0x00000002   Code   RO          531    i.HAL_ADC_ConvHalfCpltCallback  stm32f1xx_hal_adc.o
    0x0800099c   0x0800099c   0x00000002   Code   RO          533    i.HAL_ADC_ErrorCallback  stm32f1xx_hal_adc.o
    0x0800099e   0x0800099e   0x00000002   PAD
    0x080009a0   0x080009a0   0x00000144   Code   RO          538    i.HAL_ADC_Init      stm32f1xx_hal_adc.o
    0x08000ae4   0x08000ae4   0x000000b0   Code   RO          244    i.HAL_ADC_MspInit   adc.o
    0x08000b94   0x08000b94   0x00000180   Code   RO          545    i.HAL_ADC_Start_DMA  stm32f1xx_hal_adc.o
    0x08000d14   0x08000d14   0x0000019c   Code   RO         1190    i.HAL_DMA_IRQHandler  stm32f1xx_hal_dma.o
    0x08000eb0   0x08000eb0   0x00000068   Code   RO         1191    i.HAL_DMA_Init      stm32f1xx_hal_dma.o
    0x08000f18   0x08000f18   0x0000009c   Code   RO         1195    i.HAL_DMA_Start_IT  stm32f1xx_hal_dma.o
    0x08000fb4   0x08000fb4   0x00000028   Code   RO          806    i.HAL_Delay         stm32f1xx_hal.o
    0x08000fdc   0x08000fdc   0x00000320   Code   RO         1121    i.HAL_GPIO_Init     stm32f1xx_hal_gpio.o
    0x080012fc   0x080012fc   0x00000010   Code   RO         1123    i.HAL_GPIO_ReadPin  stm32f1xx_hal_gpio.o
    0x0800130c   0x0800130c   0x0000000c   Code   RO         1125    i.HAL_GPIO_WritePin  stm32f1xx_hal_gpio.o
    0x08001318   0x08001318   0x0000000c   Code   RO          810    i.HAL_GetTick       stm32f1xx_hal.o
    0x08001324   0x08001324   0x00000018   Code   RO          816    i.HAL_IncTick       stm32f1xx_hal.o
    0x0800133c   0x0800133c   0x00000028   Code   RO          817    i.HAL_Init          stm32f1xx_hal.o
    0x08001364   0x08001364   0x0000004c   Code   RO          818    i.HAL_InitTick      stm32f1xx_hal.o
    0x080013b0   0x080013b0   0x00000054   Code   RO          463    i.HAL_MspInit       stm32f1xx_hal_msp.o
    0x08001404   0x08001404   0x00000020   Code   RO         1281    i.HAL_NVIC_EnableIRQ  stm32f1xx_hal_cortex.o
    0x08001424   0x08001424   0x0000007c   Code   RO         1287    i.HAL_NVIC_SetPriority  stm32f1xx_hal_cortex.o
    0x080014a0   0x080014a0   0x00000028   Code   RO         1288    i.HAL_NVIC_SetPriorityGrouping  stm32f1xx_hal_cortex.o
    0x080014c8   0x080014c8   0x00000130   Code   RO         1083    i.HAL_RCCEx_PeriphCLKConfig  stm32f1xx_hal_rcc_ex.o
    0x080015f8   0x080015f8   0x0000018c   Code   RO          974    i.HAL_RCC_ClockConfig  stm32f1xx_hal_rcc.o
    0x08001784   0x08001784   0x0000000c   Code   RO          979    i.HAL_RCC_GetHCLKFreq  stm32f1xx_hal_rcc.o
    0x08001790   0x08001790   0x00000020   Code   RO          981    i.HAL_RCC_GetPCLK1Freq  stm32f1xx_hal_rcc.o
    0x080017b0   0x080017b0   0x00000020   Code   RO          982    i.HAL_RCC_GetPCLK2Freq  stm32f1xx_hal_rcc.o
    0x080017d0   0x080017d0   0x00000070   Code   RO          983    i.HAL_RCC_GetSysClockFreq  stm32f1xx_hal_rcc.o
    0x08001840   0x08001840   0x00000464   Code   RO          986    i.HAL_RCC_OscConfig  stm32f1xx_hal_rcc.o
    0x08001ca4   0x08001ca4   0x000000be   Code   RO         1818    i.HAL_SPI_Init      stm32f1xx_hal_spi.o
    0x08001d62   0x08001d62   0x00000002   PAD
    0x08001d64   0x08001d64   0x0000009c   Code   RO          310    i.HAL_SPI_MspInit   spi.o
    0x08001e00   0x08001e00   0x00000248   Code   RO         1827    i.HAL_SPI_TransmitReceive  stm32f1xx_hal_spi.o
    0x08002048   0x08002048   0x00000034   Code   RO         1292    i.HAL_SYSTICK_Config  stm32f1xx_hal_cortex.o
    0x0800207c   0x0800207c   0x00000076   Code   RO         2159    i.HAL_UART_Init     stm32f1xx_hal_uart.o
    0x080020f2   0x080020f2   0x00000002   PAD
    0x080020f4   0x080020f4   0x00000088   Code   RO          352    i.HAL_UART_MspInit  usart.o
    0x0800217c   0x0800217c   0x000000be   Code   RO         2167    i.HAL_UART_Transmit  stm32f1xx_hal_uart.o
    0x0800223a   0x0800223a   0x00000004   Code   RO          396    i.HardFault_Handler  stm32f1xx_it.o
    0x0800223e   0x0800223e   0x00000002   PAD
    0x08002240   0x08002240   0x00000024   Code   RO         3561    i.Init_Power        power.o
    0x08002264   0x08002264   0x00000028   Code   RO         3701    i.Joystick_GetValue  joystick.o
    0x0800228c   0x0800228c   0x00000018   Code   RO         3702    i.Joystick_Init     joystick.o
    0x080022a4   0x080022a4   0x0000001c   Code   RO         3459    i.Joystick_Task     app_rtos_task.o
    0x080022c0   0x080022c0   0x0000001c   Code   RO         3460    i.KEY_Task          app_rtos_task.o
    0x080022dc   0x080022dc   0x00000180   Code   RO         3677    i.Key_Scan          key.o
    0x0800245c   0x0800245c   0x000000a0   Code   RO          245    i.MX_ADC1_Init      adc.o
    0x080024fc   0x080024fc   0x00000034   Code   RO          285    i.MX_DMA_Init       dma.o
    0x08002530   0x08002530   0x000000e8   Code   RO          219    i.MX_GPIO_Init      gpio.o
    0x08002618   0x08002618   0x00000044   Code   RO          311    i.MX_SPI1_Init      spi.o
    0x0800265c   0x0800265c   0x00000038   Code   RO          353    i.MX_USART1_UART_Init  usart.o
    0x08002694   0x08002694   0x00000004   Code   RO          397    i.MemManage_Handler  stm32f1xx_it.o
    0x08002698   0x08002698   0x00000004   Code   RO          398    i.NMI_Handler       stm32f1xx_it.o
    0x0800269c   0x0800269c   0x0000001e   Code   RO         3461    i.Power_Task        app_rtos_task.o
    0x080026ba   0x080026ba   0x00000002   PAD
    0x080026bc   0x080026bc   0x00000028   Code   RO          987    i.RCC_Delay         stm32f1xx_hal_rcc.o
    0x080026e4   0x080026e4   0x00000040   Code   RO         3588    i.SI24R1_Check      si24r1.o
    0x08002724   0x08002724   0x00000078   Code   RO         3589    i.SI24R1_Init       si24r1.o
    0x0800279c   0x0800279c   0x00000064   Code   RO         3590    i.SI24R1_RX_Mode    si24r1.o
    0x08002800   0x08002800   0x00000048   Code   RO         3591    i.SI24R1_Read_Buf   si24r1.o
    0x08002848   0x08002848   0x00000030   Code   RO         3592    i.SI24R1_Read_Reg   si24r1.o
    0x08002878   0x08002878   0x00000064   Code   RO         3594    i.SI24R1_TX_Mode    si24r1.o
    0x080028dc   0x080028dc   0x00000074   Code   RO         3595    i.SI24R1_TxPacket   si24r1.o
    0x08002950   0x08002950   0x00000048   Code   RO         3596    i.SI24R1_Write_Buf  si24r1.o
    0x08002998   0x08002998   0x00000034   Code   RO         3597    i.SI24R1_Write_Reg  si24r1.o
    0x080029cc   0x080029cc   0x00000044   Code   RO         1856    i.SPI_EndRxTxTransaction  stm32f1xx_hal_spi.o
    0x08002a10   0x08002a10   0x00000024   Code   RO         3598    i.SPI_RW            si24r1.o
    0x08002a34   0x08002a34   0x000000d8   Code   RO         1861    i.SPI_WaitFlagStateUntilTimeout  stm32f1xx_hal_spi.o
    0x08002b0c   0x08002b0c   0x00000014   Code   RO          399    i.SysTick_Handler   stm32f1xx_it.o
    0x08002b20   0x08002b20   0x00000084   Code   RO           14    i.SystemClock_Config  main.o
    0x08002ba4   0x08002ba4   0x00000002   Code   RO         2503    i.SystemInit        system_stm32f1xx.o
    0x08002ba6   0x08002ba6   0x0000006c   Code   RO         2182    i.UART_EndRxTransfer  stm32f1xx_hal_uart.o
    0x08002c12   0x08002c12   0x00000002   PAD
    0x08002c14   0x08002c14   0x000000fc   Code   RO         2186    i.UART_SetConfig    stm32f1xx_hal_uart.o
    0x08002d10   0x08002d10   0x0000008c   Code   RO         2190    i.UART_WaitOnFlagUntilTimeout  stm32f1xx_hal_uart.o
    0x08002d9c   0x08002d9c   0x00000004   Code   RO          400    i.UsageFault_Handler  stm32f1xx_it.o
    0x08002da0   0x08002da0   0x00000020   Code   RO         3833    i.__0printf$3       mc_w.l(printf3.o)
    0x08002dc0   0x08002dc0   0x00000010   Code   RO         1294    i.__NVIC_GetPriorityGrouping  stm32f1xx_hal_cortex.o
    0x08002dd0   0x08002dd0   0x00000028   Code   RO         1295    i.__NVIC_SetPriority  stm32f1xx_hal_cortex.o
    0x08002df8   0x08002df8   0x0000000e   Code   RO         4045    i.__scatterload_copy  mc_w.l(handlers.o)
    0x08002e06   0x08002e06   0x00000002   Code   RO         4046    i.__scatterload_null  mc_w.l(handlers.o)
    0x08002e08   0x08002e08   0x0000000e   Code   RO         4047    i.__scatterload_zeroinit  mc_w.l(handlers.o)
    0x08002e16   0x08002e16   0x00000002   PAD
    0x08002e18   0x08002e18   0x000001b8   Code   RO         3840    i._printf_core      mc_w.l(printf3.o)
    0x08002fd0   0x08002fd0   0x0000001c   Code   RO         2539    i.fputc             com_debug.o
    0x08002fec   0x08002fec   0x00000028   Code   RO           15    i.main              main.o
    0x08003014   0x08003014   0x000000c0   Code   RO         3010    i.prvAddCurrentTaskToDelayedList  tasks.o
    0x080030d4   0x080030d4   0x000000e4   Code   RO         3011    i.prvAddNewTaskToReadyList  tasks.o
    0x080031b8   0x080031b8   0x00000048   Code   RO         3012    i.prvCheckTasksWaitingTermination  tasks.o
    0x08003200   0x08003200   0x00000012   Code   RO         3013    i.prvDeleteTCB      tasks.o
    0x08003212   0x08003212   0x00000002   PAD
    0x08003214   0x08003214   0x00000070   Code   RO         3322    i.prvHeapInit       heap_4.o
    0x08003284   0x08003284   0x00000028   Code   RO         3014    i.prvIdleTask       tasks.o
    0x080032ac   0x080032ac   0x0000007a   Code   RO         3015    i.prvInitialiseNewTask  tasks.o
    0x08003326   0x08003326   0x00000002   PAD
    0x08003328   0x08003328   0x00000068   Code   RO         3016    i.prvInitialiseTaskLists  tasks.o
    0x08003390   0x08003390   0x00000068   Code   RO         3323    i.prvInsertBlockIntoFreeList  heap_4.o
    0x080033f8   0x080033f8   0x00000030   Code   RO         3017    i.prvResetNextTaskUnblockTime  tasks.o
    0x08003428   0x08003428   0x00000016   Code   RO         3384    i.prvTaskExitError  port.o
    0x0800343e   0x0800343e   0x00000002   PAD
    0x08003440   0x08003440   0x000000e4   Code   RO         3325    i.pvPortMalloc      heap_4.o
    0x08003524   0x08003524   0x00000024   Code   RO         3385    i.pxPortInitialiseStack  port.o
    0x08003548   0x08003548   0x00000028   Code   RO         2691    i.uxListRemove      list.o
    0x08003570   0x08003570   0x0000001a   Code   RO         2692    i.vListInitialise   list.o
    0x0800358a   0x0800358a   0x00000006   Code   RO         2693    i.vListInitialiseItem  list.o
    0x08003590   0x08003590   0x00000034   Code   RO         2694    i.vListInsert       list.o
    0x080035c4   0x080035c4   0x00000024   Code   RO         3387    i.vPortEnterCritical  port.o
    0x080035e8   0x080035e8   0x00000020   Code   RO         3388    i.vPortExitCritical  port.o
    0x08003608   0x08003608   0x0000004c   Code   RO         3326    i.vPortFree         heap_4.o
    0x08003654   0x08003654   0x00000018   Code   RO         3389    i.vPortSetupTimerInterrupt  port.o
    0x0800366c   0x0800366c   0x00000034   Code   RO         3025    i.vTaskDelay        tasks.o
    0x080036a0   0x080036a0   0x0000006c   Code   RO         3037    i.vTaskStartScheduler  tasks.o
    0x0800370c   0x0800370c   0x00000010   Code   RO         3039    i.vTaskSuspendAll   tasks.o
    0x0800371c   0x0800371c   0x00000060   Code   RO         3040    i.vTaskSwitchContext  tasks.o
    0x0800377c   0x0800377c   0x00000034   Code   RO         3390    i.xPortStartScheduler  port.o
    0x080037b0   0x080037b0   0x00000034   Code   RO         3391    i.xPortSysTickHandler  port.o
    0x080037e4   0x080037e4   0x00000068   Code   RO         3043    i.xTaskCreate       tasks.o
    0x0800384c   0x0800384c   0x00000074   Code   RO         3044    i.xTaskDelayUntil   tasks.o
    0x080038c0   0x080038c0   0x00000020   Code   RO         3050    i.xTaskGetSchedulerState  tasks.o
    0x080038e0   0x080038e0   0x0000000c   Code   RO         3051    i.xTaskGetTickCount  tasks.o
    0x080038ec   0x080038ec   0x00000190   Code   RO         3053    i.xTaskIncrementTick  tasks.o
    0x08003a7c   0x08003a7c   0x0000015c   Code   RO         3055    i.xTaskResumeAll    tasks.o
    0x08003bd8   0x08003bd8   0x00000012   Data   RO          988    .constdata          stm32f1xx_hal_rcc.o
    0x08003bea   0x08003bea   0x00000018   Data   RO         2504    .constdata          system_stm32f1xx.o
    0x08003c02   0x08003c02   0x00000002   PAD
    0x08003c04   0x08003c04   0x00000020   Data   RO         4043    Region$$Table       anon$$obj.o


    Execution Region RW_IRAM1 (Exec base: 0x20000000, Load base: 0x08003c24, Size: 0x00004ab8, Max: 0x00005000, ABSOLUTE)

    Exec Addr    Load Addr    Size         Type   Attr      Idx    E Section Name        Object

    0x20000000   0x08003c24   0x00000009   Data   RW          824    .data               stm32f1xx_hal.o
    0x20000009   0x08003c2d   0x00000003   PAD
    0x2000000c   0x08003c30   0x00000004   Data   RW         2505    .data               system_stm32f1xx.o
    0x20000010   0x08003c34   0x00000040   Data   RW         3058    .data               tasks.o
    0x20000050   0x08003c74   0x0000001c   Data   RW         3332    .data               heap_4.o
    0x2000006c   0x08003c90   0x00000004   Data   RW         3392    .data               port.o
    0x20000070   0x08003c94   0x00000010   Data   RW         3463    .data               app_rtos_task.o
    0x20000080   0x08003ca4   0x00000014   Data   RW         3516    .data               app_processdata.o
    0x20000094   0x08003cb8   0x0000000a   Data   RW         3599    .data               si24r1.o
    0x2000009e   0x08003cc2   0x00000008   Data   RW         3703    .data               joystick.o
    0x200000a6   0x08003cca   0x00000002   PAD
    0x200000a8   0x08003ccc   0x00000004   Data   RW         4019    .data               mc_w.l(stdout.o)
    0x200000ac        -       0x00000074   Zero   RW          246    .bss                adc.o
    0x20000120        -       0x00000058   Zero   RW          312    .bss                spi.o
    0x20000178        -       0x00000048   Zero   RW          354    .bss                usart.o
    0x200001c0        -       0x000000c8   Zero   RW         3057    .bss                tasks.o
    0x20000288        -       0x00004400   Zero   RW         3331    .bss                heap_4.o
    0x20004688        -       0x00000020   Zero   RW         3462    .bss                app_rtos_task.o
    0x200046a8        -       0x0000000a   Zero   RW         3515    .bss                app_processdata.o
    0x200046b2   0x08003cd0   0x00000006   PAD
    0x200046b8        -       0x00000400   Zero   RW            1    STACK               startup_stm32f103xb.o


==============================================================================

Image component sizes


      Code (inc. data)   RO Data    RW Data    ZI Data      Debug   Object Name

       336         32          0          0        116       1863   adc.o
       816        134          0         20         10       3864   app_processdata.o
       326         90          0         16         32       3803   app_rtos_task.o
        28          6          0          0          0        520   com_debug.o
        20          0          0          0          0        592   com_tool.o
        52          4          0          0          0        770   dma.o
         0          0          0          0          0       2524   event_groups.o
       232         12          0          0          0       1007   gpio.o
       520         58          0         28      17408       4523   heap_4.o
        64         16          0          8          0       1513   joystick.o
       384          6          0          0          0        827   key.o
       124          0          0          0          0       2565   list.o
       178          0          0          0          0     432708   main.o
       404         48          0          4          0       8896   port.o
        36          4          0          0          0        453   power.o
       780        112          0         10          0       6351   si24r1.o
       224         26          0          0         88       1753   spi.o
        36          8        236          0       1024        816   startup_stm32f103xb.o
       192         36          0          9          0       6001   stm32f1xx_hal.o
      1428         56          0          0          0       8514   stm32f1xx_hal_adc.o
       304         22          0          0          0      29527   stm32f1xx_hal_cortex.o
       716          8          0          0          0       3555   stm32f1xx_hal_dma.o
       828         34          0          0          0       3371   stm32f1xx_hal_gpio.o
        84          8          0          0          0        922   stm32f1xx_hal_msp.o
      1748         98         18          0          0       6080   stm32f1xx_hal_rcc.o
       304         14          0          0          0       1428   stm32f1xx_hal_rcc_ex.o
      1058          6          0          0          0       4509   stm32f1xx_hal_spi.o
       808          4          0          0          0       4464   stm32f1xx_hal_uart.o
        58          6          0          0          0       3674   stm32f1xx_it.o
         2          0         24          4          0       1163   system_stm32f1xx.o
      2108        284          0         64        200      27502   tasks.o
       192         24          0          0         72       1718   usart.o

    ----------------------------------------------------------------------
     14412       1156        312        168      18956     577776   Object Totals
         0          0         32          0          0          0   (incl. Generated)
        22          0          2          5          6          0   (incl. Padding)

    ----------------------------------------------------------------------

      Code (inc. data)   RO Data    RW Data    ZI Data      Debug   Library Member Name

         0          0          0          0          0          0   entry.o
         0          0          0          0          0          0   entry10a.o
         0          0          0          0          0          0   entry11a.o
         8          4          0          0          0          0   entry2.o
         4          0          0          0          0          0   entry5.o
         0          0          0          0          0          0   entry7b.o
         0          0          0          0          0          0   entry8b.o
         8          4          0          0          0          0   entry9a.o
        30          0          0          0          0          0   handlers.o
        36          8          0          0          0         68   init.o
        36          0          0          0          0        108   memseta.o
       472         14          0          0          0        184   printf3.o
         0          0          0          4          0          0   stdout.o
        32          0          0          0          0         68   strrchr.o
        44          0          0          0          0         80   uidiv.o

    ----------------------------------------------------------------------
       672         30          0          4          0        508   Library Totals
         2          0          0          0          0          0   (incl. Padding)

    ----------------------------------------------------------------------

      Code (inc. data)   RO Data    RW Data    ZI Data      Debug   Library Name

       670         30          0          4          0        508   mc_w.l

    ----------------------------------------------------------------------
       672         30          0          4          0        508   Library Totals

    ----------------------------------------------------------------------

==============================================================================


      Code (inc. data)   RO Data    RW Data    ZI Data      Debug   

     15084       1186        312        172      18956     572040   Grand Totals
     15084       1186        312        172      18956     572040   ELF Image Totals
     15084       1186        312        172          0          0   ROM Totals

==============================================================================

    Total RO  Size (Code + RO Data)                15396 (  15.04kB)
    Total RW  Size (RW Data + ZI Data)             19128 (  18.68kB)
    Total ROM Size (Code + RO Data + RW Data)      15568 (  15.20kB)

==============================================================================

