<html>
<body>
<pre>
<h1>µVision Build Log</h1>
<h2>Tool Versions:</h2>
IDE-Version: µVision V5.24.2.0
Copyright (C) 2017 ARM Ltd and ARM Germany GmbH. All rights reserved.
License Information: Starry 3181793776@qq.com, 1, LIC=RC93N-YM8EI-01GP1-CT300-J9CML-TVGCG
 
Tool Versions:
Toolchain:       MDK-ARM Plus  Version: 5.24.1
Toolchain Path:  D:\App\Keil\Keil Core\ARM\ARMCC\Bin
C Compiler:      Armcc.exe V5.06 update 5 (build 528)
Assembler:       Armasm.exe V5.06 update 5 (build 528)
Linker/Locator:  ArmLink.exe V5.06 update 5 (build 528)
Library Manager: ArmAr.exe V5.06 update 5 (build 528)
Hex Converter:   FromElf.exe V5.06 update 5 (build 528)
CPU DLL:         SARMCM3.DLL V5.24.1
Dialog DLL:      DCM.DLL V1.16.0.0
Target DLL:      STLink\ST-LINKIII-KEIL_SWO.dll V3.0.1.0
Dialog DLL:      TCM.DLL V1.32.0.0
 
<h2>Project:</h2>
D:\About code\STM32-Project\My_Drone\4_FreeRTOS_Code\Test_Project\MDK-ARM\Test_Project.uvprojx
Project File Date:  06/16/2026

<h2>Output:</h2>
*** Using Compiler 'V5.06 update 5 (build 528)', folder: 'D:\App\Keil\Keil Core\ARM\ARMCC\Bin'
*** Note: Rebuilding project, since 'Options->Output->Create Batch File' is selected.
Rebuild target 'Test_Project'
assembling startup_stm32f103xb.s...
compiling main.c...
compiling gpio.c...
compiling stm32f1xx_it.c...
compiling stm32f1xx_hal_msp.c...
compiling stm32f1xx_hal_gpio_ex.c...
compiling stm32f1xx_hal.c...
compiling stm32f1xx_hal_rcc.c...
compiling stm32f1xx_hal_rcc_ex.c...
compiling stm32f1xx_hal_gpio.c...
compiling stm32f1xx_hal_dma.c...
compiling stm32f1xx_hal_cortex.c...
compiling stm32f1xx_hal_pwr.c...
compiling stm32f1xx_hal_flash.c...
compiling stm32f1xx_hal_flash_ex.c...
compiling stm32f1xx_hal_exti.c...
compiling system_stm32f1xx.c...
linking...
Program Size: Code=1870 RO-data=302 RW-data=16 ZI-data=1024  
FromELF: creating hex file...
"Test_Project\Test_Project.axf" - 0 Error(s), 0 Warning(s).

<h2>Software Packages used:</h2>

Package Vendor: ARM
                http://www.keil.com/pack/ARM.CMSIS.5.0.1.pack
                ARM.CMSIS.5.0.1
                CMSIS (Cortex Microcontroller Software Interface Standard)
   * Component: CORE Version: 5.0.1

Package Vendor: Keil
                http://www.keil.com/pack/Keil.STM32F1xx_DFP.2.2.0.pack
                Keil.STM32F1xx_DFP.2.2.0
                STMicroelectronics STM32F1 Series Device Support, Drivers and Examples

<h2>Collection of Component include folders:</h2>
  .\RTE\_Test_Project
  D:\App\Keil\Keil Pack\ARM\CMSIS\5.0.1\CMSIS\Include
  D:\App\Keil\Keil Pack\Keil\STM32F1xx_DFP\2.2.0\Device\Include

<h2>Collection of Component Files used:</h2>

   * Component: ARM::CMSIS:CORE:5.0.1
Build Time Elapsed:  00:00:12
</pre>
</body>
</html>
