Component: ARM Compiler 5.06 update 5 (build 528) Tool: armlink [4d35e2]

==============================================================================

Section Cross References

    startup_stm32f103xb.o(RESET) refers to startup_stm32f103xb.o(STACK) for __initial_sp
    startup_stm32f103xb.o(RESET) refers to startup_stm32f103xb.o(.text) for Reset_Handler
    startup_stm32f103xb.o(RESET) refers to stm32f1xx_it.o(i.NMI_Handler) for NMI_Handler
    startup_stm32f103xb.o(RESET) refers to stm32f1xx_it.o(i.HardFault_Handler) for HardFault_Handler
    startup_stm32f103xb.o(RESET) refers to stm32f1xx_it.o(i.MemManage_Handler) for MemManage_Handler
    startup_stm32f103xb.o(RESET) refers to stm32f1xx_it.o(i.BusFault_Handler) for BusFault_Handler
    startup_stm32f103xb.o(RESET) refers to stm32f1xx_it.o(i.UsageFault_Handler) for UsageFault_Handler
    startup_stm32f103xb.o(RESET) refers to port.o(.emb_text) for SVC_Handler
    startup_stm32f103xb.o(RESET) refers to stm32f1xx_it.o(i.DebugMon_Handler) for DebugMon_Handler
    startup_stm32f103xb.o(RESET) refers to stm32f1xx_it.o(i.SysTick_Handler) for SysTick_Handler
    startup_stm32f103xb.o(.text) refers to system_stm32f1xx.o(i.SystemInit) for SystemInit
    startup_stm32f103xb.o(.text) refers to entry.o(.ARM.Collect$$$$00000000) for __main
    main.o(i.SystemClock_Config) refers to memseta.o(.text) for __aeabi_memclr4
    main.o(i.SystemClock_Config) refers to stm32f1xx_hal_rcc.o(i.HAL_RCC_OscConfig) for HAL_RCC_OscConfig
    main.o(i.SystemClock_Config) refers to main.o(i.Error_Handler) for Error_Handler
    main.o(i.SystemClock_Config) refers to stm32f1xx_hal_rcc.o(i.HAL_RCC_ClockConfig) for HAL_RCC_ClockConfig
    main.o(i.main) refers to stm32f1xx_hal.o(i.HAL_Init) for HAL_Init
    main.o(i.main) refers to main.o(i.SystemClock_Config) for SystemClock_Config
    main.o(i.main) refers to gpio.o(i.MX_GPIO_Init) for MX_GPIO_Init
    main.o(i.main) refers to usart.o(i.MX_USART2_UART_Init) for MX_USART2_UART_Init
    main.o(i.main) refers to tim.o(i.MX_TIM1_Init) for MX_TIM1_Init
    main.o(i.main) refers to tim.o(i.MX_TIM2_Init) for MX_TIM2_Init
    main.o(i.main) refers to tim.o(i.MX_TIM3_Init) for MX_TIM3_Init
    main.o(i.main) refers to tim.o(i.MX_TIM4_Init) for MX_TIM4_Init
    main.o(i.main) refers to app_rtos_task.o(i.APP_RTOS_Start) for APP_RTOS_Start
    gpio.o(i.MX_GPIO_Init) refers to stm32f1xx_hal_gpio.o(i.HAL_GPIO_WritePin) for HAL_GPIO_WritePin
    gpio.o(i.MX_GPIO_Init) refers to stm32f1xx_hal_gpio.o(i.HAL_GPIO_Init) for HAL_GPIO_Init
    tim.o(i.HAL_TIM_MspPostInit) refers to stm32f1xx_hal_gpio.o(i.HAL_GPIO_Init) for HAL_GPIO_Init
    tim.o(i.MX_TIM1_Init) refers to memseta.o(.text) for __aeabi_memclr4
    tim.o(i.MX_TIM1_Init) refers to stm32f1xx_hal_tim.o(i.HAL_TIM_Base_Init) for HAL_TIM_Base_Init
    tim.o(i.MX_TIM1_Init) refers to main.o(i.Error_Handler) for Error_Handler
    tim.o(i.MX_TIM1_Init) refers to stm32f1xx_hal_tim.o(i.HAL_TIM_ConfigClockSource) for HAL_TIM_ConfigClockSource
    tim.o(i.MX_TIM1_Init) refers to stm32f1xx_hal_tim.o(i.HAL_TIM_PWM_Init) for HAL_TIM_PWM_Init
    tim.o(i.MX_TIM1_Init) refers to stm32f1xx_hal_tim_ex.o(i.HAL_TIMEx_MasterConfigSynchronization) for HAL_TIMEx_MasterConfigSynchronization
    tim.o(i.MX_TIM1_Init) refers to stm32f1xx_hal_tim.o(i.HAL_TIM_PWM_ConfigChannel) for HAL_TIM_PWM_ConfigChannel
    tim.o(i.MX_TIM1_Init) refers to stm32f1xx_hal_tim_ex.o(i.HAL_TIMEx_ConfigBreakDeadTime) for HAL_TIMEx_ConfigBreakDeadTime
    tim.o(i.MX_TIM1_Init) refers to tim.o(i.HAL_TIM_MspPostInit) for HAL_TIM_MspPostInit
    tim.o(i.MX_TIM1_Init) refers to tim.o(.bss) for htim1
    tim.o(i.MX_TIM2_Init) refers to memseta.o(.text) for __aeabi_memclr4
    tim.o(i.MX_TIM2_Init) refers to stm32f1xx_hal_tim.o(i.HAL_TIM_Base_Init) for HAL_TIM_Base_Init
    tim.o(i.MX_TIM2_Init) refers to main.o(i.Error_Handler) for Error_Handler
    tim.o(i.MX_TIM2_Init) refers to stm32f1xx_hal_tim.o(i.HAL_TIM_ConfigClockSource) for HAL_TIM_ConfigClockSource
    tim.o(i.MX_TIM2_Init) refers to stm32f1xx_hal_tim.o(i.HAL_TIM_PWM_Init) for HAL_TIM_PWM_Init
    tim.o(i.MX_TIM2_Init) refers to stm32f1xx_hal_tim_ex.o(i.HAL_TIMEx_MasterConfigSynchronization) for HAL_TIMEx_MasterConfigSynchronization
    tim.o(i.MX_TIM2_Init) refers to stm32f1xx_hal_tim.o(i.HAL_TIM_PWM_ConfigChannel) for HAL_TIM_PWM_ConfigChannel
    tim.o(i.MX_TIM2_Init) refers to tim.o(i.HAL_TIM_MspPostInit) for HAL_TIM_MspPostInit
    tim.o(i.MX_TIM2_Init) refers to tim.o(.bss) for htim2
    tim.o(i.MX_TIM3_Init) refers to memseta.o(.text) for __aeabi_memclr4
    tim.o(i.MX_TIM3_Init) refers to stm32f1xx_hal_tim.o(i.HAL_TIM_Base_Init) for HAL_TIM_Base_Init
    tim.o(i.MX_TIM3_Init) refers to main.o(i.Error_Handler) for Error_Handler
    tim.o(i.MX_TIM3_Init) refers to stm32f1xx_hal_tim.o(i.HAL_TIM_ConfigClockSource) for HAL_TIM_ConfigClockSource
[...]
    Removing stm32f1xx_hal.o(i.HAL_GetDEVID), (16 bytes).
    Removing stm32f1xx_hal.o(i.HAL_GetHalVersion), (8 bytes).
    Removing stm32f1xx_hal.o(i.HAL_GetREVID), (12 bytes).
    Removing stm32f1xx_hal.o(i.HAL_GetTickFreq), (12 bytes).
    Removing stm32f1xx_hal.o(i.HAL_GetTickPrio), (12 bytes).
    Removing stm32f1xx_hal.o(i.HAL_GetUIDw0), (12 bytes).
    Removing stm32f1xx_hal.o(i.HAL_GetUIDw1), (12 bytes).
    Removing stm32f1xx_hal.o(i.HAL_GetUIDw2), (12 bytes).
    Removing stm32f1xx_hal.o(i.HAL_MspDeInit), (2 bytes).
    Removing stm32f1xx_hal.o(i.HAL_MspInit), (2 bytes).
    Removing stm32f1xx_hal.o(i.HAL_ResumeTick), (18 bytes).
    Removing stm32f1xx_hal.o(i.HAL_SetTickFreq), (48 bytes).
    Removing stm32f1xx_hal.o(i.HAL_SuspendTick), (18 bytes).
    Removing stm32f1xx_hal_rcc.o(.rev16_text), (4 bytes).
    Removing stm32f1xx_hal_rcc.o(.revsh_text), (4 bytes).
    Removing stm32f1xx_hal_rcc.o(.rrx_text), (6 bytes).
    Removing stm32f1xx_hal_rcc.o(i.HAL_RCC_CSSCallback), (2 bytes).
    Removing stm32f1xx_hal_rcc.o(i.HAL_RCC_DeInit), (272 bytes).
    Removing stm32f1xx_hal_rcc.o(i.HAL_RCC_DisableCSS), (12 bytes).
    Removing stm32f1xx_hal_rcc.o(i.HAL_RCC_EnableCSS), (12 bytes).
    Removing stm32f1xx_hal_rcc.o(i.HAL_RCC_GetClockConfig), (68 bytes).
    Removing stm32f1xx_hal_rcc.o(i.HAL_RCC_GetOscConfig), (200 bytes).
    Removing stm32f1xx_hal_rcc.o(i.HAL_RCC_MCOConfig), (100 bytes).
    Removing stm32f1xx_hal_rcc.o(i.HAL_RCC_NMI_IRQHandler), (32 bytes).
    Removing stm32f1xx_hal_rcc_ex.o(.rev16_text), (4 bytes).
    Removing stm32f1xx_hal_rcc_ex.o(.revsh_text), (4 bytes).
    Removing stm32f1xx_hal_rcc_ex.o(.rrx_text), (6 bytes).
    Removing stm32f1xx_hal_rcc_ex.o(i.HAL_RCCEx_GetPeriphCLKConfig), (60 bytes).
    Removing stm32f1xx_hal_rcc_ex.o(i.HAL_RCCEx_GetPeriphCLKFreq), (252 bytes).
    Removing stm32f1xx_hal_rcc_ex.o(i.HAL_RCCEx_PeriphCLKConfig), (304 bytes).
    Removing stm32f1xx_hal_rcc_ex.o(.constdata), (18 bytes).
    Removing stm32f1xx_hal_gpio.o(.rev16_text), (4 bytes).
    Removing stm32f1xx_hal_gpio.o(.revsh_text), (4 bytes).
    Removing stm32f1xx_hal_gpio.o(.rrx_text), (6 bytes).
    Removing stm32f1xx_hal_gpio.o(i.HAL_GPIO_DeInit), (308 bytes).
    Removing stm32f1xx_hal_gpio.o(i.HAL_GPIO_EXTI_Callback), (2 bytes).
    Removing stm32f1xx_hal_gpio.o(i.HAL_GPIO_EXTI_IRQHandler), (28 bytes).
    Removing stm32f1xx_hal_gpio.o(i.HAL_GPIO_LockPin), (46 bytes).
    Removing stm32f1xx_hal_gpio.o(i.HAL_GPIO_ReadPin), (16 bytes).
    Removing stm32f1xx_hal_gpio.o(i.HAL_GPIO_TogglePin), (20 bytes).
    Removing stm32f1xx_hal_dma.o(.rev16_text), (4 bytes).
    Removing stm32f1xx_hal_dma.o(.revsh_text), (4 bytes).
    Removing stm32f1xx_hal_dma.o(.rrx_text), (6 bytes).
    Removing stm32f1xx_hal_dma.o(i.DMA_SetConfig), (44 bytes).
    Removing stm32f1xx_hal_dma.o(i.HAL_DMA_Abort), (86 bytes).
    Removing stm32f1xx_hal_dma.o(i.HAL_DMA_Abort_IT), (176 bytes).
    Removing stm32f1xx_hal_dma.o(i.HAL_DMA_DeInit), (104 bytes).
    Removing stm32f1xx_hal_dma.o(i.HAL_DMA_GetError), (6 bytes).
    Removing stm32f1xx_hal_dma.o(i.HAL_DMA_GetState), (8 bytes).
    Removing stm32f1xx_hal_dma.o(i.HAL_DMA_IRQHandler), (412 bytes).
    Removing stm32f1xx_hal_dma.o(i.HAL_DMA_Init), (104 bytes).
    Removing stm32f1xx_hal_dma.o(i.HAL_DMA_PollForTransfer), (692 bytes).
    Removing stm32f1xx_hal_dma.o(i.HAL_DMA_RegisterCallback), (90 bytes).
    Removing stm32f1xx_hal_dma.o(i.HAL_DMA_Start), (114 bytes).
    Removing stm32f1xx_hal_dma.o(i.HAL_DMA_Start_IT), (156 bytes).
    Removing stm32f1xx_hal_dma.o(i.HAL_DMA_UnRegisterCallback), (106 bytes).
    Removing stm32f1xx_hal_cortex.o(.rev16_text), (4 bytes).
    Removing stm32f1xx_hal_cortex.o(.revsh_text), (4 bytes).
    Removing stm32f1xx_hal_cortex.o(.rrx_text), (6 bytes).
    Removing stm32f1xx_hal_cortex.o(i.HAL_NVIC_ClearPendingIRQ), (36 bytes).
    Removing stm32f1xx_hal_cortex.o(i.HAL_NVIC_DisableIRQ), (68 bytes).
    Removing stm32f1xx_hal_cortex.o(i.HAL_NVIC_EnableIRQ), (32 bytes).
    Removing stm32f1xx_hal_cortex.o(i.HAL_NVIC_GetActive), (48 bytes).
    Removing stm32f1xx_hal_cortex.o(i.HAL_NVIC_GetPendingIRQ), (48 bytes).
    Removing stm32f1xx_hal_cortex.o(i.HAL_NVIC_GetPriority), (148 bytes).
    Removing stm32f1xx_hal_cortex.o(i.HAL_NVIC_GetPriorityGrouping), (8 bytes).
    Removing stm32f1xx_hal_cortex.o(i.HAL_NVIC_SetPendingIRQ), (36 bytes).
    Removing stm32f1xx_hal_cortex.o(i.HAL_NVIC_SystemReset), (68 bytes).
    Removing stm32f1xx_hal_cortex.o(i.HAL_SYSTICK_CLKSourceConfig), (40 bytes).
    Removing stm32f1xx_hal_cortex.o(i.HAL_SYSTICK_Callback), (2 bytes).
    Removing stm32f1xx_hal_cortex.o(i.HAL_SYSTICK_IRQHandler), (8 bytes).
    Removing stm32f1xx_hal_pwr.o(.rev16_text), (4 bytes).
    Removing stm32f1xx_hal_pwr.o(.revsh_text), (4 bytes).
    Removing stm32f1xx_hal_pwr.o(.rrx_text), (6 bytes).
    Removing stm32f1xx_hal_pwr.o(i.HAL_PWR_ConfigPVD), (180 bytes).
    Removing stm32f1xx_hal_pwr.o(i.HAL_PWR_DeInit), (28 bytes).
    Removing stm32f1xx_hal_pwr.o(i.HAL_PWR_DisableBkUpAccess), (12 bytes).
    Removing stm32f1xx_hal_pwr.o(i.HAL_PWR_DisablePVD), (12 bytes).
    Removing stm32f1xx_hal_pwr.o(i.HAL_PWR_DisableSEVOnPend), (20 bytes).
    Removing stm32f1xx_hal_pwr.o(i.HAL_PWR_DisableSleepOnExit), (20 bytes).
    Removing stm32f1xx_hal_pwr.o(i.HAL_PWR_DisableWakeUpPin), (28 bytes).
    Removing stm32f1xx_hal_pwr.o(i.HAL_PWR_EnableBkUpAccess), (12 bytes).
    Removing stm32f1xx_hal_pwr.o(i.HAL_PWR_EnablePVD), (12 bytes).
    Removing stm32f1xx_hal_pwr.o(i.HAL_PWR_EnableSEVOnPend), (20 bytes).
    Removing stm32f1xx_hal_pwr.o(i.HAL_PWR_EnableSleepOnExit), (20 bytes).
    Removing stm32f1xx_hal_pwr.o(i.HAL_PWR_EnableWakeUpPin), (28 bytes).
    Removing stm32f1xx_hal_pwr.o(i.HAL_PWR_EnterSLEEPMode), (32 bytes).
    Removing stm32f1xx_hal_pwr.o(i.HAL_PWR_EnterSTANDBYMode), (40 bytes).
    Removing stm32f1xx_hal_pwr.o(i.HAL_PWR_EnterSTOPMode), (84 bytes).
    Removing stm32f1xx_hal_pwr.o(i.HAL_PWR_PVDCallback), (2 bytes).
    Removing stm32f1xx_hal_pwr.o(i.HAL_PWR_PVD_IRQHandler), (32 bytes).
    Removing stm32f1xx_hal_pwr.o(i.PWR_OverloadWfe), (6 bytes).
    Removing stm32f1xx_hal_flash.o(.rev16_text), (4 bytes).
    Removing stm32f1xx_hal_flash.o(.revsh_text), (4 bytes).
    Removing stm32f1xx_hal_flash.o(.rrx_text), (6 bytes).
    Removing stm32f1xx_hal_flash.o(i.FLASH_Program_HalfWord), (32 bytes).
    Removing stm32f1xx_hal_flash.o(i.FLASH_SetErrorCode), (132 bytes).
    Removing stm32f1xx_hal_flash.o(i.FLASH_WaitForLastOperation), (112 bytes).
    Removing stm32f1xx_hal_flash.o(i.HAL_FLASH_EndOfOperationCallback), (2 bytes).
    Removing stm32f1xx_hal_flash.o(i.HAL_FLASH_GetError), (12 bytes).
    Removing stm32f1xx_hal_flash.o(i.HAL_FLASH_IRQHandler), (376 bytes).
    Removing stm32f1xx_hal_flash.o(i.HAL_FLASH_Lock), (20 bytes).
    Removing stm32f1xx_hal_flash.o(i.HAL_FLASH_OB_Launch), (8 bytes).
    Removing stm32f1xx_hal_flash.o(i.HAL_FLASH_OB_Lock), (20 bytes).
    Removing stm32f1xx_hal_flash.o(i.HAL_FLASH_OB_Unlock), (44 bytes).
    Removing stm32f1xx_hal_flash.o(i.HAL_FLASH_OperationErrorCallback), (2 bytes).
    Removing stm32f1xx_hal_flash.o(i.HAL_FLASH_Program), (176 bytes).
    Removing stm32f1xx_hal_flash.o(i.HAL_FLASH_Program_IT), (100 bytes).
    Removing stm32f1xx_hal_flash.o(i.HAL_FLASH_Unlock), (48 bytes).
    Removing stm32f1xx_hal_flash.o(.bss), (32 bytes).
    Removing stm32f1xx_hal_flash_ex.o(.rev16_text), (4 bytes).
    Removing stm32f1xx_hal_flash_ex.o(.revsh_text), (4 bytes).
    Removing stm32f1xx_hal_flash_ex.o(.rrx_text), (6 bytes).
    Removing stm32f1xx_hal_flash_ex.o(i.FLASH_MassErase), (40 bytes).
    Removing stm32f1xx_hal_flash_ex.o(i.FLASH_OB_DisableWRP), (232 bytes).
    Removing stm32f1xx_hal_flash_ex.o(i.FLASH_OB_EnableWRP), (236 bytes).
    Removing stm32f1xx_hal_flash_ex.o(i.FLASH_OB_GetRDP), (28 bytes).
    Removing stm32f1xx_hal_flash_ex.o(i.FLASH_OB_GetUser), (16 bytes).
    Removing stm32f1xx_hal_flash_ex.o(i.FLASH_OB_GetWRP), (12 bytes).
    Removing stm32f1xx_hal_flash_ex.o(i.FLASH_OB_ProgramData), (76 bytes).
    Removing stm32f1xx_hal_flash_ex.o(i.FLASH_OB_RDP_LevelConfig), (124 bytes).
    Removing stm32f1xx_hal_flash_ex.o(i.FLASH_OB_UserConfig), (84 bytes).
    Removing stm32f1xx_hal_flash_ex.o(i.FLASH_PageErase), (40 bytes).
    Removing stm32f1xx_hal_flash_ex.o(i.HAL_FLASHEx_Erase), (176 bytes).
    Removing stm32f1xx_hal_flash_ex.o(i.HAL_FLASHEx_Erase_IT), (80 bytes).
    Removing stm32f1xx_hal_flash_ex.o(i.HAL_FLASHEx_OBErase), (96 bytes).
    Removing stm32f1xx_hal_flash_ex.o(i.HAL_FLASHEx_OBGetConfig), (28 bytes).
    Removing stm32f1xx_hal_flash_ex.o(i.HAL_FLASHEx_OBGetUserData), (40 bytes).
    Removing stm32f1xx_hal_flash_ex.o(i.HAL_FLASHEx_OBProgram), (200 bytes).
    Removing stm32f1xx_hal_exti.o(.rev16_text), (4 bytes).
    Removing stm32f1xx_hal_exti.o(.revsh_text), (4 bytes).
    Removing stm32f1xx_hal_exti.o(.rrx_text), (6 bytes).
    Removing stm32f1xx_hal_exti.o(i.HAL_EXTI_ClearConfigLine), (120 bytes).
    Removing stm32f1xx_hal_exti.o(i.HAL_EXTI_ClearPending), (28 bytes).
    Removing stm32f1xx_hal_exti.o(i.HAL_EXTI_GenerateSWI), (24 bytes).
    Removing stm32f1xx_hal_exti.o(i.HAL_EXTI_GetConfigLine), (156 bytes).
    Removing stm32f1xx_hal_exti.o(i.HAL_EXTI_GetHandle), (14 bytes).
    Removing stm32f1xx_hal_exti.o(i.HAL_EXTI_GetPending), (36 bytes).
    Removing stm32f1xx_hal_exti.o(i.HAL_EXTI_IRQHandler), (44 bytes).
    Removing stm32f1xx_hal_exti.o(i.HAL_EXTI_RegisterCallback), (20 bytes).
    Removing stm32f1xx_hal_exti.o(i.HAL_EXTI_SetConfigLine), (240 bytes).
    Removing stm32f1xx_hal_uart.o(.rev16_text), (4 bytes).
    Removing stm32f1xx_hal_uart.o(.revsh_text), (4 bytes).
    Removing stm32f1xx_hal_uart.o(.rrx_text), (6 bytes).
    Removing stm32f1xx_hal_uart.o(i.HAL_HalfDuplex_EnableReceiver), (68 bytes).
    Removing stm32f1xx_hal_uart.o(i.HAL_HalfDuplex_EnableTransmitter), (68 bytes).
    Removing stm32f1xx_hal_uart.o(i.HAL_HalfDuplex_Init), (122 bytes).
    Removing stm32f1xx_hal_uart.o(i.HAL_LIN_Init), (146 bytes).
    Removing stm32f1xx_hal_uart.o(i.HAL_LIN_SendBreak), (80 bytes).
    Removing stm32f1xx_hal_uart.o(i.HAL_MultiProcessor_EnterMuteMode), (82 bytes).
    Removing stm32f1xx_hal_uart.o(i.HAL_MultiProcessor_ExitMuteMode), (82 bytes).
    Removing stm32f1xx_hal_uart.o(i.HAL_MultiProcessor_Init), (158 bytes).
    Removing stm32f1xx_hal_uart.o(i.HAL_UARTEx_GetRxEventType), (6 bytes).
    Removing stm32f1xx_hal_uart.o(i.HAL_UARTEx_ReceiveToIdle), (296 bytes).
    Removing stm32f1xx_hal_uart.o(i.HAL_UARTEx_ReceiveToIdle_DMA), (112 bytes).
    Removing stm32f1xx_hal_uart.o(i.HAL_UARTEx_ReceiveToIdle_IT), (114 bytes).
    Removing stm32f1xx_hal_uart.o(i.HAL_UARTEx_RxEventCallback), (2 bytes).
    Removing stm32f1xx_hal_uart.o(i.HAL_UART_Abort), (278 bytes).
    Removing stm32f1xx_hal_uart.o(i.HAL_UART_AbortCpltCallback), (2 bytes).
    Removing stm32f1xx_hal_uart.o(i.HAL_UART_AbortReceive), (194 bytes).
    Removing stm32f1xx_hal_uart.o(i.HAL_UART_AbortReceiveCpltCallback), (2 bytes).
    Removing stm32f1xx_hal_uart.o(i.HAL_UART_AbortReceive_IT), (216 bytes).
    Removing stm32f1xx_hal_uart.o(i.HAL_UART_AbortTransmit), (124 bytes).
    Removing stm32f1xx_hal_uart.o(i.HAL_UART_AbortTransmitCpltCallback), (2 bytes).
    Removing stm32f1xx_hal_uart.o(i.HAL_UART_AbortTransmit_IT), (144 bytes).
    Removing stm32f1xx_hal_uart.o(i.HAL_UART_Abort_IT), (328 bytes).
    Removing stm32f1xx_hal_uart.o(i.HAL_UART_DMAPause), (166 bytes).
    Removing stm32f1xx_hal_uart.o(i.HAL_UART_DMAResume), (170 bytes).
    Removing stm32f1xx_hal_uart.o(i.HAL_UART_DMAStop), (138 bytes).
    Removing stm32f1xx_hal_uart.o(i.HAL_UART_DeInit), (62 bytes).
    Removing stm32f1xx_hal_uart.o(i.HAL_UART_ErrorCallback), (2 bytes).
    Removing stm32f1xx_hal_uart.o(i.HAL_UART_GetError), (6 bytes).
    Removing stm32f1xx_hal_uart.o(i.HAL_UART_GetState), (20 bytes).
    Removing stm32f1xx_hal_uart.o(i.HAL_UART_IRQHandler), (740 bytes).
    Removing stm32f1xx_hal_uart.o(i.HAL_UART_MspDeInit), (2 bytes).
    Removing stm32f1xx_hal_uart.o(i.HAL_UART_MspInit), (2 bytes).
    Removing stm32f1xx_hal_uart.o(i.HAL_UART_Receive), (194 bytes).
    Removing stm32f1xx_hal_uart.o(i.HAL_UART_Receive_DMA), (44 bytes).
    Removing stm32f1xx_hal_uart.o(i.HAL_UART_Receive_IT), (44 bytes).
    Removing stm32f1xx_hal_uart.o(i.HAL_UART_RxCpltCallback), (2 bytes).
    Removing stm32f1xx_hal_uart.o(i.HAL_UART_RxHalfCpltCallback), (2 bytes).
    Removing stm32f1xx_hal_uart.o(i.HAL_UART_Transmit), (190 bytes).
    Removing stm32f1xx_hal_uart.o(i.HAL_UART_Transmit_DMA), (140 bytes).
    Removing stm32f1xx_hal_uart.o(i.HAL_UART_Transmit_IT), (56 bytes).
    Removing stm32f1xx_hal_uart.o(i.HAL_UART_TxCpltCallback), (2 bytes).
    Removing stm32f1xx_hal_uart.o(i.HAL_UART_TxHalfCpltCallback), (2 bytes).
    Removing stm32f1xx_hal_uart.o(i.UART_DMAAbortOnError), (20 bytes).
    Removing stm32f1xx_hal_uart.o(i.UART_DMAError), (80 bytes).
    Removing stm32f1xx_hal_uart.o(i.UART_DMAReceiveCplt), (180 bytes).
    Removing stm32f1xx_hal_uart.o(i.UART_DMARxAbortCallback), (56 bytes).
    Removing stm32f1xx_hal_uart.o(i.UART_DMARxHalfCplt), (36 bytes).
    Removing stm32f1xx_hal_uart.o(i.UART_DMARxOnlyAbortCallback), (28 bytes).
    Removing stm32f1xx_hal_uart.o(i.UART_DMATransmitCplt), (88 bytes).
    Removing stm32f1xx_hal_uart.o(i.UART_DMATxAbortCallback), (56 bytes).
    Removing stm32f1xx_hal_uart.o(i.UART_DMATxHalfCplt), (14 bytes).
    Removing stm32f1xx_hal_uart.o(i.UART_DMATxOnlyAbortCallback), (24 bytes).
    Removing stm32f1xx_hal_uart.o(i.UART_EndRxTransfer), (108 bytes).
    Removing stm32f1xx_hal_uart.o(i.UART_EndTransmit_IT), (32 bytes).
    Removing stm32f1xx_hal_uart.o(i.UART_EndTxTransfer), (38 bytes).
    Removing stm32f1xx_hal_uart.o(i.UART_Receive_IT), (252 bytes).
    Removing stm32f1xx_hal_uart.o(i.UART_Start_Receive_DMA), (200 bytes).
    Removing stm32f1xx_hal_uart.o(i.UART_Start_Receive_IT), (64 bytes).
    Removing stm32f1xx_hal_uart.o(i.UART_Transmit_IT), (96 bytes).
    Removing stm32f1xx_hal_uart.o(i.UART_WaitOnFlagUntilTimeout), (140 bytes).
    Removing system_stm32f1xx.o(.rev16_text), (4 bytes).
    Removing system_stm32f1xx.o(.revsh_text), (4 bytes).
    Removing system_stm32f1xx.o(.rrx_text), (6 bytes).
    Removing system_stm32f1xx.o(i.SystemCoreClockUpdate), (164 bytes).
    Removing event_groups.o(i.prvTestWaitCondition), (30 bytes).
    Removing event_groups.o(i.vEventGroupClearBitsCallback), (16 bytes).
    Removing event_groups.o(i.vEventGroupDelete), (42 bytes).
    Removing event_groups.o(i.vEventGroupSetBitsCallback), (16 bytes).
    Removing event_groups.o(i.xEventGroupClearBits), (32 bytes).
    Removing event_groups.o(i.xEventGroupCreate), (26 bytes).
    Removing event_groups.o(i.xEventGroupGetBitsFromISR), (44 bytes).
    Removing event_groups.o(i.xEventGroupSetBits), (146 bytes).
    Removing event_groups.o(i.xEventGroupSync), (168 bytes).
    Removing event_groups.o(i.xEventGroupWaitBits), (204 bytes).
    Removing list.o(i.vListInsertEnd), (24 bytes).
    Removing queue.o(i.prvCopyDataFromQueue), (42 bytes).
    Removing queue.o(i.prvCopyDataToQueue), (106 bytes).
    Removing queue.o(i.prvInitialiseNewQueue), (38 bytes).
    Removing queue.o(i.prvIsQueueEmpty), (26 bytes).
    Removing queue.o(i.prvIsQueueFull), (30 bytes).
    Removing queue.o(i.prvUnlockQueue), (126 bytes).
    Removing queue.o(i.uxQueueMessagesWaiting), (18 bytes).
    Removing queue.o(i.uxQueueMessagesWaitingFromISR), (8 bytes).
    Removing queue.o(i.uxQueueSpacesAvailable), (24 bytes).
    Removing queue.o(i.vQueueDelete), (14 bytes).
    Removing queue.o(i.xQueueGenericCreate), (76 bytes).
    Removing queue.o(i.xQueueGenericReset), (160 bytes).
    Removing queue.o(i.xQueueGenericSend), (280 bytes).
    Removing queue.o(i.xQueueGenericSendFromISR), (152 bytes).
    Removing queue.o(i.xQueueGiveFromISR), (132 bytes).
    Removing queue.o(i.xQueueIsQueueEmptyFromISR), (16 bytes).
    Removing queue.o(i.xQueueIsQueueFullFromISR), (22 bytes).
    Removing queue.o(i.xQueuePeek), (268 bytes).
    Removing queue.o(i.xQueuePeekFromISR), (74 bytes).
    Removing queue.o(i.xQueueReceive), (260 bytes).
    Removing queue.o(i.xQueueReceiveFromISR), (140 bytes).
    Removing queue.o(i.xQueueSemaphoreTake), (240 bytes).
    Removing stream_buffer.o(i.prvBytesInBuffer), (24 bytes).
    Removing stream_buffer.o(i.prvInitialiseNewStreamBuffer), (42 bytes).
    Removing stream_buffer.o(i.prvReadBytesFromBuffer), (76 bytes).
    Removing stream_buffer.o(i.prvReadMessageFromBuffer), (90 bytes).
    Removing stream_buffer.o(i.prvWriteBytesToBuffer), (76 bytes).
    Removing stream_buffer.o(i.prvWriteMessageToBuffer), (88 bytes).
    Removing stream_buffer.o(i.vStreamBufferDelete), (32 bytes).
    Removing stream_buffer.o(i.xStreamBufferBytesAvailable), (18 bytes).
    Removing stream_buffer.o(i.xStreamBufferGenericCreate), (82 bytes).
    Removing stream_buffer.o(i.xStreamBufferIsEmpty), (22 bytes).
    Removing stream_buffer.o(i.xStreamBufferIsFull), (40 bytes).
    Removing stream_buffer.o(i.xStreamBufferNextMessageLengthBytes), (52 bytes).
    Removing stream_buffer.o(i.xStreamBufferReceive), (176 bytes).
    Removing stream_buffer.o(i.xStreamBufferReceiveCompletedFromISR), (80 bytes).
    Removing stream_buffer.o(i.xStreamBufferReceiveFromISR), (132 bytes).
    Removing stream_buffer.o(i.xStreamBufferReset), (56 bytes).
    Removing stream_buffer.o(i.xStreamBufferSend), (226 bytes).
    Removing stream_buffer.o(i.xStreamBufferSendCompletedFromISR), (80 bytes).
    Removing stream_buffer.o(i.xStreamBufferSendFromISR), (134 bytes).
    Removing stream_buffer.o(i.xStreamBufferSetTriggerLevel), (26 bytes).
    Removing stream_buffer.o(i.xStreamBufferSpacesAvailable), (40 bytes).
    Removing tasks.o(i.pcTaskGetName), (24 bytes).
    Removing tasks.o(i.prvTaskIsTaskSuspended), (64 bytes).
    Removing tasks.o(i.ulTaskGenericNotifyTake), (136 bytes).
    Removing tasks.o(i.ulTaskGenericNotifyValueClear), (64 bytes).
    Removing tasks.o(i.uxTaskGetNumberOfTasks), (12 bytes).
    Removing tasks.o(i.uxTaskPriorityGet), (36 bytes).
    Removing tasks.o(i.uxTaskPriorityGetFromISR), (56 bytes).
    Removing tasks.o(i.uxTaskResetEventItemValue), (28 bytes).
    Removing tasks.o(i.vTaskDelete), (212 bytes).
    Removing tasks.o(i.vTaskEndScheduler), (36 bytes).
    Removing tasks.o(i.vTaskGenericNotifyGiveFromISR), (336 bytes).
    Removing tasks.o(i.vTaskInternalSetTimeOutState), (24 bytes).
    Removing tasks.o(i.vTaskMissedYield), (12 bytes).
    Removing tasks.o(i.vTaskPlaceOnEventList), (32 bytes).
    Removing tasks.o(i.vTaskPlaceOnUnorderedEventList), (80 bytes).
    Removing tasks.o(i.vTaskPrioritySet), (284 bytes).
    Removing tasks.o(i.vTaskRemoveFromUnorderedEventList), (208 bytes).
    Removing tasks.o(i.vTaskResume), (172 bytes).
    Removing tasks.o(i.vTaskSetTimeOutState), (36 bytes).
    Removing tasks.o(i.vTaskSuspend), (216 bytes).
    Removing tasks.o(i.xTaskCatchUpTicks), (40 bytes).
    Removing tasks.o(i.xTaskCheckForTimeOut), (96 bytes).
    Removing tasks.o(i.xTaskGenericNotify), (332 bytes).
    Removing tasks.o(i.xTaskGenericNotifyFromISR), (504 bytes).
    Removing tasks.o(i.xTaskGenericNotifyStateClear), (64 bytes).
    Removing tasks.o(i.xTaskGenericNotifyWait), (172 bytes).
    Removing tasks.o(i.xTaskGetCurrentTaskHandle), (12 bytes).
    Removing tasks.o(i.xTaskGetTickCountFromISR), (12 bytes).
    Removing tasks.o(i.xTaskRemoveFromEventList), (264 bytes).
    Removing tasks.o(i.xTaskResumeFromISR), (216 bytes).
    Removing heap_4.o(i.pvPortCalloc), (54 bytes).
    Removing heap_4.o(i.vPortGetHeapStats), (128 bytes).
    Removing heap_4.o(i.vPortInitialiseBlocks), (2 bytes).
    Removing heap_4.o(i.xPortGetFreeHeapSize), (12 bytes).
    Removing heap_4.o(i.xPortGetMinimumEverFreeHeapSize), (12 bytes).
    Removing port.o(i.vPortEndScheduler), (2 bytes).
    Removing com_debug.o(.rev16_text), (4 bytes).
    Removing com_debug.o(.revsh_text), (4 bytes).
    Removing com_debug.o(.rrx_text), (6 bytes).
    Removing com_debug.o(i.fputc), (28 bytes).
    Removing app_rtos_task.o(.rev16_text), (4 bytes).
    Removing app_rtos_task.o(.revsh_text), (4 bytes).
    Removing app_rtos_task.o(.rrx_text), (6 bytes).
    Removing power.o(.rev16_text), (4 bytes).
    Removing power.o(.revsh_text), (4 bytes).
    Removing power.o(.rrx_text), (6 bytes).
    Removing motor.o(.rev16_text), (4 bytes).
    Removing motor.o(.revsh_text), (4 bytes).
    Removing motor.o(.rrx_text), (6 bytes).
    Removing motor.o(i.Motor_SetSpeed), (172 bytes).
    Removing motor.o(i.Motor_Start), (14 bytes).
    Removing led.o(.rev16_text), (4 bytes).
    Removing led.o(.revsh_text), (4 bytes).
    Removing led.o(.rrx_text), (6 bytes).
    Removing led.o(i.LED_Toggle), (14 bytes).
    Removing led.o(i.LED_Turn_Off), (16 bytes).
    Removing dadd.o(.text), (334 bytes).
    Removing dmul.o(.text), (228 bytes).
    Removing ddiv.o(.text), (222 bytes).
    Removing dfixul.o(.text), (48 bytes).
    Removing cdrcmple.o(.text), (48 bytes).
    Removing depilogue.o(.text), (186 bytes).

513 unused section(s) (total 44830 bytes) removed from the image.

==============================================================================

Image Symbol Table

    Local Symbols

    Symbol Name                              Value     Ov Type        Size  Object(Section)

    ../Core/Src/gpio.c                       0x00000000   Number         0  gpio.o ABSOLUTE
    ../Core/Src/main.c                       0x00000000   Number         0  main.o ABSOLUTE
    ../Core/Src/stm32f1xx_hal_msp.c          0x00000000   Number         0  stm32f1xx_hal_msp.o ABSOLUTE
    ../Core/Src/stm32f1xx_it.c               0x00000000   Number         0  stm32f1xx_it.o ABSOLUTE
    ../Core/Src/system_stm32f1xx.c           0x00000000   Number         0  system_stm32f1xx.o ABSOLUTE
    ../Core/Src/tim.c                        0x00000000   Number         0  tim.o ABSOLUTE
    ../Core/Src/usart.c                      0x00000000   Number         0  usart.o ABSOLUTE
    ../Drivers/STM32F1xx_HAL_Driver/Src/stm32f1xx_hal.c 0x00000000   Number         0  stm32f1xx_hal.o ABSOLUTE
    ../Drivers/STM32F1xx_HAL_Driver/Src/stm32f1xx_hal_cortex.c 0x00000000   Number         0  stm32f1xx_hal_cortex.o ABSOLUTE
    ../Drivers/STM32F1xx_HAL_Driver/Src/stm32f1xx_hal_dma.c 0x00000000   Number         0  stm32f1xx_hal_dma.o ABSOLUTE
    ../Drivers/STM32F1xx_HAL_Driver/Src/stm32f1xx_hal_exti.c 0x00000000   Number         0  stm32f1xx_hal_exti.o ABSOLUTE
    ../Drivers/STM32F1xx_HAL_Driver/Src/stm32f1xx_hal_flash.c 0x00000000   Number         0  stm32f1xx_hal_flash.o ABSOLUTE
    ../Drivers/STM32F1xx_HAL_Driver/Src/stm32f1xx_hal_flash_ex.c 0x00000000   Number         0  stm32f1xx_hal_flash_ex.o ABSOLUTE
    ../Drivers/STM32F1xx_HAL_Driver/Src/stm32f1xx_hal_gpio.c 0x00000000   Number         0  stm32f1xx_hal_gpio.o ABSOLUTE
    ../Drivers/STM32F1xx_HAL_Driver/Src/stm32f1xx_hal_gpio_ex.c 0x00000000   Number         0  stm32f1xx_hal_gpio_ex.o ABSOLUTE
    ../Drivers/STM32F1xx_HAL_Driver/Src/stm32f1xx_hal_pwr.c 0x00000000   Number         0  stm32f1xx_hal_pwr.o ABSOLUTE
    ../Drivers/STM32F1xx_HAL_Driver/Src/stm32f1xx_hal_rcc.c 0x00000000   Number         0  stm32f1xx_hal_rcc.o ABSOLUTE
    ../Drivers/STM32F1xx_HAL_Driver/Src/stm32f1xx_hal_rcc_ex.c 0x00000000   Number         0  stm32f1xx_hal_rcc_ex.o ABSOLUTE
    ../Drivers/STM32F1xx_HAL_Driver/Src/stm32f1xx_hal_tim.c 0x00000000   Number         0  stm32f1xx_hal_tim.o ABSOLUTE
    ../Drivers/STM32F1xx_HAL_Driver/Src/stm32f1xx_hal_tim_ex.c 0x00000000   Number         0  stm32f1xx_hal_tim_ex.o ABSOLUTE
    ../Drivers/STM32F1xx_HAL_Driver/Src/stm32f1xx_hal_uart.c 0x00000000   Number         0  stm32f1xx_hal_uart.o ABSOLUTE
    ../clib/microlib/division.c              0x00000000   Number         0  uidiv.o ABSOLUTE
    ../clib/microlib/division.c              0x00000000   Number         0  uldiv.o ABSOLUTE
    ../clib/microlib/init/entry.s            0x00000000   Number         0  entry10a.o ABSOLUTE
    ../clib/microlib/init/entry.s            0x00000000   Number         0  entry11b.o ABSOLUTE
    ../clib/microlib/init/entry.s            0x00000000   Number         0  entry11a.o ABSOLUTE
    ../clib/microlib/init/entry.s            0x00000000   Number         0  entry10b.o ABSOLUTE
    ../clib/microlib/init/entry.s            0x00000000   Number         0  entry9b.o ABSOLUTE
    ../clib/microlib/init/entry.s            0x00000000   Number         0  entry9a.o ABSOLUTE
    ../clib/microlib/init/entry.s            0x00000000   Number         0  entry.o ABSOLUTE
    ../clib/microlib/init/entry.s            0x00000000   Number         0  entry8b.o ABSOLUTE
    ../clib/microlib/init/entry.s            0x00000000   Number         0  entry8a.o ABSOLUTE
    ../clib/microlib/init/entry.s            0x00000000   Number         0  entry7b.o ABSOLUTE
    ../clib/microlib/init/entry.s            0x00000000   Number         0  entry7a.o ABSOLUTE
    ../clib/microlib/init/entry.s            0x00000000   Number         0  entry2.o ABSOLUTE
    ../clib/microlib/init/entry.s            0x00000000   Number         0  entry5.o ABSOLUTE
    ../clib/microlib/longlong.c              0x00000000   Number         0  llushr.o ABSOLUTE
    ../clib/microlib/longlong.c              0x00000000   Number         0  llsshr.o ABSOLUTE
    ../clib/microlib/longlong.c              0x00000000   Number         0  llshl.o ABSOLUTE
    ../clib/microlib/printf/printf.c         0x00000000   Number         0  printf5.o ABSOLUTE
    ../clib/microlib/printf/printf.c         0x00000000   Number         0  printf8.o ABSOLUTE
    ../clib/microlib/printf/printf.c         0x00000000   Number         0  printfa.o ABSOLUTE
    ../clib/microlib/printf/printf.c         0x00000000   Number         0  printf2.o ABSOLUTE
    ../clib/microlib/printf/printf.c         0x00000000   Number         0  printf4.o ABSOLUTE
    ../clib/microlib/printf/printf.c         0x00000000   Number         0  printf6.o ABSOLUTE
    ../clib/microlib/printf/printf.c         0x00000000   Number         0  printf3.o ABSOLUTE
    ../clib/microlib/printf/printf.c         0x00000000   Number         0  printf7.o ABSOLUTE
    ../clib/microlib/printf/printf.c         0x00000000   Number         0  printf0.o ABSOLUTE
    ../clib/microlib/printf/printf.c         0x00000000   Number         0  printf1.o ABSOLUTE
    ../clib/microlib/printf/printf.c         0x00000000   Number         0  printfb.o ABSOLUTE
    ../clib/microlib/printf/stubs.s          0x00000000   Number         0  stubs.o ABSOLUTE
    ../clib/microlib/stdio/streams.c         0x00000000   Number         0  stdout.o ABSOLUTE
    ../clib/microlib/string/memcpy.c         0x00000000   Number         0  memcpyb.o ABSOLUTE
    ../clib/microlib/string/memcpy.c         0x00000000   Number         0  memcpya.o ABSOLUTE
    ../clib/microlib/string/memset.c         0x00000000   Number         0  memseta.o ABSOLUTE
    ../clib/microlib/string/strrchr.c        0x00000000   Number         0  strrchr.o ABSOLUTE
    ../clib/microlib/stubs.s                 0x00000000   Number         0  iusefp.o ABSOLUTE
    ../fplib/microlib/fpadd.c                0x00000000   Number         0  dadd.o ABSOLUTE
    ../fplib/microlib/fpdiv.c                0x00000000   Number         0  ddiv.o ABSOLUTE
    ../fplib/microlib/fpepilogue.c           0x00000000   Number         0  depilogue.o ABSOLUTE
    ../fplib/microlib/fpfix.c                0x00000000   Number         0  dfixul.o ABSOLUTE
    ../fplib/microlib/fpmul.c                0x00000000   Number         0  dmul.o ABSOLUTE
    ..\Core\Src\gpio.c                       0x00000000   Number         0  gpio.o ABSOLUTE
    ..\Core\Src\main.c                       0x00000000   Number         0  main.o ABSOLUTE
    ..\Core\Src\stm32f1xx_hal_msp.c          0x00000000   Number         0  stm32f1xx_hal_msp.o ABSOLUTE
    ..\Core\Src\stm32f1xx_it.c               0x00000000   Number         0  stm32f1xx_it.o ABSOLUTE
    ..\Core\Src\system_stm32f1xx.c           0x00000000   Number         0  system_stm32f1xx.o ABSOLUTE
    ..\Core\Src\tim.c                        0x00000000   Number         0  tim.o ABSOLUTE
    ..\Core\Src\usart.c                      0x00000000   Number         0  usart.o ABSOLUTE
    ..\Drivers\STM32F1xx_HAL_Driver\Src\stm32f1xx_hal.c 0x00000000   Number         0  stm32f1xx_hal.o ABSOLUTE
    ..\Drivers\STM32F1xx_HAL_Driver\Src\stm32f1xx_hal_cortex.c 0x00000000   Number         0  stm32f1xx_hal_cortex.o ABSOLUTE
    ..\Drivers\STM32F1xx_HAL_Driver\Src\stm32f1xx_hal_dma.c 0x00000000   Number         0  stm32f1xx_hal_dma.o ABSOLUTE
    ..\Drivers\STM32F1xx_HAL_Driver\Src\stm32f1xx_hal_exti.c 0x00000000   Number         0  stm32f1xx_hal_exti.o ABSOLUTE
    ..\Drivers\STM32F1xx_HAL_Driver\Src\stm32f1xx_hal_flash.c 0x00000000   Number         0  stm32f1xx_hal_flash.o ABSOLUTE
    ..\Drivers\STM32F1xx_HAL_Driver\Src\stm32f1xx_hal_flash_ex.c 0x00000000   Number         0  stm32f1xx_hal_flash_ex.o ABSOLUTE
    ..\Drivers\STM32F1xx_HAL_Driver\Src\stm32f1xx_hal_gpio.c 0x00000000   Number         0  stm32f1xx_hal_gpio.o ABSOLUTE
    ..\Drivers\STM32F1xx_HAL_Driver\Src\stm32f1xx_hal_gpio_ex.c 0x00000000   Number         0  stm32f1xx_hal_gpio_ex.o ABSOLUTE
    ..\Drivers\STM32F1xx_HAL_Driver\Src\stm32f1xx_hal_pwr.c 0x00000000   Number         0  stm32f1xx_hal_pwr.o ABSOLUTE
    ..\Drivers\STM32F1xx_HAL_Driver\Src\stm32f1xx_hal_rcc.c 0x00000000   Number         0  stm32f1xx_hal_rcc.o ABSOLUTE
    ..\Drivers\STM32F1xx_HAL_Driver\Src\stm32f1xx_hal_rcc_ex.c 0x00000000   Number         0  stm32f1xx_hal_rcc_ex.o ABSOLUTE
    ..\Drivers\STM32F1xx_HAL_Driver\Src\stm32f1xx_hal_tim.c 0x00000000   Number         0  stm32f1xx_hal_tim.o ABSOLUTE
    ..\Drivers\STM32F1xx_HAL_Driver\Src\stm32f1xx_hal_tim_ex.c 0x00000000   Number         0  stm32f1xx_hal_tim_ex.o ABSOLUTE
    ..\Drivers\STM32F1xx_HAL_Driver\Src\stm32f1xx_hal_uart.c 0x00000000   Number         0  stm32f1xx_hal_uart.o ABSOLUTE
    Application\APP_RTOS_Task.c              0x00000000   Number         0  app_rtos_task.o ABSOLUTE
    Application\\APP_RTOS_Task.c             0x00000000   Number         0  app_rtos_task.o ABSOLUTE
    Interface\LED.c                          0x00000000   Number         0  led.o ABSOLUTE
    Interface\Motor.c                        0x00000000   Number         0  motor.o ABSOLUTE
    Interface\Power.c                        0x00000000   Number         0  power.o ABSOLUTE
    Interface\\LED.c                         0x00000000   Number         0  led.o ABSOLUTE
    Interface\\Motor.c                       0x00000000   Number         0  motor.o ABSOLUTE
    Interface\\Power.c                       0x00000000   Number         0  power.o ABSOLUTE
    RTOS\\portable\\port.c                   0x00000000   Number         0  port.o ABSOLUTE
    RTOS\croutine.c                          0x00000000   Number         0  croutine.o ABSOLUTE
    RTOS\event_groups.c                      0x00000000   Number         0  event_groups.o ABSOLUTE
    RTOS\list.c                              0x00000000   Number         0  list.o ABSOLUTE
    RTOS\portable\heap_4.c                   0x00000000   Number         0  heap_4.o ABSOLUTE
    RTOS\portable\port.c                     0x00000000   Number         0  port.o ABSOLUTE
    RTOS\queue.c                             0x00000000   Number         0  queue.o ABSOLUTE
    RTOS\stream_buffer.c                     0x00000000   Number         0  stream_buffer.o ABSOLUTE
    RTOS\tasks.c                             0x00000000   Number         0  tasks.o ABSOLUTE
    RTOS\timers.c                            0x00000000   Number         0  timers.o ABSOLUTE
    cdrcmple.s                               0x00000000   Number         0  cdrcmple.o ABSOLUTE
    common\Com_debug.c                       0x00000000   Number         0  com_debug.o ABSOLUTE
    common\\Com_debug.c                      0x00000000   Number         0  com_debug.o ABSOLUTE
    dc.s                                     0x00000000   Number         0  dc.o ABSOLUTE
    handlers.s                               0x00000000   Number         0  handlers.o ABSOLUTE
    init.s                                   0x00000000   Number         0  init.o ABSOLUTE
    startup_stm32f103xb.s                    0x00000000   Number         0  startup_stm32f103xb.o ABSOLUTE
    RESET                                    0x08000000   Section      236  startup_stm32f103xb.o(RESET)
    .ARM.Collect$$$$00000000                 0x080000ec   Section        0  entry.o(.ARM.Collect$$$$00000000)
    .ARM.Collect$$$$00000001                 0x080000ec   Section        4  entry2.o(.ARM.Collect$$$$00000001)
    .ARM.Collect$$$$00000004                 0x080000f0   Section        4  entry5.o(.ARM.Collect$$$$00000004)
    .ARM.Collect$$$$00000008                 0x080000f4   Section        0  entry7b.o(.ARM.Collect$$$$00000008)
    .ARM.Collect$$$$0000000A                 0x080000f4   Section        0  entry8b.o(.ARM.Collect$$$$0000000A)
    .ARM.Collect$$$$0000000B                 0x080000f4   Section        8  entry9a.o(.ARM.Collect$$$$0000000B)
    .ARM.Collect$$$$0000000D                 0x080000fc   Section        0  entry10a.o(.ARM.Collect$$$$0000000D)
    .ARM.Collect$$$$0000000F                 0x080000fc   Section        0  entry11a.o(.ARM.Collect$$$$0000000F)
    .ARM.Collect$$$$00002712                 0x080000fc   Section        4  entry2.o(.ARM.Collect$$$$00002712)
    __lit__00000000                          0x080000fc   Data           4  entry2.o(.ARM.Collect$$$$00002712)
    .emb_text                                0x08000100   Section      150  port.o(.emb_text)
    .text                                    0x08000198   Section       36  startup_stm32f103xb.o(.text)
    .text                                    0x080001bc   Section        0  memseta.o(.text)
    .text                                    0x080001e0   Section       36  init.o(.text)
    i.APP_RTOS_Start                         0x08000204   Section        0  app_rtos_task.o(i.APP_RTOS_Start)
    i.BusFault_Handler                       0x08000284   Section        0  stm32f1xx_it.o(i.BusFault_Handler)
    i.DebugMon_Handler                       0x08000288   Section        0  stm32f1xx_it.o(i.DebugMon_Handler)
    i.Error_Handler                          0x0800028a   Section        0  main.o(i.Error_Handler)
    i.Flight_Task                            0x08000290   Section        0  app_rtos_task.o(i.Flight_Task)
    i.HAL_GPIO_Init                          0x080002a4   Section        0  stm32f1xx_hal_gpio.o(i.HAL_GPIO_Init)
    i.HAL_GPIO_WritePin                      0x080005c4   Section        0  stm32f1xx_hal_gpio.o(i.HAL_GPIO_WritePin)
    i.HAL_GetTick                            0x080005d0   Section        0  stm32f1xx_hal.o(i.HAL_GetTick)
    i.HAL_IncTick                            0x080005dc   Section        0  stm32f1xx_hal.o(i.HAL_IncTick)
    i.HAL_Init                               0x080005f4   Section        0  stm32f1xx_hal.o(i.HAL_Init)
    i.HAL_InitTick                           0x0800061c   Section        0  stm32f1xx_hal.o(i.HAL_InitTick)
    i.HAL_MspInit                            0x08000668   Section        0  stm32f1xx_hal_msp.o(i.HAL_MspInit)
    i.HAL_NVIC_SetPriority                   0x080006bc   Section        0  stm32f1xx_hal_cortex.o(i.HAL_NVIC_SetPriority)
    i.HAL_NVIC_SetPriorityGrouping           0x08000738   Section        0  stm32f1xx_hal_cortex.o(i.HAL_NVIC_SetPriorityGrouping)
    i.HAL_RCC_ClockConfig                    0x08000760   Section        0  stm32f1xx_hal_rcc.o(i.HAL_RCC_ClockConfig)
    i.HAL_RCC_GetHCLKFreq                    0x080008ec   Section        0  stm32f1xx_hal_rcc.o(i.HAL_RCC_GetHCLKFreq)
    i.HAL_RCC_GetPCLK1Freq                   0x080008f8   Section        0  stm32f1xx_hal_rcc.o(i.HAL_RCC_GetPCLK1Freq)
    i.HAL_RCC_GetPCLK2Freq                   0x08000918   Section        0  stm32f1xx_hal_rcc.o(i.HAL_RCC_GetPCLK2Freq)
    i.HAL_RCC_GetSysClockFreq                0x08000938   Section        0  stm32f1xx_hal_rcc.o(i.HAL_RCC_GetSysClockFreq)
    i.HAL_RCC_OscConfig                      0x080009a8   Section        0  stm32f1xx_hal_rcc.o(i.HAL_RCC_OscConfig)
    i.HAL_SYSTICK_Config                     0x08000e0c   Section        0  stm32f1xx_hal_cortex.o(i.HAL_SYSTICK_Config)
    i.HAL_TIMEx_ConfigBreakDeadTime          0x08000e40   Section        0  stm32f1xx_hal_tim_ex.o(i.HAL_TIMEx_ConfigBreakDeadTime)
    i.HAL_TIMEx_MasterConfigSynchronization  0x08000eb4   Section        0  stm32f1xx_hal_tim_ex.o(i.HAL_TIMEx_MasterConfigSynchronization)
    i.HAL_TIM_Base_Init                      0x08000f38   Section        0  stm32f1xx_hal_tim.o(i.HAL_TIM_Base_Init)
    i.HAL_TIM_Base_MspInit                   0x08000fa0   Section        0  tim.o(i.HAL_TIM_Base_MspInit)
    i.HAL_TIM_ConfigClockSource              0x08001044   Section        0  stm32f1xx_hal_tim.o(i.HAL_TIM_ConfigClockSource)
    i.HAL_TIM_MspPostInit                    0x08001150   Section        0  tim.o(i.HAL_TIM_MspPostInit)
    i.HAL_TIM_PWM_ConfigChannel              0x08001270   Section        0  stm32f1xx_hal_tim.o(i.HAL_TIM_PWM_ConfigChannel)
    i.HAL_TIM_PWM_Init                       0x08001374   Section        0  stm32f1xx_hal_tim.o(i.HAL_TIM_PWM_Init)
    i.HAL_TIM_PWM_MspInit                    0x080013da   Section        0  stm32f1xx_hal_tim.o(i.HAL_TIM_PWM_MspInit)
    i.HAL_UART_Init                          0x080013dc   Section        0  stm32f1xx_hal_uart.o(i.HAL_UART_Init)
    i.HAL_UART_MspInit                       0x08001454   Section        0  usart.o(i.HAL_UART_MspInit)
    i.HardFault_Handler                      0x080014d8   Section        0  stm32f1xx_it.o(i.HardFault_Handler)
    i.LED_Task                               0x080014dc   Section        0  app_rtos_task.o(i.LED_Task)
    i.LED_Turn_On                            0x08001518   Section        0  led.o(i.LED_Turn_On)
    i.MX_GPIO_Init                           0x08001528   Section        0  gpio.o(i.MX_GPIO_Init)
    i.MX_TIM1_Init                           0x080015fc   Section        0  tim.o(i.MX_TIM1_Init)
    i.MX_TIM2_Init                           0x080016d4   Section        0  tim.o(i.MX_TIM2_Init)
    i.MX_TIM3_Init                           0x08001778   Section        0  tim.o(i.MX_TIM3_Init)
    i.MX_TIM4_Init                           0x0800181c   Section        0  tim.o(i.MX_TIM4_Init)
    i.MX_USART2_UART_Init                    0x080018c0   Section        0  usart.o(i.MX_USART2_UART_Init)
    i.MemManage_Handler                      0x080018f8   Section        0  stm32f1xx_it.o(i.MemManage_Handler)
    i.NMI_Handler                            0x080018fc   Section        0  stm32f1xx_it.o(i.NMI_Handler)
    i.Power_Init                             0x08001900   Section        0  power.o(i.Power_Init)
    i.Power_Task                             0x08001924   Section        0  app_rtos_task.o(i.Power_Task)
    i.RCC_Delay                              0x08001940   Section        0  stm32f1xx_hal_rcc.o(i.RCC_Delay)
    RCC_Delay                                0x08001941   Thumb Code    36  stm32f1xx_hal_rcc.o(i.RCC_Delay)
    i.SysTick_Handler                        0x08001968   Section        0  stm32f1xx_it.o(i.SysTick_Handler)
    i.SystemClock_Config                     0x0800197c   Section        0  main.o(i.SystemClock_Config)
    i.SystemInit                             0x080019e2   Section        0  system_stm32f1xx.o(i.SystemInit)
    i.TIM_Base_SetConfig                     0x080019e4   Section        0  stm32f1xx_hal_tim.o(i.TIM_Base_SetConfig)
    i.TIM_ETR_SetConfig                      0x08001a68   Section        0  stm32f1xx_hal_tim.o(i.TIM_ETR_SetConfig)
    i.TIM_ITRx_SetConfig                     0x08001a7e   Section        0  stm32f1xx_hal_tim.o(i.TIM_ITRx_SetConfig)
    TIM_ITRx_SetConfig                       0x08001a7f   Thumb Code    18  stm32f1xx_hal_tim.o(i.TIM_ITRx_SetConfig)
    i.TIM_OC1_SetConfig                      0x08001a90   Section        0  stm32f1xx_hal_tim.o(i.TIM_OC1_SetConfig)
    TIM_OC1_SetConfig                        0x08001a91   Thumb Code    90  stm32f1xx_hal_tim.o(i.TIM_OC1_SetConfig)
    i.TIM_OC2_SetConfig                      0x08001af0   Section        0  stm32f1xx_hal_tim.o(i.TIM_OC2_SetConfig)
    i.TIM_OC3_SetConfig                      0x08001b58   Section        0  stm32f1xx_hal_tim.o(i.TIM_OC3_SetConfig)
    TIM_OC3_SetConfig                        0x08001b59   Thumb Code    98  stm32f1xx_hal_tim.o(i.TIM_OC3_SetConfig)
    i.TIM_OC4_SetConfig                      0x08001bc0   Section        0  stm32f1xx_hal_tim.o(i.TIM_OC4_SetConfig)
    TIM_OC4_SetConfig                        0x08001bc1   Thumb Code    68  stm32f1xx_hal_tim.o(i.TIM_OC4_SetConfig)
    i.TIM_TI1_ConfigInputStage               0x08001c08   Section        0  stm32f1xx_hal_tim.o(i.TIM_TI1_ConfigInputStage)
    TIM_TI1_ConfigInputStage                 0x08001c09   Thumb Code    38  stm32f1xx_hal_tim.o(i.TIM_TI1_ConfigInputStage)
    i.TIM_TI2_ConfigInputStage               0x08001c2e   Section        0  stm32f1xx_hal_tim.o(i.TIM_TI2_ConfigInputStage)
    TIM_TI2_ConfigInputStage                 0x08001c2f   Thumb Code    40  stm32f1xx_hal_tim.o(i.TIM_TI2_ConfigInputStage)
    i.UART_SetConfig                         0x08001c58   Section        0  stm32f1xx_hal_uart.o(i.UART_SetConfig)
    UART_SetConfig                           0x08001c59   Thumb Code   248  stm32f1xx_hal_uart.o(i.UART_SetConfig)
    i.UsageFault_Handler                     0x08001d54   Section        0  stm32f1xx_it.o(i.UsageFault_Handler)
    i.__NVIC_GetPriorityGrouping             0x08001d58   Section        0  stm32f1xx_hal_cortex.o(i.__NVIC_GetPriorityGrouping)
    __NVIC_GetPriorityGrouping               0x08001d59   Thumb Code    10  stm32f1xx_hal_cortex.o(i.__NVIC_GetPriorityGrouping)
    i.__NVIC_SetPriority                     0x08001d68   Section        0  stm32f1xx_hal_cortex.o(i.__NVIC_SetPriority)
    __NVIC_SetPriority                       0x08001d69   Thumb Code    32  stm32f1xx_hal_cortex.o(i.__NVIC_SetPriority)
    i.__scatterload_copy                     0x08001d90   Section       14  handlers.o(i.__scatterload_copy)
    i.__scatterload_null                     0x08001d9e   Section        2  handlers.o(i.__scatterload_null)
    i.__scatterload_zeroinit                 0x08001da0   Section       14  handlers.o(i.__scatterload_zeroinit)
    i.main                                   0x08001dae   Section        0  main.o(i.main)
    i.prvAddCurrentTaskToDelayedList         0x08001dd8   Section        0  tasks.o(i.prvAddCurrentTaskToDelayedList)
    prvAddCurrentTaskToDelayedList           0x08001dd9   Thumb Code   164  tasks.o(i.prvAddCurrentTaskToDelayedList)
    i.prvAddNewTaskToReadyList               0x08001e98   Section        0  tasks.o(i.prvAddNewTaskToReadyList)
    prvAddNewTaskToReadyList                 0x08001e99   Thumb Code   200  tasks.o(i.prvAddNewTaskToReadyList)
    i.prvCheckTasksWaitingTermination        0x08001f7c   Section        0  tasks.o(i.prvCheckTasksWaitingTermination)
    prvCheckTasksWaitingTermination          0x08001f7d   Thumb Code    60  tasks.o(i.prvCheckTasksWaitingTermination)
    i.prvDeleteTCB                           0x08001fc4   Section        0  tasks.o(i.prvDeleteTCB)
    prvDeleteTCB                             0x08001fc5   Thumb Code    18  tasks.o(i.prvDeleteTCB)
    i.prvHeapInit                            0x08001fd8   Section        0  heap_4.o(i.prvHeapInit)
    prvHeapInit                              0x08001fd9   Thumb Code    90  heap_4.o(i.prvHeapInit)
    i.prvIdleTask                            0x08002048   Section        0  tasks.o(i.prvIdleTask)
    prvIdleTask                              0x08002049   Thumb Code    32  tasks.o(i.prvIdleTask)
    i.prvInitialiseNewTask                   0x08002070   Section        0  tasks.o(i.prvInitialiseNewTask)
    prvInitialiseNewTask                     0x08002071   Thumb Code   122  tasks.o(i.prvInitialiseNewTask)
    i.prvInitialiseTaskLists                 0x080020ec   Section        0  tasks.o(i.prvInitialiseTaskLists)
    prvInitialiseTaskLists                   0x080020ed   Thumb Code    70  tasks.o(i.prvInitialiseTaskLists)
    i.prvInsertBlockIntoFreeList             0x08002154   Section        0  heap_4.o(i.prvInsertBlockIntoFreeList)
    prvInsertBlockIntoFreeList               0x08002155   Thumb Code    96  heap_4.o(i.prvInsertBlockIntoFreeList)
    i.prvResetNextTaskUnblockTime            0x080021bc   Section        0  tasks.o(i.prvResetNextTaskUnblockTime)
    prvResetNextTaskUnblockTime              0x080021bd   Thumb Code    40  tasks.o(i.prvResetNextTaskUnblockTime)
    i.prvTaskExitError                       0x080021ec   Section        0  port.o(i.prvTaskExitError)
    prvTaskExitError                         0x080021ed   Thumb Code    22  port.o(i.prvTaskExitError)
    i.pvPortMalloc                           0x08002204   Section        0  heap_4.o(i.pvPortMalloc)
    i.pxPortInitialiseStack                  0x080022e8   Section        0  port.o(i.pxPortInitialiseStack)
    i.uxListRemove                           0x0800230c   Section        0  list.o(i.uxListRemove)
    i.vListInitialise                        0x08002334   Section        0  list.o(i.vListInitialise)
    i.vListInitialiseItem                    0x0800234e   Section        0  list.o(i.vListInitialiseItem)
    i.vListInsert                            0x08002354   Section        0  list.o(i.vListInsert)
    i.vPortEnterCritical                     0x08002388   Section        0  port.o(i.vPortEnterCritical)
    i.vPortExitCritical                      0x080023ac   Section        0  port.o(i.vPortExitCritical)
    i.vPortFree                              0x080023cc   Section        0  heap_4.o(i.vPortFree)
    i.vPortSetupTimerInterrupt               0x08002418   Section        0  port.o(i.vPortSetupTimerInterrupt)
    i.vTaskDelay                             0x08002430   Section        0  tasks.o(i.vTaskDelay)
    i.vTaskStartScheduler                    0x08002464   Section        0  tasks.o(i.vTaskStartScheduler)
    i.vTaskSuspendAll                        0x080024d0   Section        0  tasks.o(i.vTaskSuspendAll)
    i.vTaskSwitchContext                     0x080024e0   Section        0  tasks.o(i.vTaskSwitchContext)
    i.xPortStartScheduler                    0x08002540   Section        0  port.o(i.xPortStartScheduler)
    i.xPortSysTickHandler                    0x08002574   Section        0  port.o(i.xPortSysTickHandler)
    i.xTaskCreate                            0x080025a8   Section        0  tasks.o(i.xTaskCreate)
    i.xTaskDelayUntil                        0x08002610   Section        0  tasks.o(i.xTaskDelayUntil)
    i.xTaskGetSchedulerState                 0x08002684   Section        0  tasks.o(i.xTaskGetSchedulerState)
    i.xTaskGetTickCount                      0x080026a4   Section        0  tasks.o(i.xTaskGetTickCount)
    i.xTaskIncrementTick                     0x080026b0   Section        0  tasks.o(i.xTaskIncrementTick)
    i.xTaskResumeAll                         0x08002840   Section        0  tasks.o(i.xTaskResumeAll)
    .constdata                               0x0800299c   Section       18  stm32f1xx_hal_rcc.o(.constdata)
    aPLLMULFactorTable                       0x0800299c   Data          16  stm32f1xx_hal_rcc.o(.constdata)
    aPredivFactorTable                       0x080029ac   Data           2  stm32f1xx_hal_rcc.o(.constdata)
    .constdata                               0x080029ae   Section       24  system_stm32f1xx.o(.constdata)
    .data                                    0x20000000   Section        9  stm32f1xx_hal.o(.data)
    .data                                    0x2000000c   Section        4  system_stm32f1xx.o(.data)
    .data                                    0x20000010   Section       64  tasks.o(.data)
    pxDelayedTaskList                        0x20000014   Data           4  tasks.o(.data)
    pxOverflowDelayedTaskList                0x20000018   Data           4  tasks.o(.data)
    uxDeletedTasksWaitingCleanUp             0x2000001c   Data           4  tasks.o(.data)
    uxCurrentNumberOfTasks                   0x20000020   Data           4  tasks.o(.data)
    xTickCount                               0x20000024   Data           4  tasks.o(.data)
    uxTopReadyPriority                       0x20000028   Data           4  tasks.o(.data)
    xSchedulerRunning                        0x2000002c   Data           4  tasks.o(.data)
    xPendedTicks                             0x20000030   Data           4  tasks.o(.data)
    xYieldPending                            0x20000034   Data           4  tasks.o(.data)
    xNumOfOverflows                          0x20000038   Data           4  tasks.o(.data)
    uxTaskNumber                             0x2000003c   Data           4  tasks.o(.data)
    xNextTaskUnblockTime                     0x20000040   Data           4  tasks.o(.data)
    xIdleTaskHandle                          0x20000044   Data           4  tasks.o(.data)
    uxSchedulerSuspended                     0x2000004c   Data           4  tasks.o(.data)
    .data                                    0x20000050   Section       28  heap_4.o(.data)
    xStart                                   0x20000050   Data           8  heap_4.o(.data)
    pxEnd                                    0x20000058   Data           4  heap_4.o(.data)
    xFreeBytesRemaining                      0x2000005c   Data           4  heap_4.o(.data)
    xMinimumEverFreeBytesRemaining           0x20000060   Data           4  heap_4.o(.data)
    xNumberOfSuccessfulAllocations           0x20000064   Data           4  heap_4.o(.data)
    xNumberOfSuccessfulFrees                 0x20000068   Data           4  heap_4.o(.data)
    .data                                    0x2000006c   Section        4  port.o(.data)
    uxCriticalNesting                        0x2000006c   Data           4  port.o(.data)
    .data                                    0x20000070   Section       76  app_rtos_task.o(.data)
    .bss                                     0x200000bc   Section      288  tim.o(.bss)
    .bss                                     0x200001dc   Section       72  usart.o(.bss)
    .bss                                     0x20000224   Section      200  tasks.o(.bss)
    pxReadyTasksLists                        0x20000224   Data         100  tasks.o(.bss)
    xDelayedTaskList1                        0x20000288   Data          20  tasks.o(.bss)
    xDelayedTaskList2                        0x2000029c   Data          20  tasks.o(.bss)
    xPendingReadyList                        0x200002b0   Data          20  tasks.o(.bss)
    xTasksWaitingTermination                 0x200002c4   Data          20  tasks.o(.bss)
    xSuspendedTaskList                       0x200002d8   Data          20  tasks.o(.bss)
    .bss                                     0x200002ec   Section    17408  heap_4.o(.bss)
    ucHeap                                   0x200002ec   Data       17408  heap_4.o(.bss)
    STACK                                    0x200046f0   Section     1024  startup_stm32f103xb.o(STACK)

    Global Symbols

    Symbol Name                              Value     Ov Type        Size  Object(Section)

    BuildAttributes$$THM_ISAv4$P$D$K$B$S$PE$A:L22UL41UL21$X:L11$S22US41US21$IEEE1$IW$USESV6$~STKCKD$USESV7$~SHL$OSPACE$ROPI$EBA8$MICROLIB$REQ8$PRES8$EABIv2 0x00000000   Number         0  anon$$obj.o ABSOLUTE
    __ARM_use_no_argv                        0x00000000   Number         0  main.o ABSOLUTE
    _printf_a                                0x00000000   Number         0  stubs.o ABSOLUTE
    _printf_c                                0x00000000   Number         0  stubs.o ABSOLUTE
    _printf_charcount                        0x00000000   Number         0  stubs.o ABSOLUTE
    _printf_d                                0x00000000   Number         0  stubs.o ABSOLUTE
    _printf_e                                0x00000000   Number         0  stubs.o ABSOLUTE
    _printf_f                                0x00000000   Number         0  stubs.o ABSOLUTE
    _printf_flags                            0x00000000   Number         0  stubs.o ABSOLUTE
    _printf_fp_dec                           0x00000000   Number         0  stubs.o ABSOLUTE
    _printf_fp_hex                           0x00000000   Number         0  stubs.o ABSOLUTE
    _printf_g                                0x00000000   Number         0  stubs.o ABSOLUTE
    _printf_i                                0x00000000   Number         0  stubs.o ABSOLUTE
    _printf_int_dec                          0x00000000   Number         0  stubs.o ABSOLUTE
    _printf_l                                0x00000000   Number         0  stubs.o ABSOLUTE
    _printf_lc                               0x00000000   Number         0  stubs.o ABSOLUTE
    _printf_ll                               0x00000000   Number         0  stubs.o ABSOLUTE
    _printf_lld                              0x00000000   Number         0  stubs.o ABSOLUTE
    _printf_lli                              0x00000000   Number         0  stubs.o ABSOLUTE
    _printf_llo                              0x00000000   Number         0  stubs.o ABSOLUTE
    _printf_llu                              0x00000000   Number         0  stubs.o ABSOLUTE
    _printf_llx                              0x00000000   Number         0  stubs.o ABSOLUTE
    _printf_longlong_dec                     0x00000000   Number         0  stubs.o ABSOLUTE
    _printf_longlong_hex                     0x00000000   Number         0  stubs.o ABSOLUTE
    _printf_longlong_oct                     0x00000000   Number         0  stubs.o ABSOLUTE
    _printf_ls                               0x00000000   Number         0  stubs.o ABSOLUTE
    _printf_mbtowc                           0x00000000   Number         0  stubs.o ABSOLUTE
    _printf_n                                0x00000000   Number         0  stubs.o ABSOLUTE
    _printf_o                                0x00000000   Number         0  stubs.o ABSOLUTE
    _printf_p                                0x00000000   Number         0  stubs.o ABSOLUTE
    _printf_percent                          0x00000000   Number         0  stubs.o ABSOLUTE
    _printf_pre_padding                      0x00000000   Number         0  stubs.o ABSOLUTE
    _printf_return_value                     0x00000000   Number         0  stubs.o ABSOLUTE
    _printf_s                                0x00000000   Number         0  stubs.o ABSOLUTE
    _printf_sizespec                         0x00000000   Number         0  stubs.o ABSOLUTE
    _printf_str                              0x00000000   Number         0  stubs.o ABSOLUTE
    _printf_truncate_signed                  0x00000000   Number         0  stubs.o ABSOLUTE
    _printf_truncate_unsigned                0x00000000   Number         0  stubs.o ABSOLUTE
    _printf_u                                0x00000000   Number         0  stubs.o ABSOLUTE
    _printf_wc                               0x00000000   Number         0  stubs.o ABSOLUTE
    _printf_wctomb                           0x00000000   Number         0  stubs.o ABSOLUTE
    _printf_widthprec                        0x00000000   Number         0  stubs.o ABSOLUTE
    _printf_x                                0x00000000   Number         0  stubs.o ABSOLUTE
    __cpp_initialize__aeabi_                  - Undefined Weak Reference
    __cxa_finalize                            - Undefined Weak Reference
    __decompress                              - Undefined Weak Reference
    _clock_init                               - Undefined Weak Reference
    _microlib_exit                            - Undefined Weak Reference
    __Vectors_Size                           0x000000ec   Number         0  startup_stm32f103xb.o ABSOLUTE
    __Vectors                                0x08000000   Data           4  startup_stm32f103xb.o(RESET)
    __Vectors_End                            0x080000ec   Data           0  startup_stm32f103xb.o(RESET)
    __main                                   0x080000ed   Thumb Code     0  entry.o(.ARM.Collect$$$$00000000)
    _main_stk                                0x080000ed   Thumb Code     0  entry2.o(.ARM.Collect$$$$00000001)
    _main_scatterload                        0x080000f1   Thumb Code     0  entry5.o(.ARM.Collect$$$$00000004)
    __main_after_scatterload                 0x080000f5   Thumb Code     0  entry5.o(.ARM.Collect$$$$00000004)
    _main_clock                              0x080000f5   Thumb Code     0  entry7b.o(.ARM.Collect$$$$00000008)
    _main_cpp_init                           0x080000f5   Thumb Code     0  entry8b.o(.ARM.Collect$$$$0000000A)
    _main_init                               0x080000f5   Thumb Code     0  entry9a.o(.ARM.Collect$$$$0000000B)
    __rt_final_cpp                           0x080000fd   Thumb Code     0  entry10a.o(.ARM.Collect$$$$0000000D)
    __rt_final_exit                          0x080000fd   Thumb Code     0  entry11a.o(.ARM.Collect$$$$0000000F)
    SVC_Handler                              0x08000101   Thumb Code    32  port.o(.emb_text)
    __asm___6_port_c_39a90d8d__prvStartFirstTask 0x08000125   Thumb Code    28  port.o(.emb_text)
    PendSV_Handler                           0x08000145   Thumb Code    72  port.o(.emb_text)
    vPortGetIPSR                             0x08000191   Thumb Code     6  port.o(.emb_text)
    Reset_Handler                            0x08000199   Thumb Code     8  startup_stm32f103xb.o(.text)
    ADC1_2_IRQHandler                        0x080001b3   Thumb Code     0  startup_stm32f103xb.o(.text)
    CAN1_RX1_IRQHandler                      0x080001b3   Thumb Code     0  startup_stm32f103xb.o(.text)
    CAN1_SCE_IRQHandler                      0x080001b3   Thumb Code     0  startup_stm32f103xb.o(.text)
    DMA1_Channel1_IRQHandler                 0x080001b3   Thumb Code     0  startup_stm32f103xb.o(.text)
    DMA1_Channel2_IRQHandler                 0x080001b3   Thumb Code     0  startup_stm32f103xb.o(.text)
    DMA1_Channel3_IRQHandler                 0x080001b3   Thumb Code     0  startup_stm32f103xb.o(.text)
    DMA1_Channel4_IRQHandler                 0x080001b3   Thumb Code     0  startup_stm32f103xb.o(.text)
    DMA1_Channel5_IRQHandler                 0x080001b3   Thumb Code     0  startup_stm32f103xb.o(.text)
    DMA1_Channel6_IRQHandler                 0x080001b3   Thumb Code     0  startup_stm32f103xb.o(.text)
    DMA1_Channel7_IRQHandler                 0x080001b3   Thumb Code     0  startup_stm32f103xb.o(.text)
    EXTI0_IRQHandler                         0x080001b3   Thumb Code     0  startup_stm32f103xb.o(.text)
    EXTI15_10_IRQHandler                     0x080001b3   Thumb Code     0  startup_stm32f103xb.o(.text)
    EXTI1_IRQHandler                         0x080001b3   Thumb Code     0  startup_stm32f103xb.o(.text)
    EXTI2_IRQHandler                         0x080001b3   Thumb Code     0  startup_stm32f103xb.o(.text)
    EXTI3_IRQHandler                         0x080001b3   Thumb Code     0  startup_stm32f103xb.o(.text)
    EXTI4_IRQHandler                         0x080001b3   Thumb Code     0  startup_stm32f103xb.o(.text)
    EXTI9_5_IRQHandler                       0x080001b3   Thumb Code     0  startup_stm32f103xb.o(.text)
    FLASH_IRQHandler                         0x080001b3   Thumb Code     0  startup_stm32f103xb.o(.text)
    I2C1_ER_IRQHandler                       0x080001b3   Thumb Code     0  startup_stm32f103xb.o(.text)
    I2C1_EV_IRQHandler                       0x080001b3   Thumb Code     0  startup_stm32f103xb.o(.text)
    I2C2_ER_IRQHandler                       0x080001b3   Thumb Code     0  startup_stm32f103xb.o(.text)
    I2C2_EV_IRQHandler                       0x080001b3   Thumb Code     0  startup_stm32f103xb.o(.text)
    PVD_IRQHandler                           0x080001b3   Thumb Code     0  startup_stm32f103xb.o(.text)
    RCC_IRQHandler                           0x080001b3   Thumb Code     0  startup_stm32f103xb.o(.text)
    RTC_Alarm_IRQHandler                     0x080001b3   Thumb Code     0  startup_stm32f103xb.o(.text)
    RTC_IRQHandler                           0x080001b3   Thumb Code     0  startup_stm32f103xb.o(.text)
    SPI1_IRQHandler                          0x080001b3   Thumb Code     0  startup_stm32f103xb.o(.text)
    SPI2_IRQHandler                          0x080001b3   Thumb Code     0  startup_stm32f103xb.o(.text)
    TAMPER_IRQHandler                        0x080001b3   Thumb Code     0  startup_stm32f103xb.o(.text)
    TIM1_BRK_IRQHandler                      0x080001b3   Thumb Code     0  startup_stm32f103xb.o(.text)
    TIM1_CC_IRQHandler                       0x080001b3   Thumb Code     0  startup_stm32f103xb.o(.text)
    TIM1_TRG_COM_IRQHandler                  0x080001b3   Thumb Code     0  startup_stm32f103xb.o(.text)
    TIM1_UP_IRQHandler                       0x080001b3   Thumb Code     0  startup_stm32f103xb.o(.text)
    TIM2_IRQHandler                          0x080001b3   Thumb Code     0  startup_stm32f103xb.o(.text)
    TIM3_IRQHandler                          0x080001b3   Thumb Code     0  startup_stm32f103xb.o(.text)
    TIM4_IRQHandler                          0x080001b3   Thumb Code     0  startup_stm32f103xb.o(.text)
    USART1_IRQHandler                        0x080001b3   Thumb Code     0  startup_stm32f103xb.o(.text)
    USART2_IRQHandler                        0x080001b3   Thumb Code     0  startup_stm32f103xb.o(.text)
    USART3_IRQHandler                        0x080001b3   Thumb Code     0  startup_stm32f103xb.o(.text)
    USBWakeUp_IRQHandler                     0x080001b3   Thumb Code     0  startup_stm32f103xb.o(.text)
    USB_HP_CAN1_TX_IRQHandler                0x080001b3   Thumb Code     0  startup_stm32f103xb.o(.text)
    USB_LP_CAN1_RX0_IRQHandler               0x080001b3   Thumb Code     0  startup_stm32f103xb.o(.text)
    WWDG_IRQHandler                          0x080001b3   Thumb Code     0  startup_stm32f103xb.o(.text)
    __aeabi_memset                           0x080001bd   Thumb Code    14  memseta.o(.text)
    __aeabi_memset4                          0x080001bd   Thumb Code     0  memseta.o(.text)
    __aeabi_memset8                          0x080001bd   Thumb Code     0  memseta.o(.text)
    __aeabi_memclr                           0x080001cb   Thumb Code     4  memseta.o(.text)
    __aeabi_memclr4                          0x080001cb   Thumb Code     0  memseta.o(.text)
    __aeabi_memclr8                          0x080001cb   Thumb Code     0  memseta.o(.text)
    _memset$wrapper                          0x080001cf   Thumb Code    18  memseta.o(.text)
    __scatterload                            0x080001e1   Thumb Code    28  init.o(.text)
    __scatterload_rt2                        0x080001e1   Thumb Code     0  init.o(.text)
    APP_RTOS_Start                           0x08000205   Thumb Code    68  app_rtos_task.o(i.APP_RTOS_Start)
    BusFault_Handler                         0x08000285   Thumb Code     4  stm32f1xx_it.o(i.BusFault_Handler)
    DebugMon_Handler                         0x08000289   Thumb Code     2  stm32f1xx_it.o(i.DebugMon_Handler)
    Error_Handler                            0x0800028b   Thumb Code     6  main.o(i.Error_Handler)
    Flight_Task                              0x08000291   Thumb Code    20  app_rtos_task.o(i.Flight_Task)
    HAL_GPIO_Init                            0x080002a5   Thumb Code   766  stm32f1xx_hal_gpio.o(i.HAL_GPIO_Init)
    HAL_GPIO_WritePin                        0x080005c5   Thumb Code    12  stm32f1xx_hal_gpio.o(i.HAL_GPIO_WritePin)
    HAL_GetTick                              0x080005d1   Thumb Code     6  stm32f1xx_hal.o(i.HAL_GetTick)
    HAL_IncTick                              0x080005dd   Thumb Code    16  stm32f1xx_hal.o(i.HAL_IncTick)
    HAL_Init                                 0x080005f5   Thumb Code    34  stm32f1xx_hal.o(i.HAL_Init)
    HAL_InitTick                             0x0800061d   Thumb Code    64  stm32f1xx_hal.o(i.HAL_InitTick)
    HAL_MspInit                              0x08000669   Thumb Code    76  stm32f1xx_hal_msp.o(i.HAL_MspInit)
    HAL_NVIC_SetPriority                     0x080006bd   Thumb Code   124  stm32f1xx_hal_cortex.o(i.HAL_NVIC_SetPriority)
    HAL_NVIC_SetPriorityGrouping             0x08000739   Thumb Code    32  stm32f1xx_hal_cortex.o(i.HAL_NVIC_SetPriorityGrouping)
    HAL_RCC_ClockConfig                      0x08000761   Thumb Code   376  stm32f1xx_hal_rcc.o(i.HAL_RCC_ClockConfig)
    HAL_RCC_GetHCLKFreq                      0x080008ed   Thumb Code     6  stm32f1xx_hal_rcc.o(i.HAL_RCC_GetHCLKFreq)
    HAL_RCC_GetPCLK1Freq                     0x080008f9   Thumb Code    22  stm32f1xx_hal_rcc.o(i.HAL_RCC_GetPCLK1Freq)
    HAL_RCC_GetPCLK2Freq                     0x08000919   Thumb Code    22  stm32f1xx_hal_rcc.o(i.HAL_RCC_GetPCLK2Freq)
    HAL_RCC_GetSysClockFreq                  0x08000939   Thumb Code    92  stm32f1xx_hal_rcc.o(i.HAL_RCC_GetSysClockFreq)
    HAL_RCC_OscConfig                        0x080009a9   Thumb Code  1114  stm32f1xx_hal_rcc.o(i.HAL_RCC_OscConfig)
    HAL_SYSTICK_Config                       0x08000e0d   Thumb Code    52  stm32f1xx_hal_cortex.o(i.HAL_SYSTICK_Config)
    HAL_TIMEx_ConfigBreakDeadTime            0x08000e41   Thumb Code   116  stm32f1xx_hal_tim_ex.o(i.HAL_TIMEx_ConfigBreakDeadTime)
    HAL_TIMEx_MasterConfigSynchronization    0x08000eb5   Thumb Code   118  stm32f1xx_hal_tim_ex.o(i.HAL_TIMEx_MasterConfigSynchronization)
    HAL_TIM_Base_Init                        0x08000f39   Thumb Code   102  stm32f1xx_hal_tim.o(i.HAL_TIM_Base_Init)
    HAL_TIM_Base_MspInit                     0x08000fa1   Thumb Code   148  tim.o(i.HAL_TIM_Base_MspInit)
    HAL_TIM_ConfigClockSource                0x08001045   Thumb Code   268  stm32f1xx_hal_tim.o(i.HAL_TIM_ConfigClockSource)
    HAL_TIM_MspPostInit                      0x08001151   Thumb Code   260  tim.o(i.HAL_TIM_MspPostInit)
    HAL_TIM_PWM_ConfigChannel                0x08001271   Thumb Code   260  stm32f1xx_hal_tim.o(i.HAL_TIM_PWM_ConfigChannel)
    HAL_TIM_PWM_Init                         0x08001375   Thumb Code   102  stm32f1xx_hal_tim.o(i.HAL_TIM_PWM_Init)
    HAL_TIM_PWM_MspInit                      0x080013db   Thumb Code     2  stm32f1xx_hal_tim.o(i.HAL_TIM_PWM_MspInit)
    HAL_UART_Init                            0x080013dd   Thumb Code   118  stm32f1xx_hal_uart.o(i.HAL_UART_Init)
    HAL_UART_MspInit                         0x08001455   Thumb Code   120  usart.o(i.HAL_UART_MspInit)
    HardFault_Handler                        0x080014d9   Thumb Code     4  stm32f1xx_it.o(i.HardFault_Handler)
    LED_Task                                 0x080014dd   Thumb Code    44  app_rtos_task.o(i.LED_Task)
    LED_Turn_On                              0x08001519   Thumb Code    16  led.o(i.LED_Turn_On)
    MX_GPIO_Init                             0x08001529   Thumb Code   200  gpio.o(i.MX_GPIO_Init)
    MX_TIM1_Init                             0x080015fd   Thumb Code   208  tim.o(i.MX_TIM1_Init)
    MX_TIM2_Init                             0x080016d5   Thumb Code   158  tim.o(i.MX_TIM2_Init)
    MX_TIM3_Init                             0x08001779   Thumb Code   156  tim.o(i.MX_TIM3_Init)
    MX_TIM4_Init                             0x0800181d   Thumb Code   156  tim.o(i.MX_TIM4_Init)
    MX_USART2_UART_Init                      0x080018c1   Thumb Code    46  usart.o(i.MX_USART2_UART_Init)
    MemManage_Handler                        0x080018f9   Thumb Code     4  stm32f1xx_it.o(i.MemManage_Handler)
    NMI_Handler                              0x080018fd   Thumb Code     4  stm32f1xx_it.o(i.NMI_Handler)
    Power_Init                               0x08001901   Thumb Code    30  power.o(i.Power_Init)
    Power_Task                               0x08001925   Thumb Code    26  app_rtos_task.o(i.Power_Task)
    SysTick_Handler                          0x08001969   Thumb Code    20  stm32f1xx_it.o(i.SysTick_Handler)
    SystemClock_Config                       0x0800197d   Thumb Code   102  main.o(i.SystemClock_Config)
    SystemInit                               0x080019e3   Thumb Code     2  system_stm32f1xx.o(i.SystemInit)
    TIM_Base_SetConfig                       0x080019e5   Thumb Code   120  stm32f1xx_hal_tim.o(i.TIM_Base_SetConfig)
    TIM_ETR_SetConfig                        0x08001a69   Thumb Code    22  stm32f1xx_hal_tim.o(i.TIM_ETR_SetConfig)
    TIM_OC2_SetConfig                        0x08001af1   Thumb Code   100  stm32f1xx_hal_tim.o(i.TIM_OC2_SetConfig)
    UsageFault_Handler                       0x08001d55   Thumb Code     4  stm32f1xx_it.o(i.UsageFault_Handler)
    __scatterload_copy                       0x08001d91   Thumb Code    14  handlers.o(i.__scatterload_copy)
    __scatterload_null                       0x08001d9f   Thumb Code     2  handlers.o(i.__scatterload_null)
    __scatterload_zeroinit                   0x08001da1   Thumb Code    14  handlers.o(i.__scatterload_zeroinit)
    main                                     0x08001daf   Thumb Code    40  main.o(i.main)
    pvPortMalloc                             0x08002205   Thumb Code   208  heap_4.o(i.pvPortMalloc)
    pxPortInitialiseStack                    0x080022e9   Thumb Code    30  port.o(i.pxPortInitialiseStack)
    uxListRemove                             0x0800230d   Thumb Code    40  list.o(i.uxListRemove)
    vListInitialise                          0x08002335   Thumb Code    26  list.o(i.vListInitialise)
    vListInitialiseItem                      0x0800234f   Thumb Code     6  list.o(i.vListInitialiseItem)
    vListInsert                              0x08002355   Thumb Code    52  list.o(i.vListInsert)
    vPortEnterCritical                       0x08002389   Thumb Code    30  port.o(i.vPortEnterCritical)
    vPortExitCritical                        0x080023ad   Thumb Code    28  port.o(i.vPortExitCritical)
    vPortFree                                0x080023cd   Thumb Code    68  heap_4.o(i.vPortFree)
    vPortSetupTimerInterrupt                 0x08002419   Thumb Code    20  port.o(i.vPortSetupTimerInterrupt)
    vTaskDelay                               0x08002431   Thumb Code    46  tasks.o(i.vTaskDelay)
    vTaskStartScheduler                      0x08002465   Thumb Code    76  tasks.o(i.vTaskStartScheduler)
    vTaskSuspendAll                          0x080024d1   Thumb Code    12  tasks.o(i.vTaskSuspendAll)
    vTaskSwitchContext                       0x080024e1   Thumb Code    76  tasks.o(i.vTaskSwitchContext)
    xPortStartScheduler                      0x08002541   Thumb Code    42  port.o(i.xPortStartScheduler)
    xPortSysTickHandler                      0x08002575   Thumb Code    46  port.o(i.xPortSysTickHandler)
    xTaskCreate                              0x080025a9   Thumb Code   104  tasks.o(i.xTaskCreate)
    xTaskDelayUntil                          0x08002611   Thumb Code   108  tasks.o(i.xTaskDelayUntil)
    xTaskGetSchedulerState                   0x08002685   Thumb Code    24  tasks.o(i.xTaskGetSchedulerState)
    xTaskGetTickCount                        0x080026a5   Thumb Code     6  tasks.o(i.xTaskGetTickCount)
    xTaskIncrementTick                       0x080026b1   Thumb Code   356  tasks.o(i.xTaskIncrementTick)
    xTaskResumeAll                           0x08002841   Thumb Code   310  tasks.o(i.xTaskResumeAll)
    AHBPrescTable                            0x080029ae   Data          16  system_stm32f1xx.o(.constdata)
    APBPrescTable                            0x080029be   Data           8  system_stm32f1xx.o(.constdata)
    Region$$Table$$Base                      0x080029c8   Number         0  anon$$obj.o(Region$$Table)
    Region$$Table$$Limit                     0x080029e8   Number         0  anon$$obj.o(Region$$Table)
    uwTick                                   0x20000000   Data           4  stm32f1xx_hal.o(.data)
    uwTickPrio                               0x20000004   Data           4  stm32f1xx_hal.o(.data)
    uwTickFreq                               0x20000008   Data           1  stm32f1xx_hal.o(.data)
    SystemCoreClock                          0x2000000c   Data           4  system_stm32f1xx.o(.data)
    pxCurrentTCB                             0x20000010   Data           4  tasks.o(.data)
    uxTopUsedPriority                        0x20000048   Data           4  tasks.o(.data)
    Power_Task_Handler                       0x20000070   Data           4  app_rtos_task.o(.data)
    Flight_Task_Handler                      0x20000074   Data           4  app_rtos_task.o(.data)
    LED_Task_Handler                         0x20000078   Data           4  app_rtos_task.o(.data)
    left_top_motor                           0x2000007c   Data           8  app_rtos_task.o(.data)
    left_bottom_motor                        0x20000084   Data           8  app_rtos_task.o(.data)
    right_top_motor                          0x2000008c   Data           8  app_rtos_task.o(.data)
    right_bottom_motor                       0x20000094   Data           8  app_rtos_task.o(.data)
    left_top_led                             0x2000009c   Data           8  app_rtos_task.o(.data)
    right_top_led                            0x200000a4   Data           8  app_rtos_task.o(.data)
    right_bottom_led                         0x200000ac   Data           8  app_rtos_task.o(.data)
    left_bottom_led                          0x200000b4   Data           8  app_rtos_task.o(.data)
    htim1                                    0x200000bc   Data          72  tim.o(.bss)
    htim2                                    0x20000104   Data          72  tim.o(.bss)
    htim3                                    0x2000014c   Data          72  tim.o(.bss)
    htim4                                    0x20000194   Data          72  tim.o(.bss)
    huart2                                   0x200001dc   Data          72  usart.o(.bss)
    __initial_sp                             0x20004af0   Data           0  startup_stm32f103xb.o(STACK)



==============================================================================

Memory Map of the image

  Image Entry point : 0x080000ed

  Load Region LR_IROM1 (Base: 0x08000000, Size: 0x00002aa4, Max: 0x00010000, ABSOLUTE)

    Execution Region ER_IROM1 (Exec base: 0x08000000, Load base: 0x08000000, Size: 0x000029e8, Max: 0x00010000, ABSOLUTE)

    Exec Addr    Load Addr    Size         Type   Attr      Idx    E Section Name        Object

    0x08000000   0x08000000   0x000000ec   Data   RO            3    RESET               startup_stm32f103xb.o
    0x080000ec   0x080000ec   0x00000000   Code   RO         3983  * .ARM.Collect$$$$00000000  mc_w.l(entry.o)
    0x080000ec   0x080000ec   0x00000004   Code   RO         4257    .ARM.Collect$$$$00000001  mc_w.l(entry2.o)
    0x080000f0   0x080000f0   0x00000004   Code   RO         4260    .ARM.Collect$$$$00000004  mc_w.l(entry5.o)
    0x080000f4   0x080000f4   0x00000000   Code   RO         4262    .ARM.Collect$$$$00000008  mc_w.l(entry7b.o)
    0x080000f4   0x080000f4   0x00000000   Code   RO         4264    .ARM.Collect$$$$0000000A  mc_w.l(entry8b.o)
    0x080000f4   0x080000f4   0x00000008   Code   RO         4265    .ARM.Collect$$$$0000000B  mc_w.l(entry9a.o)
    0x080000fc   0x080000fc   0x00000000   Code   RO         4267    .ARM.Collect$$$$0000000D  mc_w.l(entry10a.o)
    0x080000fc   0x080000fc   0x00000000   Code   RO         4269    .ARM.Collect$$$$0000000F  mc_w.l(entry11a.o)
    0x080000fc   0x080000fc   0x00000004   Code   RO         4258    .ARM.Collect$$$$00002712  mc_w.l(entry2.o)
    0x08000100   0x08000100   0x00000096   Code   RO         3647    .emb_text           port.o
    0x08000196   0x08000196   0x00000002   PAD
    0x08000198   0x08000198   0x00000024   Code   RO            4    .text               startup_stm32f103xb.o
    0x080001bc   0x080001bc   0x00000024   Code   RO         3990    .text               mc_w.l(memseta.o)
    0x080001e0   0x080001e0   0x00000024   Code   RO         4287    .text               mc_w.l(init.o)
    0x08000204   0x08000204   0x00000080   Code   RO         3758    i.APP_RTOS_Start    app_rtos_task.o
    0x08000284   0x08000284   0x00000004   Code   RO          335    i.BusFault_Handler  stm32f1xx_it.o
    0x08000288   0x08000288   0x00000002   Code   RO          336    i.DebugMon_Handler  stm32f1xx_it.o
    0x0800028a   0x0800028a   0x00000006   Code   RO           13    i.Error_Handler     main.o
    0x08000290   0x08000290   0x00000014   Code   RO         3759    i.Flight_Task       app_rtos_task.o
    0x080002a4   0x080002a4   0x00000320   Code   RO         1764    i.HAL_GPIO_Init     stm32f1xx_hal_gpio.o
    0x080005c4   0x080005c4   0x0000000c   Code   RO         1768    i.HAL_GPIO_WritePin  stm32f1xx_hal_gpio.o
    0x080005d0   0x080005d0   0x0000000c   Code   RO         1453    i.HAL_GetTick       stm32f1xx_hal.o
    0x080005dc   0x080005dc   0x00000018   Code   RO         1459    i.HAL_IncTick       stm32f1xx_hal.o
    0x080005f4   0x080005f4   0x00000028   Code   RO         1460    i.HAL_Init          stm32f1xx_hal.o
    0x0800061c   0x0800061c   0x0000004c   Code   RO         1461    i.HAL_InitTick      stm32f1xx_hal.o
    0x08000668   0x08000668   0x00000054   Code   RO          398    i.HAL_MspInit       stm32f1xx_hal_msp.o
    0x080006bc   0x080006bc   0x0000007c   Code   RO         1930    i.HAL_NVIC_SetPriority  stm32f1xx_hal_cortex.o
    0x08000738   0x08000738   0x00000028   Code   RO         1931    i.HAL_NVIC_SetPriorityGrouping  stm32f1xx_hal_cortex.o
    0x08000760   0x08000760   0x0000018c   Code   RO         1617    i.HAL_RCC_ClockConfig  stm32f1xx_hal_rcc.o
    0x080008ec   0x080008ec   0x0000000c   Code   RO         1622    i.HAL_RCC_GetHCLKFreq  stm32f1xx_hal_rcc.o
    0x080008f8   0x080008f8   0x00000020   Code   RO         1624    i.HAL_RCC_GetPCLK1Freq  stm32f1xx_hal_rcc.o
    0x08000918   0x08000918   0x00000020   Code   RO         1625    i.HAL_RCC_GetPCLK2Freq  stm32f1xx_hal_rcc.o
    0x08000938   0x08000938   0x00000070   Code   RO         1626    i.HAL_RCC_GetSysClockFreq  stm32f1xx_hal_rcc.o
    0x080009a8   0x080009a8   0x00000464   Code   RO         1629    i.HAL_RCC_OscConfig  stm32f1xx_hal_rcc.o
    0x08000e0c   0x08000e0c   0x00000034   Code   RO         1935    i.HAL_SYSTICK_Config  stm32f1xx_hal_cortex.o
    0x08000e40   0x08000e40   0x00000074   Code   RO         1178    i.HAL_TIMEx_ConfigBreakDeadTime  stm32f1xx_hal_tim_ex.o
    0x08000eb4   0x08000eb4   0x00000084   Code   RO         1194    i.HAL_TIMEx_MasterConfigSynchronization  stm32f1xx_hal_tim_ex.o
    0x08000f38   0x08000f38   0x00000066   Code   RO          460    i.HAL_TIM_Base_Init  stm32f1xx_hal_tim.o
    0x08000f9e   0x08000f9e   0x00000002   PAD
    0x08000fa0   0x08000fa0   0x000000a4   Code   RO          228    i.HAL_TIM_Base_MspInit  tim.o
    0x08001044   0x08001044   0x0000010c   Code   RO          469    i.HAL_TIM_ConfigClockSource  stm32f1xx_hal_tim.o
    0x08001150   0x08001150   0x00000120   Code   RO          229    i.HAL_TIM_MspPostInit  tim.o
    0x08001270   0x08001270   0x00000104   Code   RO          532    i.HAL_TIM_PWM_ConfigChannel  stm32f1xx_hal_tim.o
    0x08001374   0x08001374   0x00000066   Code   RO          535    i.HAL_TIM_PWM_Init  stm32f1xx_hal_tim.o
    0x080013da   0x080013da   0x00000002   Code   RO          537    i.HAL_TIM_PWM_MspInit  stm32f1xx_hal_tim.o
    0x080013dc   0x080013dc   0x00000076   Code   RO         2480    i.HAL_UART_Init     stm32f1xx_hal_uart.o
    0x08001452   0x08001452   0x00000002   PAD
    0x08001454   0x08001454   0x00000084   Code   RO          294    i.HAL_UART_MspInit  usart.o
    0x080014d8   0x080014d8   0x00000004   Code   RO          337    i.HardFault_Handler  stm32f1xx_it.o
    0x080014dc   0x080014dc   0x0000003c   Code   RO         3760    i.LED_Task          app_rtos_task.o
    0x08001518   0x08001518   0x00000010   Code   RO         3868    i.LED_Turn_On       led.o
    0x08001528   0x08001528   0x000000d4   Code   RO          203    i.MX_GPIO_Init      gpio.o
    0x080015fc   0x080015fc   0x000000d8   Code   RO          230    i.MX_TIM1_Init      tim.o
    0x080016d4   0x080016d4   0x000000a4   Code   RO          231    i.MX_TIM2_Init      tim.o
    0x08001778   0x08001778   0x000000a4   Code   RO          232    i.MX_TIM3_Init      tim.o
    0x0800181c   0x0800181c   0x000000a4   Code   RO          233    i.MX_TIM4_Init      tim.o
    0x080018c0   0x080018c0   0x00000038   Code   RO          295    i.MX_USART2_UART_Init  usart.o
    0x080018f8   0x080018f8   0x00000004   Code   RO          338    i.MemManage_Handler  stm32f1xx_it.o
    0x080018fc   0x080018fc   0x00000004   Code   RO          339    i.NMI_Handler       stm32f1xx_it.o
    0x08001900   0x08001900   0x00000024   Code   RO         3806    i.Power_Init        power.o
    0x08001924   0x08001924   0x0000001a   Code   RO         3761    i.Power_Task        app_rtos_task.o
    0x0800193e   0x0800193e   0x00000002   PAD
    0x08001940   0x08001940   0x00000028   Code   RO         1630    i.RCC_Delay         stm32f1xx_hal_rcc.o
    0x08001968   0x08001968   0x00000014   Code   RO          340    i.SysTick_Handler   stm32f1xx_it.o
    0x0800197c   0x0800197c   0x00000066   Code   RO           14    i.SystemClock_Config  main.o
    0x080019e2   0x080019e2   0x00000002   Code   RO         2824    i.SystemInit        system_stm32f1xx.o
    0x080019e4   0x080019e4   0x00000084   Code   RO          553    i.TIM_Base_SetConfig  stm32f1xx_hal_tim.o
    0x08001a68   0x08001a68   0x00000016   Code   RO          564    i.TIM_ETR_SetConfig  stm32f1xx_hal_tim.o
    0x08001a7e   0x08001a7e   0x00000012   Code   RO          565    i.TIM_ITRx_SetConfig  stm32f1xx_hal_tim.o
    0x08001a90   0x08001a90   0x00000060   Code   RO          566    i.TIM_OC1_SetConfig  stm32f1xx_hal_tim.o
    0x08001af0   0x08001af0   0x00000068   Code   RO          567    i.TIM_OC2_SetConfig  stm32f1xx_hal_tim.o
    0x08001b58   0x08001b58   0x00000068   Code   RO          568    i.TIM_OC3_SetConfig  stm32f1xx_hal_tim.o
    0x08001bc0   0x08001bc0   0x00000048   Code   RO          569    i.TIM_OC4_SetConfig  stm32f1xx_hal_tim.o
    0x08001c08   0x08001c08   0x00000026   Code   RO          571    i.TIM_TI1_ConfigInputStage  stm32f1xx_hal_tim.o
    0x08001c2e   0x08001c2e   0x00000028   Code   RO          573    i.TIM_TI2_ConfigInputStage  stm32f1xx_hal_tim.o
    0x08001c56   0x08001c56   0x00000002   PAD
    0x08001c58   0x08001c58   0x000000fc   Code   RO         2507    i.UART_SetConfig    stm32f1xx_hal_uart.o
    0x08001d54   0x08001d54   0x00000004   Code   RO          341    i.UsageFault_Handler  stm32f1xx_it.o
    0x08001d58   0x08001d58   0x00000010   Code   RO         1937    i.__NVIC_GetPriorityGrouping  stm32f1xx_hal_cortex.o
    0x08001d68   0x08001d68   0x00000028   Code   RO         1938    i.__NVIC_SetPriority  stm32f1xx_hal_cortex.o
    0x08001d90   0x08001d90   0x0000000e   Code   RO         4297    i.__scatterload_copy  mc_w.l(handlers.o)
    0x08001d9e   0x08001d9e   0x00000002   Code   RO         4298    i.__scatterload_null  mc_w.l(handlers.o)
    0x08001da0   0x08001da0   0x0000000e   Code   RO         4299    i.__scatterload_zeroinit  mc_w.l(handlers.o)
    0x08001dae   0x08001dae   0x00000028   Code   RO           15    i.main              main.o
    0x08001dd6   0x08001dd6   0x00000002   PAD
    0x08001dd8   0x08001dd8   0x000000c0   Code   RO         3277    i.prvAddCurrentTaskToDelayedList  tasks.o
    0x08001e98   0x08001e98   0x000000e4   Code   RO         3278    i.prvAddNewTaskToReadyList  tasks.o
    0x08001f7c   0x08001f7c   0x00000048   Code   RO         3279    i.prvCheckTasksWaitingTermination  tasks.o
    0x08001fc4   0x08001fc4   0x00000012   Code   RO         3280    i.prvDeleteTCB      tasks.o
    0x08001fd6   0x08001fd6   0x00000002   PAD
    0x08001fd8   0x08001fd8   0x00000070   Code   RO         3586    i.prvHeapInit       heap_4.o
    0x08002048   0x08002048   0x00000028   Code   RO         3281    i.prvIdleTask       tasks.o
    0x08002070   0x08002070   0x0000007a   Code   RO         3282    i.prvInitialiseNewTask  tasks.o
    0x080020ea   0x080020ea   0x00000002   PAD
    0x080020ec   0x080020ec   0x00000068   Code   RO         3283    i.prvInitialiseTaskLists  tasks.o
    0x08002154   0x08002154   0x00000068   Code   RO         3587    i.prvInsertBlockIntoFreeList  heap_4.o
    0x080021bc   0x080021bc   0x00000030   Code   RO         3284    i.prvResetNextTaskUnblockTime  tasks.o
    0x080021ec   0x080021ec   0x00000016   Code   RO         3648    i.prvTaskExitError  port.o
    0x08002202   0x08002202   0x00000002   PAD
    0x08002204   0x08002204   0x000000e4   Code   RO         3589    i.pvPortMalloc      heap_4.o
    0x080022e8   0x080022e8   0x00000024   Code   RO         3649    i.pxPortInitialiseStack  port.o
    0x0800230c   0x0800230c   0x00000028   Code   RO         2958    i.uxListRemove      list.o
    0x08002334   0x08002334   0x0000001a   Code   RO         2959    i.vListInitialise   list.o
    0x0800234e   0x0800234e   0x00000006   Code   RO         2960    i.vListInitialiseItem  list.o
    0x08002354   0x08002354   0x00000034   Code   RO         2961    i.vListInsert       list.o
    0x08002388   0x08002388   0x00000024   Code   RO         3651    i.vPortEnterCritical  port.o
    0x080023ac   0x080023ac   0x00000020   Code   RO         3652    i.vPortExitCritical  port.o
    0x080023cc   0x080023cc   0x0000004c   Code   RO         3590    i.vPortFree         heap_4.o
    0x08002418   0x08002418   0x00000018   Code   RO         3653    i.vPortSetupTimerInterrupt  port.o
    0x08002430   0x08002430   0x00000034   Code   RO         3292    i.vTaskDelay        tasks.o
    0x08002464   0x08002464   0x0000006c   Code   RO         3304    i.vTaskStartScheduler  tasks.o
    0x080024d0   0x080024d0   0x00000010   Code   RO         3306    i.vTaskSuspendAll   tasks.o
    0x080024e0   0x080024e0   0x00000060   Code   RO         3307    i.vTaskSwitchContext  tasks.o
    0x08002540   0x08002540   0x00000034   Code   RO         3654    i.xPortStartScheduler  port.o
    0x08002574   0x08002574   0x00000034   Code   RO         3655    i.xPortSysTickHandler  port.o
    0x080025a8   0x080025a8   0x00000068   Code   RO         3310    i.xTaskCreate       tasks.o
    0x08002610   0x08002610   0x00000074   Code   RO         3311    i.xTaskDelayUntil   tasks.o
    0x08002684   0x08002684   0x00000020   Code   RO         3317    i.xTaskGetSchedulerState  tasks.o
    0x080026a4   0x080026a4   0x0000000c   Code   RO         3318    i.xTaskGetTickCount  tasks.o
    0x080026b0   0x080026b0   0x00000190   Code   RO         3320    i.xTaskIncrementTick  tasks.o
    0x08002840   0x08002840   0x0000015c   Code   RO         3322    i.xTaskResumeAll    tasks.o
    0x0800299c   0x0800299c   0x00000012   Data   RO         1631    .constdata          stm32f1xx_hal_rcc.o
    0x080029ae   0x080029ae   0x00000018   Data   RO         2825    .constdata          system_stm32f1xx.o
    0x080029c6   0x080029c6   0x00000002   PAD
    0x080029c8   0x080029c8   0x00000020   Data   RO         4295    Region$$Table       anon$$obj.o


    Execution Region RW_IRAM1 (Exec base: 0x20000000, Load base: 0x080029e8, Size: 0x00004af0, Max: 0x00005000, ABSOLUTE)

    Exec Addr    Load Addr    Size         Type   Attr      Idx    E Section Name        Object

    0x20000000   0x080029e8   0x00000009   Data   RW         1467    .data               stm32f1xx_hal.o
    0x20000009   0x080029f1   0x00000003   PAD
    0x2000000c   0x080029f4   0x00000004   Data   RW         2826    .data               system_stm32f1xx.o
    0x20000010   0x080029f8   0x00000040   Data   RW         3325    .data               tasks.o
    0x20000050   0x08002a38   0x0000001c   Data   RW         3596    .data               heap_4.o
    0x2000006c   0x08002a54   0x00000004   Data   RW         3656    .data               port.o
    0x20000070   0x08002a58   0x0000004c   Data   RW         3762    .data               app_rtos_task.o
    0x200000bc        -       0x00000120   Zero   RW          234    .bss                tim.o
    0x200001dc        -       0x00000048   Zero   RW          296    .bss                usart.o
    0x20000224        -       0x000000c8   Zero   RW         3324    .bss                tasks.o
    0x200002ec        -       0x00004400   Zero   RW         3595    .bss                heap_4.o
    0x200046ec   0x08002aa4   0x00000004   PAD
    0x200046f0        -       0x00000400   Zero   RW            1    STACK               startup_stm32f103xb.o


==============================================================================

Image component sizes


      Code (inc. data)   RO Data    RW Data    ZI Data      Debug   Object Name

       234         76          0         76          0       2861   app_rtos_task.o
         0          0          0          0          0       2516   event_groups.o
       212         12          0          0          0        975   gpio.o
       520         58          0         28      17408       4475   heap_4.o
        16          0          0          0          0     337950   led.o
       124          0          0          0          0       2525   list.o
       148          0          0          0          0     442176   main.o
       404         48          0          4          0       8808   port.o
        36          6          0          0          0        445   power.o
        36          8        236          0       1024        808   startup_stm32f103xb.o
       152         32          0          9          0       5321   stm32f1xx_hal.o
       272         22          0          0          0      28798   stm32f1xx_hal_cortex.o
       812         34          0          0          0       2692   stm32f1xx_hal_gpio.o
        84          8          0          0          0        906   stm32f1xx_hal_msp.o
      1748         98         18          0          0       6016   stm32f1xx_hal_rcc.o
      1360         32          0          0          0      10530   stm32f1xx_hal_tim.o
       248         14          0          0          0       2144   stm32f1xx_hal_tim_ex.o
       370          4          0          0          0       1788   stm32f1xx_hal_uart.o
        42          0          0          0          0       3127   stm32f1xx_it.o
         2          0         24          4          0       1139   system_stm32f1xx.o
      2108        284          0         64        200      27318   tasks.o
      1160         74          0          0        288       4875   tim.o
       188         22          0          0         72       1686   usart.o

    ----------------------------------------------------------------------
     10294        832        312        188      18996     899879   Object Totals
         0          0         32          0          0          0   (incl. Generated)
        18          0          2          3          4          0   (incl. Padding)

    ----------------------------------------------------------------------

      Code (inc. data)   RO Data    RW Data    ZI Data      Debug   Library Member Name

         0          0          0          0          0          0   entry.o
         0          0          0          0          0          0   entry10a.o
         0          0          0          0          0          0   entry11a.o
         8          4          0          0          0          0   entry2.o
         4          0          0          0          0          0   entry5.o
         0          0          0          0          0          0   entry7b.o
         0          0          0          0          0          0   entry8b.o
         8          4          0          0          0          0   entry9a.o
        30          0          0          0          0          0   handlers.o
        36          8          0          0          0         68   init.o
        36          0          0          0          0        108   memseta.o

    ----------------------------------------------------------------------
       122         16          0          0          0        176   Library Totals
         0          0          0          0          0          0   (incl. Padding)

    ----------------------------------------------------------------------

      Code (inc. data)   RO Data    RW Data    ZI Data      Debug   Library Name

       122         16          0          0          0        176   mc_w.l

    ----------------------------------------------------------------------
       122         16          0          0          0        176   Library Totals

    ----------------------------------------------------------------------

==============================================================================


      Code (inc. data)   RO Data    RW Data    ZI Data      Debug   

     10416        848        312        188      18996     895475   Grand Totals
     10416        848        312        188      18996     895475   ELF Image Totals
     10416        848        312        188          0          0   ROM Totals

==============================================================================

    Total RO  Size (Code + RO Data)                10728 (  10.48kB)
    Total RW  Size (RW Data + ZI Data)             19184 (  18.73kB)
    Total ROM Size (Code + RO Data + RW Data)      10916 (  10.66kB)

==============================================================================

